1	d228	e221	f161
3	d207	e246	f161
5	d362	e381	f267
7	d134	e181	f299
9	d113	e315	f158
11	d279	e154	f152
13	d298	e382	f116
15	d122	e348	f345
17	d230	e272	f194
19	d303	e163	f132
21	d124	e101	f223
23	d220	e374	f388
25	d111	e184	f211
27	d357	e333	f216
29	d296	e306	f315
31	d212	e374	f176
33	d277	e199	f194
35	d336	e190	f283
37	d124	e147	f197
39	d127	e179	f115
41	d212	e177	f378
43	d236	e254	f125
45	d299	e341	f306
47	d305	e343	f108
49	d156	e181	f373
51	d206	e147	f129
53	d364	e161	f217
55	d200	e160	f146
57	d170	e383	f385
59	d267	e125	f210
61	d115	e335	f164
63	d341	e142	f273
65	d141	e250	f175
67	d297	e144	f243
69	d257	e192	f180
71	d243	e203	f353
73	d162	e143	f112
75	d169	e312	f133
77	d257	e253	f367
79	d284	e283	f361
81	d307	e319	f167
83	d177	e163	f244
85	d145	e312	f248
87	d125	e182	f397
89	d344	e285	f150
91	d249	e281	f196
93	d139	e334	f184
95	d163	e218	f371
97	d208	e179	f280
99	d378	e331	f276
101	d108	e270	f303
103	d190	e137	f339
105	d160	e201	f236
107	d280	e321	f142
109	d378	e324	f295
111	d152	e171	f162
113	d240	e159	f126
115	d393	e142	f186
117	d149	e102	f287
119	d272	e124	f119
121	d286	e322	f101
123	d210	e207	f191
125	d382	e377	f234
127	d261	e142	f388
129	d202	e282	f231
131	d127	e193	f225
133	d185	e201	f166
135	d150	e294	f241
137	d360	e130	f377
139	d349	e349	f324
141	d370	e185	f145
143	d255	e114	f198
145	d330	e150	f177
147	d367	e243	f193
149	d352	e342	f326
151	d210	e184	f129
153	d317	e284	f229
155	d205	e395	f136
157	d120	e164	f193
159	d310	e377	f316
161	d204	e392	f387
163	d367	e214	f352
165	d115	e118	f117
167	d200	e105	f127
169	d345	e328	f179
171	d156	e257	f393
173	d381	e278	f377
175	d301	e158	f338
177	d373	e109	f203
179	d289	e392	f375
181	d385	e274	f239
183	d189	e105	f394
185	d200	e300	f199
187	d398	e225	f207
189	d339	e366	f269
191	d266	e340	f134
193	d324	e254	f386
195	d280	e287	f249
197	d234	e321	f281
199	d169	e209	f262
201	d113	e343	f318
203	d277	e134	f114
205	d341	e149	f195
207	d387	e331	f347
209	d333	e208	f173
211	d223	e273	f239
213	d177	e327	f206
215	d296	e106	f347
217	d373	e186	f399
219	d283	e140	f244
221	d379	e138	f365
223	d145	e379	f142
225	d178	e119	f383
227	d190	e135	f151
229	d150	e133	f370
231	d171	e182	f137
233	d264	e302	f103
235	d161	e194	f188
237	d189	e138	f354
239	d317	e308	f172
241	d337	e296	f312
243	d103	e323	f108
245	d327	e145	f292
247	d367	e310	f345
249	d170	e372	f213
251	d171	e136	f132
253	d216	e191	f297
255	d292	e175	f362
257	d209	e264	f151
259	d313	e102	f362
261	d194	e231	f176
263	d123	e147	f346
265	d280	e192	f254
267	d116	e122	f188
269	d226	e245	f211
271	d120	e204	f253
273	d356	e162	f102
275	d186	e304	f265
277	d131	e110	f220
279	d115	e203	f299
281	d230	e306	f234
283	d241	e277	f335
285	d154	e350	f320
287	d162	e153	f258
289	d370	e255	f273
291	d390	e362	f380
293	d355	e302	f101
295	d150	e190	f224
297	d140	e132	f375
299	d235	e259	f275
301	d330	e184	f260
303	d172	e269	f303
305	d143	e212	f196
307	d183	e284	f392
309	d339	e271	f175
311	d326	e284	f384
313	d112	e388	f375
315	d171	e249	f140
317	d163	e309	f194
319	d380	e249	f343
321	d376	e308	f129
323	d383	e356	f256
325	d380	e225	f369
327	d390	e175	f281
329	d340	e210	f310
331	d302	e130	f191
333	d371	e138	f146
335	d360	e168	f327
337	d195	e198	f143
339	d289	e164	f292
341	d390	e339	f121
343	d122	e254	f105
345	d253	e186	f356
347	d329	e234	f361
349	d177	e243	f280
351	d304	e342	f296
353	d319	e337	f229
355	d399	e138	f118
357	d278	e148	f253
359	d334	e106	f167
361	d103	e186	f213
363	d344	e274	f281
365	d373	e169	f128
367	d205	e341	f102
369	d381	e114	f352
371	d324	e204	f108
373	d250	e286	f395
375	d118	e128	f366
377	d324	e137	f302
379	d103	e127	f274
381	d339	e362	f195
383	d164	e136	f342
385	d169	e328	f140
387	d383	e322	f338
389	d124	e399	f335
391	d356	e128	f308
393	d302	e153	f208
395	d251	e185	f218
397	d190	e205	f156
399	d165	e241	f357
401	d175	e394	f127
403	d194	e288	f184
405	d119	e146	f395
407	d237	e288	f252
409	d383	e162	f150
411	d112	e305	f239
413	d128	e166	f395
415	d126	e148	f171
417	d162	e127	f111
419	d346	e269	f225
421	d130	e190	f223
423	d217	e163	f286
425	d369	e175	f321
427	d310	e316	f352
429	d332	e371	f219
431	d105	e328	f102
433	d130	e269	f254
435	d342	e233	f299
437	d301	e362	f239
439	d312	e383	f228
441	d319	e116	f145
443	d271	e361	f189
445	d226	e309	f383
447	d271	e364	f312
449	d117	e240	f208
451	d276	e264	f103
453	d287	e148	f361
455	d348	e173	f194
457	d216	e145	f215
459	d135	e289	f140
461	d387	e212	f106
463	d138	e328	f399
465	d110	e149	f116
467	d196	e399	f116
469	d384	e304	f328
471	d280	e368	f217
473	d393	e222	f132
475	d189	e273	f364
477	d212	e108	f380
479	d346	e279	f204
481	d173	e205	f331
483	d187	e284	f268
485	d133	e336	f326
487	d116	e313	f374
489	d286	e342	f202
491	d157	e165	f207
493	d240	e100	f146
495	d206	e364	f268
497	d280	e361	f193
499	d195	e216	f305
501	d344	e299	f246
503	d203	e219	f374
505	d135	e249	f316
507	d121	e196	f239
509	d247	e374	f116
511	d142	e184	f201
513	d291	e252	f359
515	d308	e152	f297
517	d386	e103	f295
519	d186	e232	f233
521	d397	e209	f232
523	d334	e347	f217
525	d366	e379	f369
527	d367	e178	f142
529	d355	e112	f396
531	d259	e364	f102
533	d361	e177	f248
535	d128	e272	f195
537	d364	e339	f278
539	d190	e241	f227
541	d230	e159	f230
543	d188	e321	f357
545	d366	e173	f165
547	d355	e303	f342
549	d237	e387	f324
551	d280	e359	f232
553	d304	e105	f343
555	d357	e111	f216
557	d360	e390	f345
559	d211	e316	f358
561	d168	e275	f254
563	d287	e152	f399
565	d140	e109	f107
567	d127	e389	f235
569	d154	e277	f256
571	d212	e240	f190
573	d354	e261	f107
575	d304	e187	f119
577	d313	e244	f103
579	d104	e327	f118
581	d143	e165	f388
583	d240	e247	f300
585	d111	e294	f287
587	d219	e212	f225
589	d271	e382	f298
591	d193	e335	f397
593	d361	e358	f300
595	d226	e329	f239
597	d211	e396	f131
599	d268	e130	f114
601	d228	e375	f128
603	d174	e169	f209
605	d194	e149	f389
607	d221	e198	f138
609	d246	e305	f389
611	d251	e147	f390
613	d165	e279	f119
615	d181	e178	f268
617	d222	e283	f343
619	d119	e383	f232
621	d356	e169	f265
623	d363	e228	f226
625	d304	e307	f279
627	d103	e119	f223
629	d322	e189	f288
631	d315	e132	f379
633	d363	e242	f140
635	d394	e141	f133
637	d169	e215	f196
639	d151	e189	f181
641	d259	e291	f165
643	d175	e342	f125
645	d303	e327	f367
647	d227	e204	f142
649	d225	e212	f114
651	d351	e127	f109
653	d135	e392	f258
655	d152	e354	f303
657	d143	e285	f341
659	d372	e210	f161
661	d387	e365	f339
663	d399	e262	f116
665	d160	e235	f225
667	d196	e297	f343
669	d219	e316	f339
671	d275	e371	f111
673	d203	e382	f398
675	d308	e264	f358
677	d296	e247	f216
679	d218	e244	f132
681	d206	e161	f373
683	d226	e303	f336
685	d310	e118	f116
687	d286	e200	f346
689	d169	e322	f121
691	d230	e161	f209
693	d121	e164	f270
695	d346	e346	f311
697	d234	e248	f181
699	d239	e183	f163
701	d320	e131	f324
703	d248	e320	f350
705	d187	e316	f320
707	d257	e147	f208
709	d347	e128	f319
711	d360	e249	f144
713	d375	e222	f210
715	d352	e158	f261
717	d374	e366	f332
719	d119	e127	f257
721	d182	e271	f177
723	d100	e202	f224
725	d158	e347	f298
727	d284	e175	f115
729	d119	e279	f334
731	d116	e228	f152
733	d383	e315	f381
735	d303	e276	f379
737	d165	e173	f250
739	d193	e274	f217
741	d333	e241	f178
743	d351	e133	f100
745	d251	e319	f391
747	d286	e115	f264
749	d286	e278	f277
751	d335	e395	f126
753	d263	e385	f130
755	d128	e179	f259
757	d154	e275	f291
759	d343	e380	f117
761	d356	e352	f231
763	d231	e198	f257
765	d373	e367	f273
767	d273	e328	f370
769	d170	e362	f199
771	d363	e188	f300
773	d196	e140	f389
775	d188	e295	f296
777	d355	e385	f134
779	d366	e215	f112
781	d185	e241	f382
783	d331	e398	f372
785	d390	e170	f240
787	d211	e337	f161
789	d227	e174	f202
791	d187	e257	f129
793	d192	e204	f246
795	d329	e175	f183
797	d125	e331	f284
799	d177	e178	f242
1001	d296	e173	f504
1003	d233	e272	f504
1005	d219	e277	f504
1007	d355	e234	f504
1009	d195	e154	f504
1011	d332	e307	f504
1013	d351	e193	f504
1015	d271	e189	f504
1017	d174	e129	f504
1019	d330	e183	f504
1021	d306	e270	f504
1023	d334	e326	f504
1025	d329	e321	f504
1027	d110	e392	f504
1029	d398	e211	f504
1031	d225	e306	f504
1033	d188	e172	f504
1035	d209	e260	f504
1037	d348	e378	f504
1039	d202	e367	f504
1041	d258	e264	f504
1043	d351	e340	f504
1045	d183	e264	f504
1047	d247	e368	f504
1049	d222	e253	f504
1051	d247	e178	f504
1053	d345	e397	f504
1055	d366	e385	f504
1057	d333	e214	f504
1059	d178	e146	f504
1061	d379	e390	f504
1063	d357	e154	f504
1065	d210	e140	f504
1067	d258	e351	f504
1069	d147	e349	f504
1071	d380	e305	f504
1073	d263	e352	f504
1075	d390	e237	f504
1077	d280	e390	f504
1079	d145	e372	f504
1081	d319	e155	f504
1083	d208	e129	f504
1085	d174	e291	f504
1087	d355	e378	f504
1089	d394	e363	f504
1091	d185	e336	f504
1093	d114	e216	f504
1095	d206	e149	f504
1097	d107	e324	f504
1099	d108	e383	f504
1101	d200	e120	f504
1103	d271	e272	f504
1105	d253	e131	f504
1107	d275	e206	f504
1109	d346	e190	f504
1111	d338	e376	f504
1113	d314	e340	f504
1115	d389	e397	f504
1117	d218	e301	f504
1119	d169	e386	f504
1121	d398	e138	f504
1123	d364	e252	f504
1125	d378	e262	f504
1127	d331	e212	f504
1129	d346	e307	f504
1131	d364	e201	f504
1133	d174	e262	f504
1135	d121	e177	f504
1137	d115	e116	f504
1139	d396	e357	f504
1141	d265	e124	f504
1143	d362	e281	f504
1145	d262	e282	f504
1147	d257	e205	f504
1149	d340	e169	f504
1151	d240	e157	f504
1153	d107	e234	f504
1155	d245	e309	f504
1157	d358	e289	f504
1159	d258	e138	f504
1161	d217	e107	f504
1163	d159	e143	f504
1165	d120	e243	f504
1167	d142	e326	f504
1169	d235	e161	f504
1171	d296	e331	f504
1173	d349	e107	f504
1175	d288	e214	f504
1177	d280	e274	f504
1179	d288	e320	f504
1181	d162	e199	f504
1183	d115	e241	f504
1185	d374	e313	f504
1187	d380	e236	f504
1189	d272	e214	f504
1191	d312	e315	f504
1193	d117	e224	f504
1195	d372	e161	f504
1197	d301	e368	f504
1199	d258	e214	f504
2000	d112	e295	f203
2001	d196	e380	f315
2002	d111	e235	f341
2003	d348	e211	f177
2004	d154	e399	f103
2005	d267	e219	f288
2006	d230	e234	f110
2007	d220	e271	f250
2008	d315	e238	f303
2009	d169	e190	f164
2010	d126	e352	f303
2011	d201	e379	f287
2012	d130	e262	f318
2013	d383	e346	f375
2014	d107	e250	f216
2015	d374	e191	f120
2016	d280	e246	f131
2017	d250	e258	f225
2018	d307	e178	f145
2019	d379	e399	f168
2020	d270	e269	f267
2021	d135	e312	f190
2022	d331	e292	f136
2023	d177	e264	f289
2024	d382	e183	f339
2025	d308	e159	f359
2026	d286	e335	f279
2027	d397	e386	f257
2028	d271	e226	f239
2029	d240	e201	f216
2030	d307	e314	f135
2031	d220	e297	f310
2032	d242	e386	f208
2033	d343	e241	f336
2034	d182	e391	f204
2035	d176	e305	f296
2036	d220	e323	f322
2037	d250	e240	f217
2038	d388	e188	f209
2039	d138	e374	f125
2040	d367	e234	f213
2041	d122	e328	f375
2042	d299	e181	f382
2043	d277	e223	f300
2044	d180	e219	f237
2045	d127	e151	f342
2046	d392	e321	f300
2047	d386	e120	f379
2048	d374	e163	f247
2049	d212	e316	f112
2050	d114	e189	f384
2051	d149	e180	f330
2052	d245	e182	f102
2053	d133	e283	f126
2054	d342	e307	f193
2055	d218	e253	f381
2056	d137	e141	f210
2057	d281	e161	f237
2058	d266	e324	f122
2059	d178	e105	f119
2060	d307	e365	f232
2061	d157	e211	f227
2062	d174	e137	f129
2063	d270	e147	f307
2064	d297	e163	f322
2065	d368	e228	f212
2066	d114	e390	f203
2067	d187	e287	f310
2068	d147	e133	f122
2069	d138	e169	f250
2070	d197	e129	f306
2071	d181	e260	f104
2072	d216	e226	f209
2073	d222	e357	f145
2074	d193	e358	f177
2075	d295	e208	f250
2076	d384	e311	f144
2077	d238	e101	f261
2078	d385	e259	f141
2079	d374	e387	f284
2080	d196	e111	f118
2081	d293	e251	f140
2082	d368	e102	f172
2083	d230	e181	f221
2084	d204	e307	f227
2085	d361	e382	f293
2086	d251	e279	f289
2087	d355	e235	f318
2088	d217	e175	f244
2089	d168	e197	f185
2090	d175	e111	f307
2091	d219	e184	f279
2092	d160	e149	f336
2093	d187	e163	f349
2094	d284	e294	f221
2095	d363	e123	f286
2096	d152	e280	f224
2097	d207	e388	f220
2098	d314	e235	f261
2099	d321	e286	f304
2100	d210	e163	f398
2101	d304	e338	f253
2102	d177	e313	f244
2103	d343	e222	f250
2104	d143	e193	f278
2105	d388	e290	f340
2106	d218	e104	f106
2107	d345	e289	f359
2108	d205	e348	f313
2109	d304	e117	f362
2110	d121	e245	f369
2111	d392	e185	f266
2112	d382	e129	f303
2113	d327	e191	f280
2114	d123	e132	f143
2115	d186	e230	f392
2116	d350	e374	f323
2117	d201	e311	f181
2118	d106	e398	f212
2119	d117	e218	f226
2120	d157	e391	f138
2121	d119	e199	f101
2122	d193	e329	f210
2123	d149	e245	f275
2124	d157	e390	f312
2125	d288	e345	f216
2126	d330	e393	f150
2127	d280	e156	f127
2128	d177	e231	f308
2129	d130	e125	f314
2130	d342	e334	f123
2131	d248	e164	f226
2132	d163	e300	f185
2133	d182	e356	f246
2134	d189	e161	f349
2135	d364	e200	f158
2136	d165	e201	f154
2137	d142	e349	f356
2138	d336	e368	f320
2139	d388	e397	f156
2140	d163	e167	f382
2141	d214	e247	f294
2142	d236	e119	f243
2143	d269	e144	f223
2144	d249	e267	f379
2145	d356	e335	f186
2146	d317	e329	f209
2147	d166	e270	f119
2148	d352	e185	f299
2149	d108	e133	f288
2150	d353	e103	f387
2151	d358	e365	f141
2152	d241	e273	f325
2153	d356	e258	f120
2154	d363	e131	f345
2155	d211	e329	f292
2156	d301	e125	f115
2157	d316	e320	f320
2158	d127	e345	f149
2159	d180	e176	f283
2160	d191	e368	f273
2161	d376	e224	f148
2162	d205	e194	f191
2163	d181	e237	f141
2164	d123	e306	f201
2165	d284	e249	f253
2166	d334	e288	f294
2167	d100	e275	f370
2168	d392	e179	f164
2169	d387	e260	f396
2170	d118	e218	f311
2171	d225	e230	f229
2172	d215	e105	f275
2173	d275	e186	f122
2174	d366	e356	f390
2175	d369	e242	f173
2176	d285	e293	f382
2177	d348	e237	f347
2178	d150	e107	f304
2179	d164	e142	f279
2180	d235	e264	f297
2181	d151	e246	f254
2182	d105	e315	f146
2183	d354	e293	f393
2184	d142	e335	f127
2185	d118	e100	f397
2186	d151	e105	f251
2187	d201	e326	f307
2188	d207	e211	f146
2189	d247	e205	f301
2190	d115	e194	f297
2191	d275	e342	f346
2192	d190	e107	f121
2193	d312	e341	f213
2194	d355	e284	f391
2195	d275	e332	f215
2196	d312	e380	f130
2197	d156	e209	f372
2198	d355	e207	f389
2199	d250	e280	f290
