1	d228	e221	f161
3	d207	e246	f161
5	d362	e381	f267
7	d134	e181	f299
9	d113	e315	f158
11	d279	e154	f152
13	d298	e382	f116
15	d122	e348	f345
17	d230	e272	f194
19	d303	e163	f132
21	d124	e101	f223
23	d220	e374	f388
25	d111	e184	f211
27	d357	e333	f216
29	d296	e306	f315
31	d212	e374	f176
33	d277	e199	f194
35	d336	e190	f283
37	d124	e147	f197
39	d127	e179	f115
41	d212	e177	f378
43	d236	e254	f125
45	d299	e341	f306
47	d305	e343	f108
49	d156	e181	f373
51	d206	e147	f129
53	d364	e161	f217
55	d200	e160	f146
57	d170	e383	f385
59	d267	e125	f210
61	d115	e335	f164
63	d341	e142	f273
65	d141	e250	f175
67	d297	e144	f243
69	d257	e192	f180
71	d243	e203	f353
73	d162	e143	f112
75	d169	e312	f133
77	d257	e253	f367
79	d284	e283	f361
81	d307	e319	f167
83	d177	e163	f244
85	d145	e312	f248
87	d125	e182	f397
89	d344	e285	f150
91	d249	e281	f196
93	d139	e334	f184
95	d163	e218	f371
97	d208	e179	f280
99	d378	e331	f276
101	d108	e270	f303
103	d190	e137	f339
105	d160	e201	f236
107	d280	e321	f142
109	d378	e324	f295
111	d152	e171	f162
113	d240	e159	f126
115	d393	e142	f186
117	d149	e102	f287
119	d272	e124	f119
121	d286	e322	f101
123	d210	e207	f191
125	d382	e377	f234
127	d261	e142	f388
129	d202	e282	f231
131	d127	e193	f225
133	d185	e201	f166
135	d150	e294	f241
137	d360	e130	f377
139	d349	e349	f324
141	d370	e185	f145
143	d255	e114	f198
145	d330	e150	f177
147	d367	e243	f193
149	d352	e342	f326
151	d210	e184	f129
153	d317	e284	f229
155	d205	e395	f136
157	d120	e164	f193
159	d310	e377	f316
161	d204	e392	f387
163	d367	e214	f352
165	d115	e118	f117
167	d200	e105	f127
169	d345	e328	f179
171	d156	e257	f393
173	d381	e278	f377
175	d301	e158	f338
177	d373	e109	f203
179	d289	e392	f375
181	d385	e274	f239
183	d189	e105	f394
185	d200	e300	f199
187	d398	e225	f207
189	d339	e366	f269
191	d266	e340	f134
193	d324	e254	f386
195	d280	e287	f249
197	d234	e321	f281
199	d169	e209	f262
201	d113	e343	f318
203	d277	e134	f114
205	d341	e149	f195
207	d387	e331	f347
209	d333	e208	f173
211	d223	e273	f239
213	d177	e327	f206
215	d296	e106	f347
217	d373	e186	f399
219	d283	e140	f244
221	d379	e138	f365
223	d145	e379	f142
225	d178	e119	f383
227	d190	e135	f151
229	d150	e133	f370
231	d171	e182	f137
233	d264	e302	f103
235	d161	e194	f188
237	d189	e138	f354
239	d317	e308	f172
241	d337	e296	f312
243	d103	e323	f108
245	d327	e145	f292
247	d367	e310	f345
249	d170	e372	f213
251	d171	e136	f132
253	d216	e191	f297
255	d292	e175	f362
257	d209	e264	f151
259	d313	e102	f362
261	d194	e231	f176
263	d123	e147	f346
265	d280	e192	f254
267	d116	e122	f188
269	d226	e245	f211
271	d120	e204	f253
273	d356	e162	f102
275	d186	e304	f265
277	d131	e110	f220
279	d115	e203	f299
281	d230	e306	f234
283	d241	e277	f335
285	d154	e350	f320
287	d162	e153	f258
289	d370	e255	f273
291	d390	e362	f380
293	d355	e302	f101
295	d150	e190	f224
297	d140	e132	f375
299	d235	e259	f275
301	d330	e184	f260
303	d172	e269	f303
305	d143	e212	f196
307	d183	e284	f392
309	d339	e271	f175
311	d326	e284	f384
313	d112	e388	f375
315	d171	e249	f140
317	d163	e309	f194
319	d380	e249	f343
321	d376	e308	f129
323	d383	e356	f256
325	d380	e225	f369
327	d390	e175	f281
329	d340	e210	f310
331	d302	e130	f191
333	d371	e138	f146
335	d360	e168	f327
337	d195	e198	f143
339	d289	e164	f292
341	d390	e339	f121
343	d122	e254	f105
345	d253	e186	f356
347	d329	e234	f361
349	d177	e243	f280
351	d304	e342	f296
353	d319	e337	f229
355	d399	e138	f118
357	d278	e148	f253
359	d334	e106	f167
361	d103	e186	f213
363	d344	e274	f281
365	d373	e169	f128
367	d205	e341	f102
369	d381	e114	f352
371	d324	e204	f108
373	d250	e286	f395
375	d118	e128	f366
377	d324	e137	f302
379	d103	e127	f274
381	d339	e362	f195
383	d164	e136	f342
385	d169	e328	f140
387	d383	e322	f338
389	d124	e399	f335
391	d356	e128	f308
393	d302	e153	f208
395	d251	e185	f218
397	d190	e205	f156
399	d165	e241	f357
401	d175	e394	f127
403	d194	e288	f184
405	d119	e146	f395
407	d237	e288	f252
409	d383	e162	f150
411	d112	e305	f239
413	d128	e166	f395
415	d126	e148	f171
417	d162	e127	f111
419	d346	e269	f225
421	d130	e190	f223
423	d217	e163	f286
425	d369	e175	f321
427	d310	e316	f352
429	d332	e371	f219
431	d105	e328	f102
433	d130	e269	f254
435	d342	e233	f299
437	d301	e362	f239
439	d312	e383	f228
441	d319	e116	f145
443	d271	e361	f189
445	d226	e309	f383
447	d271	e364	f312
449	d117	e240	f208
451	d276	e264	f103
453	d287	e148	f361
455	d348	e173	f194
457	d216	e145	f215
459	d135	e289	f140
461	d387	e212	f106
463	d138	e328	f399
465	d110	e149	f116
467	d196	e399	f116
469	d384	e304	f328
471	d280	e368	f217
473	d393	e222	f132
475	d189	e273	f364
477	d212	e108	f380
479	d346	e279	f204
481	d173	e205	f331
483	d187	e284	f268
485	d133	e336	f326
487	d116	e313	f374
489	d286	e342	f202
491	d157	e165	f207
493	d240	e100	f146
495	d206	e364	f268
497	d280	e361	f193
499	d195	e216	f305
501	d344	e299	f246
503	d203	e219	f374
505	d135	e249	f316
507	d121	e196	f239
509	d247	e374	f116
511	d142	e184	f201
513	d291	e252	f359
515	d308	e152	f297
517	d386	e103	f295
519	d186	e232	f233
521	d397	e209	f232
523	d334	e347	f217
525	d366	e379	f369
527	d367	e178	f142
529	d355	e112	f396
531	d259	e364	f102
533	d361	e177	f248
535	d128	e272	f195
537	d364	e339	f278
539	d190	e241	f227
541	d230	e159	f230
543	d188	e321	f357
545	d366	e173	f165
547	d355	e303	f342
549	d237	e387	f324
551	d280	e359	f232
553	d304	e105	f343
555	d357	e111	f216
557	d360	e390	f345
559	d211	e316	f358
561	d168	e275	f254
563	d287	e152	f399
565	d140	e109	f107
567	d127	e389	f235
569	d154	e277	f256
571	d212	e240	f190
573	d354	e261	f107
575	d304	e187	f119
577	d313	e244	f103
579	d104	e327	f118
581	d143	e165	f388
583	d240	e247	f300
585	d111	e294	f287
587	d219	e212	f225
589	d271	e382	f298
591	d193	e335	f397
593	d361	e358	f300
595	d226	e329	f239
597	d211	e396	f131
599	d268	e130	f114
601	d228	e375	f128
603	d174	e169	f209
605	d194	e149	f389
607	d221	e198	f138
609	d246	e305	f389
611	d251	e147	f390
613	d165	e279	f119
615	d181	e178	f268
617	d222	e283	f343
619	d119	e383	f232
621	d356	e169	f265
623	d363	e228	f226
625	d304	e307	f279
627	d103	e119	f223
629	d322	e189	f288
631	d315	e132	f379
633	d363	e242	f140
635	d394	e141	f133
637	d169	e215	f196
639	d151	e189	f181
641	d259	e291	f165
643	d175	e342	f125
645	d303	e327	f367
647	d227	e204	f142
649	d225	e212	f114
651	d351	e127	f109
653	d135	e392	f258
655	d152	e354	f303
657	d143	e285	f341
659	d372	e210	f161
661	d387	e365	f339
663	d399	e262	f116
665	d160	e235	f225
667	d196	e297	f343
669	d219	e316	f339
671	d275	e371	f111
673	d203	e382	f398
675	d308	e264	f358
677	d296	e247	f216
679	d218	e244	f132
681	d206	e161	f373
683	d226	e303	f336
685	d310	e118	f116
687	d286	e200	f346
689	d169	e322	f121
691	d230	e161	f209
693	d121	e164	f270
695	d346	e346	f311
697	d234	e248	f181
699	d239	e183	f163
701	d320	e131	f324
703	d248	e320	f350
705	d187	e316	f320
707	d257	e147	f208
709	d347	e128	f319
711	d360	e249	f144
713	d375	e222	f210
715	d352	e158	f261
717	d374	e366	f332
719	d119	e127	f257
721	d182	e271	f177
723	d100	e202	f224
725	d158	e347	f298
727	d284	e175	f115
729	d119	e279	f334
731	d116	e228	f152
733	d383	e315	f381
735	d303	e276	f379
737	d165	e173	f250
739	d193	e274	f217
741	d333	e241	f178
743	d351	e133	f100
745	d251	e319	f391
747	d286	e115	f264
749	d286	e278	f277
751	d335	e395	f126
753	d263	e385	f130
755	d128	e179	f259
757	d154	e275	f291
759	d343	e380	f117
761	d356	e352	f231
763	d231	e198	f257
765	d373	e367	f273
767	d273	e328	f370
769	d170	e362	f199
771	d363	e188	f300
773	d196	e140	f389
775	d188	e295	f296
777	d355	e385	f134
779	d366	e215	f112
781	d185	e241	f382
783	d331	e398	f372
785	d390	e170	f240
787	d211	e337	f161
789	d227	e174	f202
791	d187	e257	f129
793	d192	e204	f246
795	d329	e175	f183
797	d125	e331	f284
799	d177	e178	f242
1001	d296	e173	f504
1003	d233	e272	f504
1005	d219	e277	f504
1007	d355	e234	f504
1009	d195	e154	f504
1011	d332	e307	f504
1013	d351	e193	f504
1015	d271	e189	f504
1017	d174	e129	f504
1019	d330	e183	f504
1021	d306	e270	f504
1023	d334	e326	f504
1025	d329	e321	f504
1027	d110	e392	f504
1029	d398	e211	f504
1031	d225	e306	f504
1033	d188	e172	f504
1035	d209	e260	f504
1037	d348	e378	f504
1039	d202	e367	f504
1041	d258	e264	f504
1043	d351	e340	f504
1045	d183	e264	f504
1047	d247	e368	f504
1049	d222	e253	f504
1051	d247	e178	f504
1053	d345	e397	f504
1055	d366	e385	f504
1057	d333	e214	f504
1059	d178	e146	f504
1061	d379	e390	f504
1063	d357	e154	f504
1065	d210	e140	f504
1067	d258	e351	f504
1069	d147	e349	f504
1071	d380	e305	f504
1073	d263	e352	f504
1075	d390	e237	f504
1077	d280	e390	f504
1079	d145	e372	f504
1081	d319	e155	f504
1083	d208	e129	f504
1085	d174	e291	f504
1087	d355	e378	f504
1089	d394	e363	f504
1091	d185	e336	f504
1093	d114	e216	f504
1095	d206	e149	f504
1097	d107	e324	f504
1099	d108	e383	f504
1101	d200	e120	f504
1103	d271	e272	f504
1105	d253	e131	f504
1107	d275	e206	f504
1109	d346	e190	f504
1111	d338	e376	f504
1113	d314	e340	f504
1115	d389	e397	f504
1117	d218	e301	f504
1119	d169	e386	f504
1121	d398	e138	f504
1123	d364	e252	f504
1125	d378	e262	f504
1127	d331	e212	f504
1129	d346	e307	f504
1131	d364	e201	f504
1133	d174	e262	f504
1135	d121	e177	f504
1137	d115	e116	f504
1139	d396	e357	f504
1141	d265	e124	f504
1143	d362	e281	f504
1145	d262	e282	f504
1147	d257	e205	f504
1149	d340	e169	f504
1151	d240	e157	f504
1153	d107	e234	f504
1155	d245	e309	f504
1157	d358	e289	f504
1159	d258	e138	f504
1161	d217	e107	f504
1163	d159	e143	f504
1165	d120	e243	f504
1167	d142	e326	f504
1169	d235	e161	f504
1171	d296	e331	f504
1173	d349	e107	f504
1175	d288	e214	f504
1177	d280	e274	f504
1179	d288	e320	f504
1181	d162	e199	f504
1183	d115	e241	f504
1185	d374	e313	f504
1187	d380	e236	f504
1189	d272	e214	f504
1191	d312	e315	f504
1193	d117	e224	f504
1195	d372	e161	f504
1197	d301	e368	f504
1199	d258	e214	f504
2000	d316	e122	f398
2001	d153	e205	f105
2002	d374	e317	f171
2003	d131	e145	f257
2004	d331	e162	f378
2005	d387	e186	f257
2006	d329	e111	f245
2007	d169	e153	f355
2008	d150	e201	f281
2009	d192	e254	f142
2010	d192	e299	f329
2011	d348	e238	f342
2012	d373	e375	f274
2013	d167	e304	f335
2014	d141	e210	f341
2015	d211	e232	f354
2016	d349	e364	f279
2017	d291	e291	f201
2018	d339	e131	f232
2019	d207	e344	f196
2020	d218	e214	f135
2021	d283	e271	f203
2022	d199	e374	f126
2023	d139	e329	f323
2024	d262	e322	f220
2025	d177	e184	f217
2026	d239	e243	f331
2027	d126	e326	f361
2028	d356	e236	f368
2029	d243	e255	f119
2030	d157	e309	f130
2031	d244	e191	f291
2032	d168	e320	f323
2033	d329	e379	f264
2034	d195	e341	f133
2035	d311	e392	f254
2036	d202	e174	f207
2037	d303	e228	f208
2038	d239	e201	f255
2039	d160	e184	f347
2040	d331	e357	f324
2041	d365	e352	f156
2042	d138	e185	f321
2043	d307	e326	f265
2044	d395	e380	f351
2045	d371	e101	f158
2046	d294	e263	f286
2047	d111	e326	f344
2048	d121	e259	f133
2049	d142	e194	f329
2050	d260	e141	f139
2051	d320	e123	f202
2052	d197	e376	f392
2053	d335	e324	f106
2054	d186	e277	f230
2055	d193	e343	f192
2056	d294	e357	f168
2057	d294	e251	f242
2058	d184	e290	f295
2059	d212	e228	f123
2060	d302	e184	f124
2061	d249	e246	f371
2062	d357	e160	f191
2063	d204	e150	f353
2064	d125	e285	f123
2065	d141	e232	f253
2066	d366	e382	f314
2067	d395	e185	f146
2068	d131	e344	f104
2069	d128	e142	f342
2070	d257	e160	f322
2071	d348	e182	f249
2072	d338	e358	f200
2073	d237	e257	f120
2074	d135	e376	f264
2075	d330	e287	f260
2076	d394	e357	f104
2077	d155	e151	f352
2078	d202	e125	f354
2079	d158	e105	f219
2080	d152	e175	f299
2081	d278	e280	f253
2082	d144	e112	f106
2083	d381	e296	f320
2084	d214	e302	f200
2085	d203	e378	f301
2086	d285	e126	f236
2087	d217	e197	f303
2088	d267	e228	f150
2089	d305	e304	f270
2090	d395	e162	f287
2091	d182	e214	f335
2092	d341	e229	f233
2093	d104	e140	f357
2094	d384	e253	f238
2095	d156	e305	f152
2096	d103	e156	f350
2097	d183	e159	f230
2098	d381	e361	f135
2099	d202	e159	f391
2100	d312	e392	f311
2101	d130	e162	f349
2102	d271	e398	f324
2103	d102	e332	f152
2104	d169	e294	f358
2105	d145	e279	f340
2106	d210	e379	f237
2107	d388	e209	f124
2108	d192	e284	f109
2109	d226	e162	f268
2110	d227	e102	f166
2111	d300	e110	f230
2112	d224	e178	f301
2113	d176	e385	f198
2114	d290	e102	f195
2115	d140	e108	f175
2116	d305	e382	f117
2117	d372	e358	f329
2118	d357	e251	f257
2119	d130	e167	f386
2120	d304	e354	f346
2121	d395	e125	f115
2122	d242	e381	f361
2123	d349	e337	f239
2124	d133	e394	f170
2125	d270	e182	f160
2126	d163	e304	f262
2127	d372	e350	f193
2128	d132	e112	f315
2129	d281	e235	f343
2130	d132	e336	f324
2131	d192	e386	f250
2132	d321	e310	f212
2133	d177	e332	f394
2134	d190	e110	f202
2135	d214	e222	f293
2136	d348	e292	f312
2137	d107	e255	f130
2138	d149	e260	f179
2139	d233	e148	f136
2140	d260	e399	f214
2141	d345	e279	f220
2142	d310	e150	f187
2143	d220	e219	f241
2144	d352	e209	f365
2145	d194	e264	f139
2146	d356	e222	f106
2147	d195	e231	f268
2148	d130	e314	f280
2149	d255	e337	f287
2150	d280	e133	f285
2151	d303	e131	f162
2152	d348	e388	f329
2153	d125	e382	f170
2154	d126	e193	f225
2155	d319	e206	f389
2156	d210	e308	f100
2157	d114	e369	f286
2158	d158	e217	f128
2159	d261	e256	f362
2160	d249	e151	f327
2161	d238	e358	f304
2162	d100	e343	f325
2163	d139	e378	f241
2164	d157	e320	f237
2165	d317	e135	f291
2166	d323	e259	f323
2167	d309	e344	f189
2168	d382	e355	f346
2169	d269	e173	f226
2170	d295	e101	f105
2171	d375	e284	f138
2172	d293	e278	f136
2173	d244	e391	f365
2174	d130	e187	f243
2175	d207	e187	f232
2176	d119	e262	f325
2177	d142	e154	f340
2178	d100	e374	f247
2179	d163	e287	f113
2180	d295	e128	f252
2181	d202	e269	f214
2182	d386	e103	f171
2183	d342	e120	f399
2184	d274	e352	f339
2185	d168	e124	f364
2186	d219	e213	f297
2187	d158	e333	f392
2188	d217	e102	f387
2189	d261	e166	f356
2190	d251	e187	f188
2191	d215	e104	f298
2192	d335	e288	f180
2193	d230	e157	f104
2194	d176	e229	f268
2195	d132	e314	f221
2196	d112	e332	f263
2197	d287	e201	f359
2198	d286	e148	f224
2199	d310	e316	f315
2200	d269	e237	f349
2201	d289	e397	f249
2202	d311	e151	f104
2203	d396	e110	f284
2204	d179	e392	f280
2205	d372	e240	f367
2206	d186	e101	f202
2207	d359	e388	f368
2208	d118	e266	f326
2209	d296	e105	f142
2210	d134	e294	f130
2211	d111	e129	f393
2212	d271	e148	f237
2213	d391	e286	f330
2214	d217	e191	f370
2215	d292	e364	f276
2216	d217	e134	f123
2217	d157	e190	f383
2218	d181	e240	f346
2219	d177	e386	f310
2220	d209	e301	f129
2221	d389	e335	f368
2222	d167	e212	f228
2223	d305	e380	f213
2224	d199	e196	f118
2225	d227	e310	f155
2226	d172	e109	f134
2227	d210	e187	f358
2228	d281	e394	f312
2229	d257	e189	f115
2230	d169	e113	f100
2231	d260	e266	f336
2232	d343	e161	f396
2233	d247	e124	f334
2234	d200	e206	f312
2235	d389	e116	f298
2236	d352	e244	f234
2237	d156	e280	f265
2238	d224	e159	f118
2239	d132	e161	f388
2240	d107	e340	f279
2241	d363	e199	f238
2242	d381	e250	f129
2243	d394	e318	f307
2244	d192	e396	f247
2245	d243	e347	f310
2246	d214	e269	f234
2247	d394	e202	f187
2248	d178	e258	f143
2249	d109	e375	f114
2250	d312	e359	f371
2251	d146	e338	f363
2252	d283	e216	f153
2253	d101	e159	f163
2254	d133	e201	f130
2255	d329	e121	f364
2256	d367	e113	f103
2257	d195	e297	f164
2258	d346	e160	f174
2259	d245	e181	f265
2260	d176	e356	f241
2261	d221	e164	f164
2262	d302	e216	f188
2263	d247	e386	f389
2264	d124	e273	f210
2265	d305	e253	f198
2266	d153	e290	f380
2267	d361	e264	f226
2268	d125	e224	f354
2269	d215	e338	f190
2270	d249	e188	f392
2271	d332	e324	f115
2272	d152	e185	f244
2273	d347	e166	f141
2274	d392	e169	f255
2275	d349	e196	f344
2276	d111	e117	f346
2277	d365	e384	f351
2278	d268	e313	f113
2279	d296	e390	f380
2280	d232	e365	f342
2281	d149	e160	f133
2282	d379	e263	f162
2283	d262	e101	f121
2284	d261	e258	f296
2285	d200	e200	f140
2286	d185	e200	f246
2287	d292	e192	f107
2288	d361	e109	f254
2289	d279	e149	f241
2290	d211	e241	f372
2291	d295	e168	f150
2292	d310	e195	f257
2293	d129	e386	f303
2294	d288	e108	f309
2295	d382	e110	f377
2296	d350	e283	f308
2297	d254	e235	f211
2298	d338	e127	f218
2299	d139	e259	f257
2300	d347	e193	f292
2301	d233	e206	f303
2302	d144	e207	f232
2303	d158	e366	f351
2304	d282	e212	f112
2305	d219	e194	f188
2306	d267	e113	f393
2307	d294	e192	f362
2308	d367	e388	f163
2309	d365	e276	f169
2310	d355	e179	f352
2311	d281	e291	f205
2312	d138	e335	f179
2313	d375	e188	f367
2314	d223	e225	f314
2315	d294	e352	f275
2316	d172	e208	f327
2317	d162	e268	f233
2318	d126	e341	f307
2319	d128	e382	f200
2320	d303	e289	f372
2321	d318	e240	f143
2322	d368	e305	f114
2323	d392	e139	f162
2324	d339	e319	f250
2325	d187	e150	f120
2326	d129	e314	f210
2327	d366	e137	f243
2328	d101	e302	f160
2329	d150	e136	f381
2330	d235	e200	f359
2331	d269	e321	f248
2332	d351	e351	f239
2333	d348	e388	f135
2334	d211	e254	f161
2335	d380	e163	f263
2336	d360	e309	f131
2337	d332	e306	f302
2338	d309	e116	f308
2339	d198	e320	f128
2340	d346	e238	f152
2341	d140	e164	f246
2342	d175	e125	f128
2343	d261	e110	f219
2344	d333	e383	f101
2345	d304	e321	f178
2346	d138	e109	f198
2347	d181	e214	f297
2348	d387	e162	f172
2349	d178	e251	f303
2350	d359	e168	f261
2351	d304	e281	f228
2352	d288	e109	f307
2353	d231	e361	f228
2354	d236	e300	f395
2355	d399	e147	f366
2356	d346	e317	f360
2357	d393	e295	f213
2358	d217	e303	f247
2359	d259	e313	f291
2360	d234	e308	f138
2361	d203	e310	f181
2362	d293	e316	f311
2363	d342	e286	f283
2364	d245	e216	f129
2365	d181	e255	f205
2366	d292	e392	f194
2367	d260	e100	f360
2368	d380	e137	f335
2369	d256	e285	f144
2370	d286	e373	f241
2371	d365	e348	f279
2372	d235	e296	f316
2373	d242	e268	f107
2374	d279	e156	f175
2375	d298	e102	f311
2376	d259	e102	f152
2377	d311	e254	f287
2378	d335	e323	f303
2379	d382	e142	f282
2380	d264	e309	f368
2381	d195	e289	f142
2382	d327	e263	f136
2383	d154	e112	f264
2384	d291	e272	f312
2385	d392	e372	f248
2386	d385	e194	f262
2387	d388	e264	f378
2388	d256	e101	f142
2389	d356	e204	f135
2390	d255	e303	f324
2391	d307	e196	f108
2392	d269	e111	f296
2393	d343	e267	f399
2394	d301	e160	f236
2395	d190	e133	f349
2396	d141	e207	f344
2397	d274	e343	f128
2398	d260	e274	f303
2399	d116	e168	f179
2400	d132	e104	f109
2401	d255	e365	f252
2402	d236	e387	f225
2403	d324	e271	f145
2404	d254	e357	f389
2405	d317	e296	f287
2406	d131	e169	f179
2407	d155	e120	f376
2408	d167	e398	f133
2409	d121	e318	f171
2410	d240	e150	f298
2411	d244	e228	f109
2412	d195	e230	f246
2413	d150	e296	f193
2414	d258	e131	f266
2415	d319	e165	f295
2416	d254	e231	f388
2417	d336	e318	f304
2418	d226	e185	f265
2419	d302	e344	f212
2420	d186	e101	f300
2421	d329	e287	f196
2422	d257	e183	f313
2423	d246	e337	f106
2424	d350	e188	f378
2425	d186	e100	f246
2426	d348	e195	f284
2427	d380	e168	f119
2428	d119	e211	f146
2429	d277	e369	f227
2430	d222	e170	f230
2431	d271	e175	f104
2432	d135	e327	f295
2433	d314	e360	f311
2434	d332	e386	f116
2435	d388	e334	f262
2436	d150	e117	f213
2437	d367	e234	f167
2438	d330	e381	f209
2439	d380	e113	f322
2440	d235	e185	f379
2441	d153	e310	f275
2442	d138	e161	f370
2443	d215	e341	f244
2444	d124	e350	f248
2445	d244	e233	f241
2446	d342	e164	f364
2447	d247	e325	f179
2448	d374	e395	f232
2449	d362	e137	f333
2450	d178	e256	f192
2451	d142	e194	f165
2452	d296	e111	f205
2453	d208	e221	f122
2454	d104	e181	f330
2455	d340	e182	f292
2456	d124	e271	f361
2457	d302	e258	f167
2458	d246	e250	f235
2459	d384	e244	f314
2460	d182	e266	f295
2461	d206	e197	f298
2462	d154	e153	f281
2463	d324	e150	f385
2464	d126	e297	f232
2465	d201	e108	f198
2466	d389	e254	f121
2467	d225	e190	f188
2468	d181	e325	f117
2469	d128	e202	f198
2470	d316	e281	f137
2471	d119	e249	f197
2472	d360	e336	f219
2473	d286	e177	f380
2474	d259	e197	f180
2475	d266	e203	f315
2476	d304	e214	f345
2477	d308	e313	f227
2478	d188	e177	f346
2479	d180	e164	f131
2480	d350	e299	f270
2481	d213	e137	f172
2482	d189	e311	f236
2483	d140	e262	f222
2484	d341	e296	f201
2485	d215	e227	f373
2486	d391	e236	f118
2487	d253	e131	f249
2488	d191	e178	f151
2489	d309	e262	f215
2490	d256	e319	f202
2491	d313	e197	f199
2492	d333	e124	f153
2493	d383	e233	f371
2494	d377	e168	f261
2495	d146	e385	f273
2496	d134	e225	f135
2497	d398	e298	f263
2498	d294	e185	f389
2499	d351	e155	f285
2500	d362	e176	f214
2501	d390	e176	f204
2502	d174	e307	f105
2503	d321	e241	f298
2504	d308	e300	f201
2505	d226	e332	f235
2506	d238	e160	f317
2507	d282	e212	f357
2508	d156	e340	f264
2509	d306	e177	f192
2510	d223	e117	f165
2511	d147	e119	f122
2512	d105	e159	f156
2513	d124	e127	f326
2514	d109	e134	f306
2515	d231	e374	f243
2516	d382	e216	f301
2517	d271	e243	f150
2518	d242	e288	f259
2519	d107	e112	f130
2520	d167	e208	f251
2521	d342	e301	f115
2522	d302	e342	f279
2523	d289	e174	f328
2524	d371	e146	f188
2525	d247	e134	f327
2526	d124	e201	f149
2527	d233	e312	f269
2528	d268	e387	f142
2529	d214	e214	f319
2530	d235	e174	f288
2531	d241	e379	f278
2532	d367	e216	f278
2533	d134	e149	f379
2534	d318	e132	f239
2535	d141	e272	f181
2536	d354	e317	f342
2537	d140	e311	f276
2538	d235	e315	f225
2539	d157	e215	f321
2540	d199	e327	f394
2541	d246	e101	f287
2542	d232	e256	f209
2543	d116	e239	f104
2544	d190	e177	f353
2545	d177	e159	f354
2546	d219	e389	f305
2547	d295	e260	f254
2548	d360	e323	f354
2549	d200	e125	f105
2550	d189	e369	f331
2551	d332	e184	f259
2552	d376	e151	f373
2553	d201	e361	f389
2554	d201	e137	f201
2555	d282	e221	f212
2556	d303	e362	f380
2557	d214	e222	f393
2558	d329	e308	f338
2559	d355	e129	f271
2560	d337	e180	f106
2561	d112	e319	f319
2562	d217	e356	f115
2563	d323	e196	f157
2564	d173	e186	f153
2565	d330	e138	f233
2566	d143	e327	f210
2567	d277	e217	f211
2568	d186	e247	f298
2569	d224	e399	f339
2570	d349	e196	f194
2571	d349	e157	f162
2572	d127	e342	f125
2573	d347	e390	f382
2574	d103	e190	f242
2575	d395	e296	f266
2576	d381	e269	f306
2577	d226	e337	f172
2578	d213	e261	f392
2579	d369	e377	f351
2580	d203	e144	f198
2581	d154	e138	f322
2582	d383	e257	f278
2583	d216	e123	f353
2584	d341	e112	f279
2585	d324	e184	f394
2586	d354	e387	f135
2587	d181	e202	f373
2588	d260	e263	f222
2589	d229	e221	f363
2590	d399	e339	f367
2591	d386	e178	f239
2592	d258	e377	f186
2593	d196	e217	f329
2594	d232	e371	f218
2595	d393	e253	f235
2596	d276	e172	f292
2597	d367	e146	f319
2598	d307	e375	f389
2599	d253	e281	f129
2600	d266	e217	f105
2601	d380	e388	f139
2602	d357	e163	f303
2603	d375	e140	f231
2604	d168	e270	f374
2605	d379	e288	f269
2606	d100	e146	f354
2607	d362	e245	f388
2608	d276	e327	f272
2609	d171	e271	f351
2610	d174	e383	f247
2611	d231	e193	f369
2612	d167	e162	f107
2613	d359	e137	f271
2614	d249	e396	f168
2615	d119	e221	f321
2616	d352	e279	f267
2617	d380	e162	f302
2618	d108	e353	f104
2619	d196	e137	f346
2620	d172	e198	f350
2621	d113	e130	f396
2622	d388	e121	f143
2623	d187	e236	f173
2624	d242	e201	f192
2625	d159	e372	f218
2626	d277	e207	f259
2627	d298	e212	f364
2628	d343	e324	f244
2629	d135	e215	f217
2630	d236	e389	f125
2631	d218	e341	f385
2632	d258	e131	f268
2633	d248	e222	f387
2634	d201	e105	f209
2635	d137	e162	f328
2636	d129	e297	f306
2637	d279	e191	f236
2638	d290	e150	f326
2639	d260	e245	f116
2640	d285	e170	f342
2641	d107	e244	f142
2642	d288	e383	f381
2643	d281	e209	f106
2644	d389	e365	f164
2645	d355	e144	f182
2646	d354	e128	f364
2647	d113	e102	f299
2648	d393	e157	f326
2649	d181	e398	f258
2650	d203	e339	f287
2651	d333	e320	f270
2652	d306	e394	f397
2653	d265	e143	f358
2654	d117	e161	f216
2655	d379	e124	f381
2656	d137	e369	f238
2657	d109	e191	f385
2658	d111	e386	f328
2659	d328	e399	f355
2660	d312	e183	f330
2661	d388	e236	f285
2662	d373	e296	f390
2663	d192	e355	f127
2664	d101	e240	f256
2665	d278	e178	f234
2666	d370	e106	f371
2667	d210	e265	f275
2668	d369	e241	f248
2669	d307	e269	f267
2670	d125	e188	f159
2671	d256	e346	f372
2672	d239	e174	f341
2673	d298	e174	f394
2674	d304	e374	f176
2675	d307	e297	f324
2676	d292	e344	f210
2677	d399	e108	f171
2678	d242	e195	f180
2679	d138	e258	f353
2680	d154	e159	f337
2681	d229	e210	f102
2682	d214	e353	f275
2683	d186	e205	f117
2684	d281	e367	f180
2685	d341	e154	f252
2686	d376	e256	f223
2687	d277	e169	f115
2688	d129	e193	f307
2689	d166	e348	f101
2690	d279	e274	f287
2691	d236	e198	f157
2692	d249	e111	f314
2693	d200	e130	f379
2694	d173	e118	f121
2695	d175	e174	f272
2696	d123	e399	f353
2697	d318	e210	f215
2698	d358	e396	f155
2699	d273	e324	f392
2700	d354	e333	f182
2701	d300	e322	f101
2702	d200	e272	f379
2703	d170	e196	f339
2704	d213	e161	f168
2705	d158	e358	f388
2706	d299	e179	f118
2707	d228	e346	f373
2708	d139	e354	f394
2709	d244	e170	f167
2710	d236	e232	f213
2711	d291	e267	f142
2712	d369	e159	f169
2713	d180	e376	f112
2714	d345	e102	f397
2715	d248	e106	f382
2716	d212	e399	f142
2717	d237	e302	f312
2718	d286	e155	f249
2719	d383	e185	f219
2720	d249	e354	f142
2721	d127	e316	f313
2722	d308	e277	f217
2723	d263	e345	f137
2724	d128	e180	f304
2725	d356	e240	f396
2726	d193	e177	f207
2727	d339	e154	f263
2728	d356	e243	f182
2729	d286	e242	f332
2730	d229	e187	f231
2731	d141	e195	f306
2732	d273	e390	f107
2733	d214	e147	f310
2734	d267	e372	f119
2735	d144	e157	f294
2736	d279	e316	f259
2737	d126	e362	f149
2738	d242	e126	f109
2739	d337	e320	f374
2740	d396	e157	f361
2741	d218	e225	f168
2742	d328	e108	f292
2743	d377	e287	f119
2744	d189	e159	f381
2745	d302	e258	f230
2746	d109	e124	f182
2747	d235	e391	f252
2748	d138	e270	f344
2749	d373	e206	f220
2750	d197	e216	f235
2751	d130	e172	f369
2752	d336	e369	f103
2753	d296	e394	f126
2754	d261	e363	f265
2755	d379	e323	f397
2756	d129	e382	f153
2757	d215	e397	f365
2758	d166	e132	f321
2759	d378	e254	f379
2760	d398	e259	f112
2761	d274	e106	f339
2762	d157	e240	f108
2763	d175	e152	f158
2764	d189	e306	f245
2765	d297	e130	f360
2766	d291	e133	f207
2767	d327	e118	f256
2768	d276	e327	f291
2769	d360	e189	f234
2770	d366	e214	f264
2771	d167	e229	f291
2772	d188	e295	f377
2773	d226	e298	f113
2774	d129	e340	f186
2775	d343	e279	f186
2776	d388	e112	f338
2777	d180	e214	f233
2778	d387	e340	f310
2779	d154	e185	f212
2780	d280	e321	f241
2781	d180	e314	f250
2782	d300	e200	f189
2783	d227	e205	f168
2784	d213	e263	f194
2785	d113	e392	f312
2786	d205	e389	f295
2787	d214	e388	f357
2788	d272	e337	f395
2789	d207	e118	f287
2790	d332	e147	f335
2791	d277	e252	f281
2792	d359	e250	f179
2793	d370	e216	f117
2794	d210	e358	f201
2795	d183	e219	f277
2796	d127	e131	f172
2797	d324	e142	f390
2798	d308	e156	f325
2799	d274	e397	f118
2800	d109	e394	f329
2801	d185	e247	f354
2802	d395	e195	f334
2803	d189	e288	f227
2804	d160	e180	f196
2805	d107	e292	f144
2806	d294	e303	f263
2807	d355	e334	f135
2808	d192	e245	f380
2809	d189	e309	f217
2810	d199	e381	f233
2811	d223	e131	f248
2812	d306	e336	f198
2813	d332	e179	f174
2814	d205	e315	f194
2815	d305	e222	f351
2816	d280	e330	f202
2817	d320	e244	f134
2818	d265	e304	f261
2819	d164	e212	f225
2820	d366	e133	f316
2821	d173	e148	f295
2822	d208	e108	f220
2823	d211	e218	f366
2824	d155	e327	f241
2825	d275	e133	f365
2826	d129	e207	f159
2827	d215	e157	f323
2828	d277	e245	f126
2829	d391	e308	f294
2830	d176	e392	f140
2831	d339	e399	f252
2832	d164	e119	f299
2833	d216	e124	f136
2834	d309	e392	f313
2835	d152	e334	f281
2836	d225	e105	f343
2837	d296	e155	f324
2838	d161	e165	f107
2839	d247	e277	f334
2840	d239	e314	f105
2841	d112	e158	f318
2842	d239	e241	f146
2843	d213	e252	f186
2844	d199	e336	f130
2845	d182	e396	f123
2846	d293	e271	f168
2847	d296	e381	f346
2848	d340	e180	f294
2849	d180	e206	f166
2850	d293	e275	f371
2851	d168	e253	f391
2852	d196	e354	f180
2853	d171	e137	f282
2854	d155	e269	f289
2855	d301	e250	f123
2856	d228	e378	f211
2857	d144	e257	f120
2858	d337	e287	f316
2859	d115	e195	f197
2860	d337	e259	f263
2861	d197	e195	f394
2862	d153	e321	f356
2863	d267	e168	f267
2864	d114	e116	f165
2865	d192	e173	f360
2866	d107	e384	f174
2867	d199	e259	f202
2868	d126	e139	f349
2869	d310	e115	f258
2870	d369	e207	f196
2871	d200	e298	f163
2872	d138	e313	f343
2873	d351	e338	f113
2874	d168	e234	f262
2875	d317	e278	f286
2876	d119	e140	f211
2877	d369	e244	f309
2878	d268	e122	f350
2879	d241	e346	f377
2880	d386	e180	f314
2881	d323	e153	f398
2882	d368	e148	f103
2883	d181	e238	f284
2884	d399	e264	f277
2885	d266	e147	f261
2886	d233	e267	f216
2887	d337	e165	f181
2888	d348	e334	f258
2889	d111	e216	f330
2890	d233	e218	f106
2891	d178	e338	f246
2892	d105	e296	f234
2893	d376	e346	f169
2894	d155	e376	f384
2895	d221	e334	f366
2896	d285	e156	f357
2897	d157	e212	f161
2898	d361	e393	f195
2899	d181	e330	f262
2900	d175	e256	f151
2901	d229	e194	f159
2902	d255	e129	f192
2903	d146	e317	f260
2904	d144	e264	f394
2905	d197	e364	f164
2906	d191	e338	f242
2907	d379	e287	f136
2908	d164	e355	f366
2909	d294	e255	f197
2910	d142	e218	f317
2911	d123	e184	f192
2912	d161	e152	f216
2913	d126	e397	f380
2914	d386	e134	f153
2915	d220	e289	f169
2916	d341	e268	f389
2917	d313	e225	f372
2918	d292	e248	f139
2919	d354	e182	f343
2920	d206	e269	f294
2921	d346	e206	f110
2922	d378	e254	f329
2923	d223	e246	f303
2924	d119	e142	f174
2925	d229	e240	f146
2926	d114	e143	f138
2927	d202	e399	f281
2928	d246	e115	f310
2929	d332	e229	f305
2930	d250	e255	f167
2931	d363	e191	f382
2932	d141	e105	f312
2933	d295	e344	f275
2934	d295	e126	f148
2935	d209	e110	f267
2936	d343	e319	f136
2937	d119	e321	f179
2938	d214	e135	f247
2939	d111	e382	f356
2940	d193	e145	f350
2941	d331	e230	f274
2942	d302	e381	f186
2943	d393	e385	f281
2944	d271	e354	f350
2945	d245	e327	f190
2946	d136	e330	f260
2947	d128	e384	f266
2948	d322	e395	f227
2949	d399	e161	f276
2950	d162	e303	f358
2951	d381	e386	f173
2952	d345	e216	f105
2953	d243	e214	f204
2954	d302	e104	f284
2955	d340	e197	f285
2956	d340	e353	f113
2957	d158	e163	f144
2958	d287	e138	f276
2959	d194	e326	f275
2960	d307	e369	f361
2961	d359	e350	f346
2962	d147	e300	f115
2963	d335	e297	f398
2964	d194	e360	f341
2965	d351	e147	f115
2966	d337	e387	f123
2967	d366	e129	f183
2968	d182	e140	f293
2969	d150	e247	f271
2970	d101	e238	f156
2971	d214	e199	f245
2972	d185	e284	f362
2973	d187	e300	f146
2974	d171	e163	f357
2975	d164	e130	f177
2976	d179	e338	f165
2977	d151	e204	f154
2978	d293	e397	f244
2979	d100	e143	f314
2980	d107	e127	f178
2981	d333	e309	f358
2982	d326	e300	f246
2983	d274	e208	f281
2984	d376	e348	f380
2985	d323	e155	f317
2986	d394	e188	f292
2987	d321	e236	f108
2988	d392	e171	f162
2989	d156	e130	f133
2990	d177	e119	f274
2991	d200	e396	f392
2992	d172	e322	f288
2993	d234	e156	f377
2994	d332	e343	f179
2995	d331	e203	f224
2996	d330	e337	f352
2997	d155	e169	f272
2998	d259	e197	f214
2999	d223	e136	f291
3000	d174	e255	f240
6501	d187	e200	f331
6502	d325	e147	f120
6503	d341	e102	f205
6504	d162	e304	f181
6505	d262	e392	f303
6506	d240	e346	f191
6507	d121	e198	f176
6508	d207	e161	f231
6509	d184	e322	f187
6510	d362	e252	f384
6511	d100	e189	f309
6512	d325	e152	f355
6513	d362	e230	f189
6514	d324	e320	f258
6515	d332	e285	f179
6516	d137	e159	f152
6517	d148	e124	f333
6518	d198	e210	f192
6519	d336	e119	f297
6520	d195	e308	f329
6521	d281	e108	f299
6522	d185	e326	f392
6523	d266	e346	f262
6524	d385	e244	f295
6525	d253	e159	f356
6526	d396	e322	f261
6527	d257	e247	f294
6528	d284	e376	f394
6529	d223	e258	f201
6530	d258	e323	f246
6531	d130	e275	f325
6532	d264	e180	f100
6533	d316	e201	f168
6534	d326	e208	f268
6535	d251	e206	f316
6536	d261	e317	f338
6537	d249	e212	f106
6538	d184	e241	f208
6539	d257	e234	f281
6540	d360	e252	f347
6541	d252	e116	f393
6542	d292	e200	f105
6543	d229	e320	f218
6544	d131	e365	f108
6545	d121	e149	f304
6546	d354	e384	f126
6547	d157	e148	f298
6548	d254	e343	f189
6549	d329	e192	f153
6550	d342	e143	f253
6551	d364	e283	f128
6552	d187	e149	f347
6553	d351	e332	f375
6554	d299	e209	f322
6555	d168	e129	f150
6556	d322	e374	f279
6557	d350	e313	f155
6558	d342	e384	f193
6559	d150	e289	f313
6560	d219	e339	f178
6561	d253	e132	f389
6562	d128	e365	f341
6563	d370	e366	f102
6564	d233	e269	f157
6565	d273	e234	f384
6566	d367	e160	f218
6567	d272	e206	f233
6568	d369	e315	f144
6569	d359	e137	f234
6570	d386	e379	f202
6571	d394	e220	f380
6572	d302	e185	f121
6573	d244	e280	f314
6574	d200	e231	f197
6575	d170	e182	f215
6576	d370	e194	f172
6577	d187	e160	f218
6578	d265	e376	f143
6579	d127	e336	f391
6580	d238	e144	f365
6581	d255	e124	f363
6582	d239	e228	f169
6583	d321	e364	f317
6584	d314	e381	f353
6585	d131	e140	f299
6586	d293	e362	f230
6587	d139	e203	f203
6588	d124	e161	f188
6589	d161	e228	f225
6590	d273	e154	f193
6591	d257	e282	f224
6592	d200	e217	f353
6593	d189	e283	f215
6594	d222	e240	f145
6595	d274	e107	f228
6596	d212	e339	f118
6597	d262	e353	f104
6598	d218	e379	f114
6599	d161	e245	f122
6600	d274	e292	f121
6601	d278	e336	f104
6602	d239	e273	f170
6603	d187	e314	f329
6604	d300	e380	f368
6605	d374	e199	f232
6606	d151	e148	f346
6607	d300	e354	f109
6608	d106	e391	f390
6609	d159	e320	f199
6610	d180	e211	f222
6611	d396	e313	f112
6612	d139	e162	f106
6613	d261	e273	f189
6614	d363	e149	f204
6615	d106	e377	f321
6616	d326	e225	f254
6617	d185	e393	f129
6618	d219	e177	f398
6619	d278	e118	f120
6620	d384	e369	f277
6621	d213	e344	f293
6622	d335	e159	f394
6623	d249	e126	f204
6624	d166	e161	f154
6625	d108	e127	f229
6626	d174	e267	f151
6627	d241	e316	f183
6628	d113	e201	f327
6629	d137	e399	f266
6630	d125	e120	f334
6631	d268	e111	f388
6632	d363	e360	f237
6633	d284	e207	f164
6634	d208	e369	f227
6635	d212	e241	f176
6636	d242	e123	f192
6637	d160	e389	f203
6638	d191	e133	f117
6639	d261	e174	f280
6640	d189	e310	f349
6641	d280	e136	f245
6642	d354	e205	f116
6643	d272	e358	f189
6644	d191	e378	f237
6645	d354	e270	f233
6646	d174	e380	f174
6647	d312	e138	f368
6648	d158	e138	f291
6649	d309	e151	f166
6650	d310	e127	f289
6651	d218	e190	f192
6652	d327	e110	f291
6653	d216	e285	f232
6654	d141	e286	f214
6655	d213	e388	f250
6656	d124	e394	f174
6657	d391	e197	f161
6658	d272	e296	f269
6659	d161	e240	f358
6660	d131	e161	f302
6661	d232	e340	f169
6662	d392	e308	f343
6663	d242	e224	f333
6664	d338	e336	f366
6665	d350	e135	f303
6666	d126	e318	f101
6667	d377	e357	f261
6668	d144	e129	f220
6669	d235	e272	f196
6670	d335	e146	f319
6671	d149	e282	f341
6672	d154	e324	f376
6673	d307	e177	f356
6674	d342	e390	f214
6675	d334	e243	f169
6676	d239	e308	f286
6677	d292	e266	f151
6678	d127	e107	f239
6679	d385	e215	f128
6680	d240	e367	f154
6681	d282	e322	f237
6682	d303	e208	f374
6683	d337	e126	f313
6684	d356	e393	f118
6685	d136	e303	f328
6686	d141	e147	f384
6687	d263	e194	f238
6688	d165	e313	f123
6689	d304	e357	f168
6690	d307	e313	f166
6691	d373	e325	f150
6692	d275	e354	f188
6693	d167	e192	f177
6694	d332	e105	f294
6695	d359	e323	f345
6696	d324	e282	f146
6697	d398	e184	f339
6698	d125	e381	f309
6699	d132	e364	f154
6700	d120	e337	f298
6701	d153	e233	f206
6702	d384	e160	f206
6703	d337	e156	f123
6704	d219	e143	f191
6705	d105	e277	f271
6706	d153	e372	f195
6707	d209	e192	f240
6708	d353	e159	f335
6709	d159	e154	f370
6710	d339	e255	f120
6711	d106	e124	f301
6712	d234	e325	f332
6713	d149	e192	f386
6714	d193	e294	f107
6715	d136	e304	f395
6716	d221	e316	f173
6717	d367	e298	f259
6718	d182	e213	f162
6719	d145	e332	f107
6720	d381	e104	f171
6721	d115	e151	f170
6722	d241	e330	f271
6723	d145	e307	f227
6724	d184	e388	f196
6725	d343	e130	f247
6726	d112	e374	f273
6727	d180	e263	f302
6728	d252	e225	f299
6729	d273	e261	f353
6730	d169	e213	f193
6731	d196	e167	f120
6732	d329	e130	f142
6733	d234	e239	f198
6734	d303	e307	f266
6735	d304	e332	f324
6736	d107	e344	f250
6737	d263	e249	f217
6738	d326	e389	f290
6739	d150	e111	f331
6740	d362	e111	f245
6741	d334	e195	f374
6742	d269	e256	f322
6743	d217	e194	f168
6744	d101	e206	f145
6745	d212	e355	f352
6746	d176	e319	f384
6747	d246	e182	f128
6748	d150	e222	f235
6749	d155	e169	f317
6750	d382	e344	f218
6751	d298	e290	f200
6752	d187	e310	f248
6753	d252	e312	f282
6754	d299	e127	f278
6755	d135	e136	f236
6756	d136	e101	f131
6757	d168	e307	f346
6758	d130	e152	f295
6759	d299	e224	f164
6760	d344	e167	f180
6761	d176	e107	f322
6762	d183	e198	f323
6763	d111	e288	f289
6764	d332	e115	f391
6765	d111	e219	f167
6766	d144	e184	f239
6767	d382	e297	f183
6768	d343	e338	f100
6769	d341	e194	f189
6770	d237	e328	f395
6771	d194	e328	f353
6772	d328	e101	f239
6773	d315	e398	f354
6774	d122	e262	f123
6775	d161	e270	f379
6776	d185	e284	f151
6777	d346	e352	f356
6778	d192	e329	f124
6779	d328	e392	f247
6780	d144	e197	f183
6781	d115	e328	f200
6782	d324	e381	f334
6783	d292	e225	f371
6784	d139	e184	f383
6785	d391	e398	f341
6786	d398	e144	f164
6787	d160	e170	f387
6788	d172	e216	f143
6789	d336	e356	f288
6790	d215	e215	f298
6791	d216	e161	f134
6792	d368	e368	f217
6793	d312	e349	f213
6794	d301	e207	f238
6795	d183	e314	f362
6796	d332	e140	f381
6797	d120	e335	f223
6798	d341	e295	f354
6799	d317	e259	f156
6800	d110	e281	f202
6801	d148	e333	f157
6802	d112	e210	f367
6803	d251	e211	f110
6804	d135	e324	f247
6805	d102	e190	f250
6806	d284	e372	f235
6807	d192	e226	f233
6808	d329	e321	f206
6809	d206	e279	f228
6810	d355	e169	f251
6811	d137	e342	f253
6812	d130	e209	f349
6813	d119	e325	f164
6814	d315	e272	f352
6815	d378	e296	f302
6816	d294	e305	f304
6817	d391	e106	f181
6818	d202	e145	f110
6819	d205	e129	f317
6820	d201	e270	f184
6821	d149	e265	f297
6822	d205	e160	f339
6823	d124	e297	f259
6824	d280	e276	f192
6825	d327	e130	f280
6826	d312	e150	f336
6827	d141	e372	f166
6828	d260	e115	f273
6829	d262	e358	f368
6830	d341	e391	f172
6831	d128	e100	f206
6832	d157	e112	f268
6833	d246	e218	f264
6834	d194	e374	f186
6835	d278	e343	f368
6836	d119	e250	f175
6837	d308	e144	f171
6838	d370	e362	f296
6839	d278	e164	f190
6840	d318	e329	f385
6841	d277	e282	f254
6842	d238	e261	f364
6843	d199	e277	f277
6844	d276	e189	f126
6845	d300	e142	f290
6846	d152	e125	f192
6847	d108	e393	f301
6848	d290	e230	f263
6849	d174	e273	f253
6850	d221	e129	f119
6851	d308	e252	f295
6852	d126	e258	f203
6853	d387	e376	f301
6854	d388	e114	f350
6855	d195	e211	f212
6856	d153	e339	f362
6857	d235	e276	f104
6858	d245	e325	f122
6859	d183	e160	f112
6860	d191	e289	f190
6861	d258	e303	f253
6862	d335	e122	f251
6863	d227	e144	f281
6864	d274	e397	f352
6865	d139	e261	f284
6866	d190	e260	f353
6867	d311	e381	f185
6868	d109	e126	f363
6869	d181	e299	f171
6870	d369	e159	f326
6871	d120	e178	f338
6872	d332	e317	f295
6873	d317	e170	f106
6874	d190	e344	f183
6875	d397	e346	f361
6876	d352	e318	f255
6877	d154	e308	f138
6878	d292	e290	f271
6879	d304	e374	f395
6880	d346	e115	f333
6881	d329	e247	f215
6882	d361	e268	f240
6883	d345	e238	f142
6884	d297	e130	f318
6885	d345	e159	f228
6886	d293	e148	f200
6887	d115	e321	f280
6888	d364	e249	f354
6889	d256	e384	f227
6890	d338	e314	f119
6891	d120	e154	f207
6892	d389	e143	f237
6893	d246	e145	f109
6894	d160	e117	f340
6895	d136	e312	f117
6896	d178	e221	f340
6897	d396	e118	f311
6898	d262	e297	f287
6899	d227	e307	f296
6900	d195	e164	f138
6901	d152	e258	f272
6902	d314	e291	f267
6903	d344	e364	f304
6904	d291	e139	f395
6905	d337	e245	f146
6906	d155	e244	f125
6907	d193	e208	f200
6908	d322	e399	f132
6909	d316	e242	f353
6910	d258	e243	f111
6911	d396	e307	f192
6912	d349	e353	f282
6913	d225	e382	f307
6914	d379	e257	f131
6915	d261	e107	f230
6916	d131	e205	f245
6917	d353	e256	f184
6918	d178	e203	f151
6919	d317	e175	f280
6920	d343	e320	f370
6921	d185	e169	f284
6922	d190	e385	f150
6923	d332	e127	f147
6924	d309	e230	f250
6925	d156	e190	f227
6926	d141	e377	f152
6927	d325	e352	f295
6928	d318	e265	f318
6929	d354	e196	f270
6930	d360	e103	f231
6931	d313	e333	f344
6932	d235	e155	f141
6933	d193	e234	f111
6934	d242	e371	f241
6935	d241	e380	f248
6936	d255	e161	f330
6937	d208	e109	f139
6938	d141	e111	f352
6939	d370	e326	f131
6940	d127	e374	f126
6941	d276	e264	f200
6942	d208	e148	f136
6943	d174	e142	f180
6944	d192	e340	f279
6945	d291	e118	f170
6946	d114	e142	f395
6947	d127	e210	f233
6948	d208	e172	f207
6949	d355	e381	f107
6950	d377	e307	f361
6951	d282	e166	f248
6952	d364	e234	f149
6953	d351	e100	f336
6954	d235	e123	f208
6955	d199	e165	f117
6956	d206	e249	f398
6957	d319	e158	f123
6958	d115	e226	f294
6959	d110	e391	f227
6960	d146	e157	f316
6961	d248	e135	f182
6962	d377	e203	f115
6963	d214	e107	f248
6964	d271	e229	f134
6965	d281	e375	f313
6966	d237	e277	f263
6967	d145	e329	f158
6968	d233	e263	f298
6969	d242	e161	f331
6970	d324	e169	f192
6971	d110	e199	f293
6972	d327	e241	f186
6973	d260	e272	f127
6974	d185	e332	f360
6975	d201	e336	f170
6976	d293	e229	f345
6977	d288	e218	f204
6978	d397	e240	f138
6979	d309	e300	f305
6980	d360	e123	f265
6981	d300	e280	f159
6982	d285	e327	f224
6983	d274	e136	f239
6984	d316	e199	f372
6985	d188	e253	f339
6986	d148	e127	f282
6987	d185	e216	f206
6988	d118	e310	f144
6989	d318	e171	f197
6990	d331	e389	f353
6991	d299	e391	f377
6992	d296	e279	f155
6993	d296	e247	f258
6994	d389	e118	f132
6995	d133	e250	f113
6996	d399	e168	f189
6997	d203	e245	f323
6998	d270	e362	f282
6999	d109	e291	f356
