100	Logan	Denver
101	Olsen	Oslo
103	Luis	Lisbon
104	Mori	Tokyo
105	Yuri	Tokyo
