1	d228	e221	f161
3	d207	e246	f161
5	d362	e381	f267
7	d134	e181	f299
9	d113	e315	f158
11	d279	e154	f152
13	d298	e382	f116
15	d122	e348	f345
17	d230	e272	f194
19	d303	e163	f132
21	d124	e101	f223
23	d220	e374	f388
25	d111	e184	f211
27	d357	e333	f216
29	d296	e306	f315
31	d212	e374	f176
33	d277	e199	f194
35	d336	e190	f283
37	d124	e147	f197
39	d127	e179	f115
41	d212	e177	f378
43	d236	e254	f125
45	d299	e341	f306
47	d305	e343	f108
49	d156	e181	f373
51	d206	e147	f129
53	d364	e161	f217
55	d200	e160	f146
57	d170	e383	f385
59	d267	e125	f210
61	d115	e335	f164
63	d341	e142	f273
65	d141	e250	f175
67	d297	e144	f243
69	d257	e192	f180
71	d243	e203	f353
73	d162	e143	f112
75	d169	e312	f133
77	d257	e253	f367
79	d284	e283	f361
81	d307	e319	f167
83	d177	e163	f244
85	d145	e312	f248
87	d125	e182	f397
89	d344	e285	f150
91	d249	e281	f196
93	d139	e334	f184
95	d163	e218	f371
97	d208	e179	f280
99	d378	e331	f276
101	d108	e270	f303
103	d190	e137	f339
105	d160	e201	f236
107	d280	e321	f142
109	d378	e324	f295
111	d152	e171	f162
113	d240	e159	f126
115	d393	e142	f186
117	d149	e102	f287
119	d272	e124	f119
121	d286	e322	f101
123	d210	e207	f191
125	d382	e377	f234
127	d261	e142	f388
129	d202	e282	f231
131	d127	e193	f225
133	d185	e201	f166
135	d150	e294	f241
137	d360	e130	f377
139	d349	e349	f324
141	d370	e185	f145
143	d255	e114	f198
145	d330	e150	f177
147	d367	e243	f193
149	d352	e342	f326
151	d210	e184	f129
153	d317	e284	f229
155	d205	e395	f136
157	d120	e164	f193
159	d310	e377	f316
161	d204	e392	f387
163	d367	e214	f352
165	d115	e118	f117
167	d200	e105	f127
169	d345	e328	f179
171	d156	e257	f393
173	d381	e278	f377
175	d301	e158	f338
177	d373	e109	f203
179	d289	e392	f375
181	d385	e274	f239
183	d189	e105	f394
185	d200	e300	f199
187	d398	e225	f207
189	d339	e366	f269
191	d266	e340	f134
193	d324	e254	f386
195	d280	e287	f249
197	d234	e321	f281
199	d169	e209	f262
201	d113	e343	f318
203	d277	e134	f114
205	d341	e149	f195
207	d387	e331	f347
209	d333	e208	f173
211	d223	e273	f239
213	d177	e327	f206
215	d296	e106	f347
217	d373	e186	f399
219	d283	e140	f244
221	d379	e138	f365
223	d145	e379	f142
225	d178	e119	f383
227	d190	e135	f151
229	d150	e133	f370
231	d171	e182	f137
233	d264	e302	f103
235	d161	e194	f188
237	d189	e138	f354
239	d317	e308	f172
241	d337	e296	f312
243	d103	e323	f108
245	d327	e145	f292
247	d367	e310	f345
249	d170	e372	f213
251	d171	e136	f132
253	d216	e191	f297
255	d292	e175	f362
257	d209	e264	f151
259	d313	e102	f362
261	d194	e231	f176
263	d123	e147	f346
265	d280	e192	f254
267	d116	e122	f188
269	d226	e245	f211
271	d120	e204	f253
273	d356	e162	f102
275	d186	e304	f265
277	d131	e110	f220
279	d115	e203	f299
281	d230	e306	f234
283	d241	e277	f335
285	d154	e350	f320
287	d162	e153	f258
289	d370	e255	f273
291	d390	e362	f380
293	d355	e302	f101
295	d150	e190	f224
297	d140	e132	f375
299	d235	e259	f275
301	d330	e184	f260
303	d172	e269	f303
305	d143	e212	f196
307	d183	e284	f392
309	d339	e271	f175
311	d326	e284	f384
313	d112	e388	f375
315	d171	e249	f140
317	d163	e309	f194
319	d380	e249	f343
321	d376	e308	f129
323	d383	e356	f256
325	d380	e225	f369
327	d390	e175	f281
329	d340	e210	f310
331	d302	e130	f191
333	d371	e138	f146
335	d360	e168	f327
337	d195	e198	f143
339	d289	e164	f292
341	d390	e339	f121
343	d122	e254	f105
345	d253	e186	f356
347	d329	e234	f361
349	d177	e243	f280
351	d304	e342	f296
353	d319	e337	f229
355	d399	e138	f118
357	d278	e148	f253
359	d334	e106	f167
361	d103	e186	f213
363	d344	e274	f281
365	d373	e169	f128
367	d205	e341	f102
369	d381	e114	f352
371	d324	e204	f108
373	d250	e286	f395
375	d118	e128	f366
377	d324	e137	f302
379	d103	e127	f274
381	d339	e362	f195
383	d164	e136	f342
385	d169	e328	f140
387	d383	e322	f338
389	d124	e399	f335
391	d356	e128	f308
393	d302	e153	f208
395	d251	e185	f218
397	d190	e205	f156
399	d165	e241	f357
401	d175	e394	f127
403	d194	e288	f184
405	d119	e146	f395
407	d237	e288	f252
409	d383	e162	f150
411	d112	e305	f239
413	d128	e166	f395
415	d126	e148	f171
417	d162	e127	f111
419	d346	e269	f225
421	d130	e190	f223
423	d217	e163	f286
425	d369	e175	f321
427	d310	e316	f352
429	d332	e371	f219
431	d105	e328	f102
433	d130	e269	f254
435	d342	e233	f299
437	d301	e362	f239
439	d312	e383	f228
441	d319	e116	f145
443	d271	e361	f189
445	d226	e309	f383
447	d271	e364	f312
449	d117	e240	f208
451	d276	e264	f103
453	d287	e148	f361
455	d348	e173	f194
457	d216	e145	f215
459	d135	e289	f140
461	d387	e212	f106
463	d138	e328	f399
465	d110	e149	f116
467	d196	e399	f116
469	d384	e304	f328
471	d280	e368	f217
473	d393	e222	f132
475	d189	e273	f364
477	d212	e108	f380
479	d346	e279	f204
481	d173	e205	f331
483	d187	e284	f268
485	d133	e336	f326
487	d116	e313	f374
489	d286	e342	f202
491	d157	e165	f207
493	d240	e100	f146
495	d206	e364	f268
497	d280	e361	f193
499	d195	e216	f305
501	d344	e299	f246
503	d203	e219	f374
505	d135	e249	f316
507	d121	e196	f239
509	d247	e374	f116
511	d142	e184	f201
513	d291	e252	f359
515	d308	e152	f297
517	d386	e103	f295
519	d186	e232	f233
521	d397	e209	f232
523	d334	e347	f217
525	d366	e379	f369
527	d367	e178	f142
529	d355	e112	f396
531	d259	e364	f102
533	d361	e177	f248
535	d128	e272	f195
537	d364	e339	f278
539	d190	e241	f227
541	d230	e159	f230
543	d188	e321	f357
545	d366	e173	f165
547	d355	e303	f342
549	d237	e387	f324
551	d280	e359	f232
553	d304	e105	f343
555	d357	e111	f216
557	d360	e390	f345
559	d211	e316	f358
561	d168	e275	f254
563	d287	e152	f399
565	d140	e109	f107
567	d127	e389	f235
569	d154	e277	f256
571	d212	e240	f190
573	d354	e261	f107
575	d304	e187	f119
577	d313	e244	f103
579	d104	e327	f118
581	d143	e165	f388
583	d240	e247	f300
585	d111	e294	f287
587	d219	e212	f225
589	d271	e382	f298
591	d193	e335	f397
593	d361	e358	f300
595	d226	e329	f239
597	d211	e396	f131
599	d268	e130	f114
601	d228	e375	f128
603	d174	e169	f209
605	d194	e149	f389
607	d221	e198	f138
609	d246	e305	f389
611	d251	e147	f390
613	d165	e279	f119
615	d181	e178	f268
617	d222	e283	f343
619	d119	e383	f232
621	d356	e169	f265
623	d363	e228	f226
625	d304	e307	f279
627	d103	e119	f223
629	d322	e189	f288
631	d315	e132	f379
633	d363	e242	f140
635	d394	e141	f133
637	d169	e215	f196
639	d151	e189	f181
641	d259	e291	f165
643	d175	e342	f125
645	d303	e327	f367
647	d227	e204	f142
649	d225	e212	f114
651	d351	e127	f109
653	d135	e392	f258
655	d152	e354	f303
657	d143	e285	f341
659	d372	e210	f161
661	d387	e365	f339
663	d399	e262	f116
665	d160	e235	f225
667	d196	e297	f343
669	d219	e316	f339
671	d275	e371	f111
673	d203	e382	f398
675	d308	e264	f358
677	d296	e247	f216
679	d218	e244	f132
681	d206	e161	f373
683	d226	e303	f336
685	d310	e118	f116
687	d286	e200	f346
689	d169	e322	f121
691	d230	e161	f209
693	d121	e164	f270
695	d346	e346	f311
697	d234	e248	f181
699	d239	e183	f163
701	d320	e131	f324
703	d248	e320	f350
705	d187	e316	f320
707	d257	e147	f208
709	d347	e128	f319
711	d360	e249	f144
713	d375	e222	f210
715	d352	e158	f261
717	d374	e366	f332
719	d119	e127	f257
721	d182	e271	f177
723	d100	e202	f224
725	d158	e347	f298
727	d284	e175	f115
729	d119	e279	f334
731	d116	e228	f152
733	d383	e315	f381
735	d303	e276	f379
737	d165	e173	f250
739	d193	e274	f217
741	d333	e241	f178
743	d351	e133	f100
745	d251	e319	f391
747	d286	e115	f264
749	d286	e278	f277
751	d335	e395	f126
753	d263	e385	f130
755	d128	e179	f259
757	d154	e275	f291
759	d343	e380	f117
761	d356	e352	f231
763	d231	e198	f257
765	d373	e367	f273
767	d273	e328	f370
769	d170	e362	f199
771	d363	e188	f300
773	d196	e140	f389
775	d188	e295	f296
777	d355	e385	f134
779	d366	e215	f112
781	d185	e241	f382
783	d331	e398	f372
785	d390	e170	f240
787	d211	e337	f161
789	d227	e174	f202
791	d187	e257	f129
793	d192	e204	f246
795	d329	e175	f183
797	d125	e331	f284
799	d177	e178	f242
1001	d296	e173	f504
1003	d233	e272	f504
1005	d219	e277	f504
1007	d355	e234	f504
1009	d195	e154	f504
1011	d332	e307	f504
1013	d351	e193	f504
1015	d271	e189	f504
1017	d174	e129	f504
1019	d330	e183	f504
1021	d306	e270	f504
1023	d334	e326	f504
1025	d329	e321	f504
1027	d110	e392	f504
1029	d398	e211	f504
1031	d225	e306	f504
1033	d188	e172	f504
1035	d209	e260	f504
1037	d348	e378	f504
1039	d202	e367	f504
1041	d258	e264	f504
1043	d351	e340	f504
1045	d183	e264	f504
1047	d247	e368	f504
1049	d222	e253	f504
1051	d247	e178	f504
1053	d345	e397	f504
1055	d366	e385	f504
1057	d333	e214	f504
1059	d178	e146	f504
1061	d379	e390	f504
1063	d357	e154	f504
1065	d210	e140	f504
1067	d258	e351	f504
1069	d147	e349	f504
1071	d380	e305	f504
1073	d263	e352	f504
1075	d390	e237	f504
1077	d280	e390	f504
1079	d145	e372	f504
1081	d319	e155	f504
1083	d208	e129	f504
1085	d174	e291	f504
1087	d355	e378	f504
1089	d394	e363	f504
1091	d185	e336	f504
1093	d114	e216	f504
1095	d206	e149	f504
1097	d107	e324	f504
1099	d108	e383	f504
1101	d200	e120	f504
1103	d271	e272	f504
1105	d253	e131	f504
1107	d275	e206	f504
1109	d346	e190	f504
1111	d338	e376	f504
1113	d314	e340	f504
1115	d389	e397	f504
1117	d218	e301	f504
1119	d169	e386	f504
1121	d398	e138	f504
1123	d364	e252	f504
1125	d378	e262	f504
1127	d331	e212	f504
1129	d346	e307	f504
1131	d364	e201	f504
1133	d174	e262	f504
1135	d121	e177	f504
1137	d115	e116	f504
1139	d396	e357	f504
1141	d265	e124	f504
1143	d362	e281	f504
1145	d262	e282	f504
1147	d257	e205	f504
1149	d340	e169	f504
1151	d240	e157	f504
1153	d107	e234	f504
1155	d245	e309	f504
1157	d358	e289	f504
1159	d258	e138	f504
1161	d217	e107	f504
1163	d159	e143	f504
1165	d120	e243	f504
1167	d142	e326	f504
1169	d235	e161	f504
1171	d296	e331	f504
1173	d349	e107	f504
1175	d288	e214	f504
1177	d280	e274	f504
1179	d288	e320	f504
1181	d162	e199	f504
1183	d115	e241	f504
1185	d374	e313	f504
1187	d380	e236	f504
1189	d272	e214	f504
1191	d312	e315	f504
1193	d117	e224	f504
1195	d372	e161	f504
1197	d301	e368	f504
1199	d258	e214	f504
2000	d155	e134	f365
2001	d359	e373	f274
2002	d112	e339	f181
2003	d115	e198	f267
2004	d135	e237	f332
2005	d314	e132	f236
2006	d159	e148	f396
2007	d322	e214	f343
2008	d375	e191	f305
2009	d163	e101	f365
2010	d204	e108	f350
2011	d157	e145	f213
2012	d110	e369	f157
2013	d231	e101	f372
2014	d156	e118	f214
2015	d361	e291	f153
2016	d342	e175	f253
2017	d342	e192	f342
2018	d350	e108	f314
2019	d379	e334	f292
2020	d322	e379	f316
2021	d366	e134	f342
2022	d296	e167	f221
2023	d298	e262	f337
2024	d229	e229	f321
2025	d139	e242	f100
2026	d283	e216	f142
2027	d330	e317	f104
2028	d187	e233	f193
2029	d102	e127	f335
2030	d226	e130	f170
2031	d330	e125	f366
2032	d395	e390	f101
2033	d308	e200	f199
2034	d219	e340	f262
2035	d156	e248	f123
2036	d351	e377	f325
2037	d268	e316	f318
2038	d274	e268	f165
2039	d211	e154	f202
2040	d319	e147	f258
2041	d142	e171	f121
2042	d175	e212	f183
2043	d281	e383	f128
2044	d384	e301	f247
2045	d253	e392	f218
2046	d321	e395	f236
2047	d207	e252	f295
2048	d170	e170	f199
2049	d104	e364	f176
2050	d107	e356	f176
2051	d188	e243	f119
2052	d334	e314	f197
2053	d177	e116	f335
2054	d100	e347	f229
2055	d167	e320	f230
2056	d164	e307	f314
2057	d291	e132	f160
2058	d245	e341	f119
2059	d209	e291	f248
2060	d117	e270	f241
2061	d268	e369	f269
2062	d158	e248	f338
2063	d140	e170	f314
2064	d262	e344	f382
2065	d305	e367	f199
2066	d168	e350	f312
2067	d388	e150	f387
2068	d338	e113	f133
2069	d171	e174	f233
2070	d176	e112	f377
2071	d213	e122	f126
2072	d357	e308	f126
2073	d170	e390	f379
2074	d222	e267	f224
2075	d268	e275	f260
2076	d396	e363	f322
2077	d131	e244	f252
2078	d103	e183	f321
2079	d356	e255	f241
2080	d376	e215	f314
2081	d367	e126	f356
2082	d129	e397	f357
2083	d345	e324	f141
2084	d358	e255	f390
2085	d343	e351	f310
2086	d176	e240	f304
2087	d321	e192	f224
2088	d163	e108	f251
2089	d164	e123	f359
2090	d240	e389	f326
2091	d153	e324	f266
2092	d330	e120	f390
2093	d228	e351	f372
2094	d300	e259	f326
2095	d107	e110	f242
2096	d169	e239	f139
2097	d140	e157	f372
2098	d106	e154	f364
2099	d154	e342	f312
2100	d137	e235	f356
2101	d112	e165	f124
2102	d180	e113	f315
2103	d377	e153	f105
2104	d243	e309	f216
2105	d134	e136	f152
2106	d300	e336	f271
2107	d285	e273	f177
2108	d193	e340	f283
2109	d310	e100	f292
2110	d262	e243	f100
2111	d364	e263	f245
2112	d165	e135	f119
2113	d322	e389	f296
2114	d241	e259	f373
2115	d227	e101	f187
2116	d361	e220	f214
2117	d380	e145	f382
2118	d357	e203	f362
2119	d275	e109	f155
2120	d166	e135	f398
2121	d250	e232	f306
2122	d283	e251	f347
2123	d255	e288	f178
2124	d390	e293	f323
2125	d305	e192	f324
2126	d225	e362	f343
2127	d134	e192	f290
2128	d271	e288	f133
2129	d350	e272	f171
2130	d265	e368	f171
2131	d130	e160	f208
2132	d177	e296	f181
2133	d381	e168	f323
2134	d365	e296	f282
2135	d197	e374	f319
2136	d292	e331	f370
2137	d213	e103	f144
2138	d271	e253	f304
2139	d189	e214	f157
2140	d137	e294	f256
2141	d187	e217	f327
2142	d147	e172	f247
2143	d334	e240	f112
2144	d372	e245	f377
2145	d244	e126	f126
2146	d258	e272	f161
2147	d105	e336	f300
2148	d267	e201	f108
2149	d378	e262	f137
2150	d212	e357	f292
2151	d169	e300	f309
2152	d163	e338	f320
2153	d394	e226	f245
2154	d229	e366	f269
2155	d150	e271	f132
2156	d246	e156	f218
2157	d107	e172	f171
2158	d231	e253	f359
2159	d213	e380	f141
2160	d146	e388	f366
2161	d264	e234	f230
2162	d204	e322	f363
2163	d392	e156	f120
2164	d338	e156	f196
2165	d133	e109	f371
2166	d276	e114	f294
2167	d238	e326	f227
2168	d356	e145	f360
2169	d211	e239	f136
2170	d270	e198	f258
2171	d356	e195	f271
2172	d194	e236	f138
2173	d388	e171	f388
2174	d358	e393	f247
2175	d150	e222	f380
2176	d188	e120	f282
2177	d227	e284	f361
2178	d187	e373	f242
2179	d344	e143	f255
2180	d223	e167	f106
2181	d285	e241	f231
2182	d253	e206	f178
2183	d376	e232	f336
2184	d173	e205	f183
2185	d361	e235	f336
2186	d206	e304	f220
2187	d156	e115	f349
2188	d209	e165	f372
2189	d251	e150	f198
2190	d204	e148	f232
2191	d256	e375	f149
2192	d214	e337	f170
2193	d331	e242	f132
2194	d154	e297	f342
2195	d234	e132	f264
2196	d284	e230	f332
2197	d124	e204	f114
2198	d106	e205	f167
2199	d177	e367	f381
2200	d143	e231	f281
2201	d247	e151	f203
2202	d235	e235	f205
2203	d369	e320	f228
2204	d254	e343	f200
2205	d217	e132	f328
2206	d199	e235	f107
2207	d326	e346	f352
2208	d250	e380	f243
2209	d250	e188	f265
2210	d263	e146	f380
2211	d317	e332	f190
2212	d284	e118	f266
2213	d385	e267	f277
2214	d262	e233	f302
2215	d292	e206	f242
2216	d178	e332	f233
2217	d195	e277	f129
2218	d234	e329	f161
2219	d244	e290	f212
2220	d118	e155	f166
2221	d247	e297	f292
2222	d153	e108	f289
2223	d155	e391	f224
2224	d128	e201	f237
2225	d109	e207	f101
2226	d254	e272	f290
2227	d142	e335	f306
2228	d334	e292	f110
2229	d339	e273	f143
2230	d154	e111	f200
2231	d330	e156	f313
2232	d269	e134	f254
2233	d122	e371	f105
2234	d151	e386	f321
2235	d325	e221	f168
2236	d263	e157	f392
2237	d356	e147	f119
2238	d191	e352	f231
2239	d203	e239	f179
2240	d120	e171	f134
2241	d199	e296	f327
2242	d320	e304	f312
2243	d206	e206	f165
2244	d348	e336	f122
2245	d136	e336	f333
2246	d332	e180	f226
2247	d231	e383	f135
2248	d214	e333	f265
2249	d124	e187	f282
2250	d355	e122	f343
2251	d319	e373	f257
2252	d148	e282	f285
2253	d126	e299	f396
2254	d385	e378	f211
2255	d182	e142	f387
2256	d181	e259	f106
2257	d214	e252	f177
2258	d111	e143	f228
2259	d292	e122	f391
2260	d199	e261	f149
2261	d296	e241	f208
2262	d256	e146	f210
2263	d342	e396	f142
2264	d230	e237	f209
2265	d142	e267	f329
2266	d243	e190	f375
2267	d337	e183	f336
2268	d222	e378	f274
2269	d119	e179	f281
2270	d295	e364	f187
2271	d209	e245	f343
2272	d368	e390	f197
2273	d112	e244	f282
2274	d162	e375	f336
2275	d325	e164	f367
2276	d215	e333	f174
2277	d139	e141	f259
2278	d336	e271	f331
2279	d163	e154	f369
2280	d190	e358	f262
2281	d314	e122	f266
2282	d166	e336	f273
2283	d341	e293	f326
2284	d351	e117	f107
2285	d277	e325	f279
2286	d249	e167	f310
2287	d378	e258	f385
2288	d372	e359	f355
2289	d238	e259	f159
2290	d264	e294	f190
2291	d383	e268	f161
2292	d103	e240	f257
2293	d254	e133	f343
2294	d234	e391	f293
2295	d196	e190	f224
2296	d191	e299	f241
2297	d132	e141	f310
2298	d329	e164	f218
2299	d106	e256	f260
2300	d327	e157	f331
2301	d237	e242	f355
2302	d253	e378	f159
2303	d279	e242	f346
2304	d123	e228	f329
2305	d241	e378	f278
2306	d396	e310	f267
2307	d172	e226	f370
2308	d252	e213	f263
2309	d290	e243	f336
2310	d133	e117	f301
2311	d216	e336	f321
2312	d160	e251	f205
2313	d361	e135	f116
2314	d341	e104	f134
2315	d272	e297	f360
2316	d178	e234	f145
2317	d129	e243	f278
2318	d166	e370	f175
2319	d154	e267	f151
2320	d224	e283	f296
2321	d368	e273	f116
2322	d133	e173	f260
2323	d222	e364	f354
2324	d375	e197	f297
2325	d133	e143	f284
2326	d342	e268	f223
2327	d269	e237	f217
2328	d228	e108	f365
2329	d194	e215	f235
2330	d387	e213	f205
2331	d335	e310	f245
2332	d224	e312	f352
2333	d376	e207	f196
2334	d193	e303	f259
2335	d366	e372	f168
2336	d353	e232	f143
2337	d312	e392	f354
2338	d115	e120	f117
2339	d188	e185	f371
2340	d330	e245	f312
2341	d172	e396	f205
2342	d185	e142	f277
2343	d157	e139	f368
2344	d160	e199	f203
2345	d390	e178	f126
2346	d225	e348	f296
2347	d275	e136	f377
2348	d387	e373	f321
2349	d378	e327	f199
2350	d348	e333	f353
2351	d124	e328	f139
2352	d182	e101	f302
2353	d275	e252	f138
2354	d296	e333	f358
2355	d255	e225	f111
2356	d103	e236	f224
2357	d357	e357	f398
2358	d228	e182	f345
2359	d232	e399	f353
2360	d108	e249	f341
2361	d113	e309	f204
2362	d206	e388	f177
2363	d215	e337	f302
2364	d106	e235	f217
2365	d144	e113	f253
2366	d394	e284	f290
2367	d119	e142	f362
2368	d147	e327	f249
2369	d291	e324	f259
2370	d126	e265	f267
2371	d128	e192	f236
2372	d221	e283	f123
2373	d152	e229	f245
2374	d202	e272	f220
2375	d138	e288	f133
2376	d320	e147	f130
2377	d178	e109	f268
2378	d326	e279	f249
2379	d379	e243	f240
2380	d292	e205	f217
2381	d316	e125	f291
2382	d265	e215	f309
2383	d283	e349	f264
2384	d263	e369	f185
2385	d134	e296	f176
2386	d372	e311	f353
2387	d236	e197	f226
2388	d298	e223	f354
2389	d248	e193	f132
2390	d135	e211	f282
2391	d144	e331	f107
2392	d366	e339	f112
2393	d266	e118	f155
2394	d165	e174	f386
2395	d271	e222	f359
2396	d157	e394	f331
2397	d318	e178	f373
2398	d144	e273	f314
2399	d269	e228	f215
2400	d384	e346	f355
2401	d257	e207	f113
2402	d371	e287	f398
2403	d211	e289	f356
2404	d349	e242	f277
2405	d103	e284	f347
2406	d122	e342	f194
2407	d112	e230	f113
2408	d357	e226	f183
2409	d149	e226	f176
2410	d146	e379	f311
2411	d389	e170	f121
2412	d220	e238	f211
2413	d223	e201	f293
2414	d118	e204	f162
2415	d256	e242	f350
2416	d252	e256	f208
2417	d217	e190	f387
2418	d143	e318	f379
2419	d194	e245	f244
2420	d259	e319	f128
2421	d148	e313	f306
2422	d319	e312	f365
2423	d111	e274	f142
2424	d189	e392	f271
2425	d230	e369	f195
2426	d207	e266	f259
2427	d329	e386	f148
2428	d156	e231	f216
2429	d377	e174	f302
2430	d392	e292	f213
2431	d186	e290	f264
2432	d185	e349	f215
2433	d341	e285	f182
2434	d207	e235	f240
2435	d215	e159	f155
2436	d239	e216	f231
2437	d164	e209	f291
2438	d322	e342	f309
2439	d191	e167	f327
2440	d284	e368	f229
2441	d164	e135	f115
2442	d395	e362	f264
2443	d334	e203	f107
2444	d107	e180	f145
2445	d213	e205	f303
2446	d379	e260	f230
2447	d105	e397	f211
2448	d233	e212	f246
2449	d328	e341	f241
2450	d193	e266	f361
2451	d265	e119	f316
2452	d217	e156	f346
2453	d273	e373	f271
2454	d384	e205	f298
2455	d249	e161	f326
2456	d233	e347	f140
2457	d270	e145	f286
2458	d284	e224	f136
2459	d143	e380	f363
2460	d254	e162	f242
2461	d360	e178	f345
2462	d102	e247	f110
2463	d156	e118	f195
2464	d221	e152	f120
2465	d257	e310	f264
2466	d234	e139	f264
2467	d226	e322	f123
2468	d153	e326	f361
2469	d369	e327	f209
2470	d140	e397	f316
2471	d397	e238	f285
2472	d325	e246	f171
2473	d274	e309	f100
2474	d143	e120	f318
2475	d330	e180	f137
2476	d228	e108	f310
2477	d313	e254	f199
2478	d365	e274	f238
2479	d358	e242	f164
2480	d149	e264	f373
2481	d349	e215	f324
2482	d371	e272	f166
2483	d225	e295	f118
2484	d376	e275	f353
2485	d383	e337	f260
2486	d244	e328	f168
2487	d191	e119	f133
2488	d118	e349	f331
2489	d253	e157	f308
2490	d332	e201	f266
2491	d138	e234	f107
2492	d271	e332	f132
2493	d166	e184	f333
2494	d331	e373	f236
2495	d211	e168	f137
2496	d292	e381	f122
2497	d251	e138	f248
2498	d217	e177	f125
2499	d255	e185	f102
2500	d381	e347	f270
2501	d156	e243	f265
2502	d201	e151	f306
2503	d364	e321	f111
2504	d265	e146	f307
2505	d123	e280	f368
2506	d121	e351	f366
2507	d293	e243	f281
2508	d255	e365	f361
2509	d236	e108	f352
2510	d314	e322	f329
2511	d364	e173	f113
2512	d314	e306	f117
2513	d243	e301	f349
2514	d124	e117	f146
2515	d127	e137	f262
2516	d361	e220	f297
2517	d258	e246	f156
2518	d229	e295	f272
2519	d236	e207	f165
2520	d306	e159	f295
2521	d270	e284	f309
2522	d104	e329	f240
2523	d116	e359	f218
2524	d319	e394	f328
2525	d216	e179	f148
2526	d332	e262	f282
2527	d304	e101	f132
2528	d151	e373	f107
2529	d229	e389	f176
2530	d107	e250	f295
2531	d349	e214	f294
2532	d297	e221	f236
2533	d343	e341	f301
2534	d230	e382	f385
2535	d290	e147	f269
2536	d231	e255	f124
2537	d327	e365	f306
2538	d205	e314	f220
2539	d221	e339	f314
2540	d196	e104	f172
2541	d235	e300	f158
2542	d287	e159	f146
2543	d220	e184	f111
2544	d232	e399	f113
2545	d393	e147	f318
2546	d196	e197	f355
2547	d303	e156	f171
2548	d214	e283	f239
2549	d218	e315	f354
2550	d234	e392	f270
2551	d273	e176	f308
2552	d290	e110	f390
2553	d165	e111	f121
2554	d248	e113	f129
2555	d342	e324	f383
2556	d233	e207	f284
2557	d229	e151	f185
2558	d154	e319	f193
2559	d317	e345	f251
2560	d119	e150	f126
2561	d395	e174	f370
2562	d291	e128	f317
2563	d233	e279	f323
2564	d366	e380	f183
2565	d128	e234	f170
2566	d278	e287	f264
2567	d138	e231	f152
2568	d349	e290	f392
2569	d282	e385	f211
2570	d310	e334	f388
2571	d396	e151	f223
2572	d171	e362	f301
2573	d250	e376	f306
2574	d110	e125	f170
2575	d161	e269	f297
2576	d196	e281	f309
2577	d194	e353	f104
2578	d240	e308	f266
2579	d183	e383	f211
2580	d193	e171	f121
2581	d210	e236	f119
2582	d270	e196	f221
2583	d102	e368	f377
2584	d296	e328	f342
2585	d166	e100	f141
2586	d386	e198	f129
2587	d370	e229	f258
2588	d363	e227	f174
2589	d173	e190	f248
2590	d295	e178	f136
2591	d153	e283	f382
2592	d319	e165	f328
2593	d156	e366	f273
2594	d191	e254	f249
2595	d397	e238	f123
2596	d111	e245	f251
2597	d336	e350	f367
2598	d163	e124	f351
2599	d207	e272	f339
