1	d228	e221	f161
3	d207	e246	f161
5	d362	e381	f267
7	d134	e181	f299
9	d113	e315	f158
11	d279	e154	f152
13	d298	e382	f116
15	d122	e348	f345
17	d230	e272	f194
19	d303	e163	f132
21	d124	e101	f223
23	d220	e374	f388
25	d111	e184	f211
27	d357	e333	f216
29	d296	e306	f315
31	d212	e374	f176
33	d277	e199	f194
35	d336	e190	f283
37	d124	e147	f197
39	d127	e179	f115
41	d212	e177	f378
43	d236	e254	f125
45	d299	e341	f306
47	d305	e343	f108
49	d156	e181	f373
51	d206	e147	f129
53	d364	e161	f217
55	d200	e160	f146
57	d170	e383	f385
59	d267	e125	f210
61	d115	e335	f164
63	d341	e142	f273
65	d141	e250	f175
67	d297	e144	f243
69	d257	e192	f180
71	d243	e203	f353
73	d162	e143	f112
75	d169	e312	f133
77	d257	e253	f367
79	d284	e283	f361
81	d307	e319	f167
83	d177	e163	f244
85	d145	e312	f248
87	d125	e182	f397
89	d344	e285	f150
91	d249	e281	f196
93	d139	e334	f184
95	d163	e218	f371
97	d208	e179	f280
99	d378	e331	f276
101	d108	e270	f303
103	d190	e137	f339
105	d160	e201	f236
107	d280	e321	f142
109	d378	e324	f295
111	d152	e171	f162
113	d240	e159	f126
115	d393	e142	f186
117	d149	e102	f287
119	d272	e124	f119
121	d286	e322	f101
123	d210	e207	f191
125	d382	e377	f234
127	d261	e142	f388
129	d202	e282	f231
131	d127	e193	f225
133	d185	e201	f166
135	d150	e294	f241
137	d360	e130	f377
139	d349	e349	f324
141	d370	e185	f145
143	d255	e114	f198
145	d330	e150	f177
147	d367	e243	f193
149	d352	e342	f326
151	d210	e184	f129
153	d317	e284	f229
155	d205	e395	f136
157	d120	e164	f193
159	d310	e377	f316
161	d204	e392	f387
163	d367	e214	f352
165	d115	e118	f117
167	d200	e105	f127
169	d345	e328	f179
171	d156	e257	f393
173	d381	e278	f377
175	d301	e158	f338
177	d373	e109	f203
179	d289	e392	f375
181	d385	e274	f239
183	d189	e105	f394
185	d200	e300	f199
187	d398	e225	f207
189	d339	e366	f269
191	d266	e340	f134
193	d324	e254	f386
195	d280	e287	f249
197	d234	e321	f281
199	d169	e209	f262
201	d113	e343	f318
203	d277	e134	f114
205	d341	e149	f195
207	d387	e331	f347
209	d333	e208	f173
211	d223	e273	f239
213	d177	e327	f206
215	d296	e106	f347
217	d373	e186	f399
219	d283	e140	f244
221	d379	e138	f365
223	d145	e379	f142
225	d178	e119	f383
227	d190	e135	f151
229	d150	e133	f370
231	d171	e182	f137
233	d264	e302	f103
235	d161	e194	f188
237	d189	e138	f354
239	d317	e308	f172
241	d337	e296	f312
243	d103	e323	f108
245	d327	e145	f292
247	d367	e310	f345
249	d170	e372	f213
251	d171	e136	f132
253	d216	e191	f297
255	d292	e175	f362
257	d209	e264	f151
259	d313	e102	f362
261	d194	e231	f176
263	d123	e147	f346
265	d280	e192	f254
267	d116	e122	f188
269	d226	e245	f211
271	d120	e204	f253
273	d356	e162	f102
275	d186	e304	f265
277	d131	e110	f220
279	d115	e203	f299
281	d230	e306	f234
283	d241	e277	f335
285	d154	e350	f320
287	d162	e153	f258
289	d370	e255	f273
291	d390	e362	f380
293	d355	e302	f101
295	d150	e190	f224
297	d140	e132	f375
299	d235	e259	f275
301	d330	e184	f260
303	d172	e269	f303
305	d143	e212	f196
307	d183	e284	f392
309	d339	e271	f175
311	d326	e284	f384
313	d112	e388	f375
315	d171	e249	f140
317	d163	e309	f194
319	d380	e249	f343
321	d376	e308	f129
323	d383	e356	f256
325	d380	e225	f369
327	d390	e175	f281
329	d340	e210	f310
331	d302	e130	f191
333	d371	e138	f146
335	d360	e168	f327
337	d195	e198	f143
339	d289	e164	f292
341	d390	e339	f121
343	d122	e254	f105
345	d253	e186	f356
347	d329	e234	f361
349	d177	e243	f280
351	d304	e342	f296
353	d319	e337	f229
355	d399	e138	f118
357	d278	e148	f253
359	d334	e106	f167
361	d103	e186	f213
363	d344	e274	f281
365	d373	e169	f128
367	d205	e341	f102
369	d381	e114	f352
371	d324	e204	f108
373	d250	e286	f395
375	d118	e128	f366
377	d324	e137	f302
379	d103	e127	f274
381	d339	e362	f195
383	d164	e136	f342
385	d169	e328	f140
387	d383	e322	f338
389	d124	e399	f335
391	d356	e128	f308
393	d302	e153	f208
395	d251	e185	f218
397	d190	e205	f156
399	d165	e241	f357
401	d175	e394	f127
403	d194	e288	f184
405	d119	e146	f395
407	d237	e288	f252
409	d383	e162	f150
411	d112	e305	f239
413	d128	e166	f395
415	d126	e148	f171
417	d162	e127	f111
419	d346	e269	f225
421	d130	e190	f223
423	d217	e163	f286
425	d369	e175	f321
427	d310	e316	f352
429	d332	e371	f219
431	d105	e328	f102
433	d130	e269	f254
435	d342	e233	f299
437	d301	e362	f239
439	d312	e383	f228
441	d319	e116	f145
443	d271	e361	f189
445	d226	e309	f383
447	d271	e364	f312
449	d117	e240	f208
451	d276	e264	f103
453	d287	e148	f361
455	d348	e173	f194
457	d216	e145	f215
459	d135	e289	f140
461	d387	e212	f106
463	d138	e328	f399
465	d110	e149	f116
467	d196	e399	f116
469	d384	e304	f328
471	d280	e368	f217
473	d393	e222	f132
475	d189	e273	f364
477	d212	e108	f380
479	d346	e279	f204
481	d173	e205	f331
483	d187	e284	f268
485	d133	e336	f326
487	d116	e313	f374
489	d286	e342	f202
491	d157	e165	f207
493	d240	e100	f146
495	d206	e364	f268
497	d280	e361	f193
499	d195	e216	f305
501	d344	e299	f246
503	d203	e219	f374
505	d135	e249	f316
507	d121	e196	f239
509	d247	e374	f116
511	d142	e184	f201
513	d291	e252	f359
515	d308	e152	f297
517	d386	e103	f295
519	d186	e232	f233
521	d397	e209	f232
523	d334	e347	f217
525	d366	e379	f369
527	d367	e178	f142
529	d355	e112	f396
531	d259	e364	f102
533	d361	e177	f248
535	d128	e272	f195
537	d364	e339	f278
539	d190	e241	f227
541	d230	e159	f230
543	d188	e321	f357
545	d366	e173	f165
547	d355	e303	f342
549	d237	e387	f324
551	d280	e359	f232
553	d304	e105	f343
555	d357	e111	f216
557	d360	e390	f345
559	d211	e316	f358
561	d168	e275	f254
563	d287	e152	f399
565	d140	e109	f107
567	d127	e389	f235
569	d154	e277	f256
571	d212	e240	f190
573	d354	e261	f107
575	d304	e187	f119
577	d313	e244	f103
579	d104	e327	f118
581	d143	e165	f388
583	d240	e247	f300
585	d111	e294	f287
587	d219	e212	f225
589	d271	e382	f298
591	d193	e335	f397
593	d361	e358	f300
595	d226	e329	f239
597	d211	e396	f131
599	d268	e130	f114
601	d228	e375	f128
603	d174	e169	f209
605	d194	e149	f389
607	d221	e198	f138
609	d246	e305	f389
611	d251	e147	f390
613	d165	e279	f119
615	d181	e178	f268
617	d222	e283	f343
619	d119	e383	f232
621	d356	e169	f265
623	d363	e228	f226
625	d304	e307	f279
627	d103	e119	f223
629	d322	e189	f288
631	d315	e132	f379
633	d363	e242	f140
635	d394	e141	f133
637	d169	e215	f196
639	d151	e189	f181
641	d259	e291	f165
643	d175	e342	f125
645	d303	e327	f367
647	d227	e204	f142
649	d225	e212	f114
651	d351	e127	f109
653	d135	e392	f258
655	d152	e354	f303
657	d143	e285	f341
659	d372	e210	f161
661	d387	e365	f339
663	d399	e262	f116
665	d160	e235	f225
667	d196	e297	f343
669	d219	e316	f339
671	d275	e371	f111
673	d203	e382	f398
675	d308	e264	f358
677	d296	e247	f216
679	d218	e244	f132
681	d206	e161	f373
683	d226	e303	f336
685	d310	e118	f116
687	d286	e200	f346
689	d169	e322	f121
691	d230	e161	f209
693	d121	e164	f270
695	d346	e346	f311
697	d234	e248	f181
699	d239	e183	f163
701	d320	e131	f324
703	d248	e320	f350
705	d187	e316	f320
707	d257	e147	f208
709	d347	e128	f319
711	d360	e249	f144
713	d375	e222	f210
715	d352	e158	f261
717	d374	e366	f332
719	d119	e127	f257
721	d182	e271	f177
723	d100	e202	f224
725	d158	e347	f298
727	d284	e175	f115
729	d119	e279	f334
731	d116	e228	f152
733	d383	e315	f381
735	d303	e276	f379
737	d165	e173	f250
739	d193	e274	f217
741	d333	e241	f178
743	d351	e133	f100
745	d251	e319	f391
747	d286	e115	f264
749	d286	e278	f277
751	d335	e395	f126
753	d263	e385	f130
755	d128	e179	f259
757	d154	e275	f291
759	d343	e380	f117
761	d356	e352	f231
763	d231	e198	f257
765	d373	e367	f273
767	d273	e328	f370
769	d170	e362	f199
771	d363	e188	f300
773	d196	e140	f389
775	d188	e295	f296
777	d355	e385	f134
779	d366	e215	f112
781	d185	e241	f382
783	d331	e398	f372
785	d390	e170	f240
787	d211	e337	f161
789	d227	e174	f202
791	d187	e257	f129
793	d192	e204	f246
795	d329	e175	f183
797	d125	e331	f284
799	d177	e178	f242
1001	d296	e173	f504
1003	d233	e272	f504
1005	d219	e277	f504
1007	d355	e234	f504
1009	d195	e154	f504
1011	d332	e307	f504
1013	d351	e193	f504
1015	d271	e189	f504
1017	d174	e129	f504
1019	d330	e183	f504
1021	d306	e270	f504
1023	d334	e326	f504
1025	d329	e321	f504
1027	d110	e392	f504
1029	d398	e211	f504
1031	d225	e306	f504
1033	d188	e172	f504
1035	d209	e260	f504
1037	d348	e378	f504
1039	d202	e367	f504
1041	d258	e264	f504
1043	d351	e340	f504
1045	d183	e264	f504
1047	d247	e368	f504
1049	d222	e253	f504
1051	d247	e178	f504
1053	d345	e397	f504
1055	d366	e385	f504
1057	d333	e214	f504
1059	d178	e146	f504
1061	d379	e390	f504
1063	d357	e154	f504
1065	d210	e140	f504
1067	d258	e351	f504
1069	d147	e349	f504
1071	d380	e305	f504
1073	d263	e352	f504
1075	d390	e237	f504
1077	d280	e390	f504
1079	d145	e372	f504
1081	d319	e155	f504
1083	d208	e129	f504
1085	d174	e291	f504
1087	d355	e378	f504
1089	d394	e363	f504
1091	d185	e336	f504
1093	d114	e216	f504
1095	d206	e149	f504
1097	d107	e324	f504
1099	d108	e383	f504
1101	d200	e120	f504
1103	d271	e272	f504
1105	d253	e131	f504
1107	d275	e206	f504
1109	d346	e190	f504
1111	d338	e376	f504
1113	d314	e340	f504
1115	d389	e397	f504
1117	d218	e301	f504
1119	d169	e386	f504
1121	d398	e138	f504
1123	d364	e252	f504
1125	d378	e262	f504
1127	d331	e212	f504
1129	d346	e307	f504
1131	d364	e201	f504
1133	d174	e262	f504
1135	d121	e177	f504
1137	d115	e116	f504
1139	d396	e357	f504
1141	d265	e124	f504
1143	d362	e281	f504
1145	d262	e282	f504
1147	d257	e205	f504
1149	d340	e169	f504
1151	d240	e157	f504
1153	d107	e234	f504
1155	d245	e309	f504
1157	d358	e289	f504
1159	d258	e138	f504
1161	d217	e107	f504
1163	d159	e143	f504
1165	d120	e243	f504
1167	d142	e326	f504
1169	d235	e161	f504
1171	d296	e331	f504
1173	d349	e107	f504
1175	d288	e214	f504
1177	d280	e274	f504
1179	d288	e320	f504
1181	d162	e199	f504
1183	d115	e241	f504
1185	d374	e313	f504
1187	d380	e236	f504
1189	d272	e214	f504
1191	d312	e315	f504
1193	d117	e224	f504
1195	d372	e161	f504
1197	d301	e368	f504
1199	d258	e214	f504
2000	d152	e219	f294
2001	d353	e389	f369
2002	d335	e185	f350
2003	d115	e363	f207
2004	d162	e170	f377
2005	d333	e352	f320
2006	d381	e261	f226
2007	d274	e194	f273
2008	d387	e266	f134
2009	d331	e385	f320
2010	d215	e392	f382
2011	d265	e101	f195
2012	d160	e338	f322
2013	d134	e361	f107
2014	d310	e355	f150
2015	d172	e334	f296
2016	d221	e226	f396
2017	d219	e225	f285
2018	d131	e197	f295
2019	d146	e137	f154
2020	d340	e385	f375
2021	d117	e152	f260
2022	d248	e392	f306
2023	d199	e315	f324
2024	d377	e367	f399
2025	d284	e291	f315
2026	d252	e388	f116
2027	d341	e200	f367
2028	d135	e212	f352
2029	d355	e294	f225
2030	d105	e330	f164
2031	d304	e359	f203
2032	d388	e110	f382
2033	d291	e299	f121
2034	d160	e216	f359
2035	d366	e281	f224
2036	d294	e237	f284
2037	d192	e155	f187
2038	d335	e158	f120
2039	d219	e398	f399
2040	d241	e306	f305
2041	d283	e222	f238
2042	d312	e213	f279
2043	d163	e246	f353
2044	d165	e299	f115
2045	d110	e167	f308
2046	d126	e226	f177
2047	d306	e112	f155
2048	d396	e176	f146
2049	d323	e126	f338
2050	d279	e307	f174
2051	d304	e151	f178
2052	d241	e322	f190
2053	d150	e259	f239
2054	d340	e182	f310
2055	d334	e210	f108
2056	d199	e277	f379
2057	d326	e156	f282
2058	d315	e111	f145
2059	d384	e331	f165
2060	d286	e209	f221
2061	d122	e140	f377
2062	d251	e181	f320
2063	d127	e350	f160
2064	d363	e188	f394
2065	d213	e399	f272
2066	d316	e374	f348
2067	d329	e361	f141
2068	d103	e192	f205
2069	d346	e368	f322
2070	d371	e385	f197
2071	d235	e197	f242
2072	d194	e351	f382
2073	d375	e255	f108
2074	d160	e239	f385
2075	d228	e250	f172
2076	d177	e165	f142
2077	d339	e311	f125
2078	d266	e334	f119
2079	d309	e101	f101
2080	d363	e370	f247
2081	d295	e145	f183
2082	d384	e150	f368
2083	d165	e181	f365
2084	d361	e322	f213
2085	d393	e147	f358
2086	d226	e298	f237
2087	d350	e151	f397
2088	d367	e373	f185
2089	d268	e191	f309
2090	d292	e128	f336
2091	d327	e226	f129
2092	d303	e233	f188
2093	d128	e138	f303
2094	d320	e170	f273
2095	d299	e253	f350
2096	d207	e125	f183
2097	d285	e231	f216
2098	d376	e266	f302
2099	d205	e306	f123
2100	d232	e289	f187
2101	d320	e345	f227
2102	d169	e219	f303
2103	d395	e230	f128
2104	d314	e320	f172
2105	d319	e227	f181
2106	d348	e332	f308
2107	d278	e376	f291
2108	d372	e384	f334
2109	d184	e360	f318
2110	d379	e338	f354
2111	d389	e269	f192
2112	d333	e350	f212
2113	d377	e179	f343
2114	d110	e167	f312
2115	d322	e387	f266
2116	d327	e329	f221
2117	d239	e132	f236
2118	d186	e307	f153
2119	d103	e385	f223
2120	d126	e142	f174
2121	d112	e180	f115
2122	d310	e271	f186
2123	d310	e179	f336
2124	d168	e255	f330
2125	d165	e212	f238
2126	d160	e291	f232
2127	d363	e284	f190
2128	d392	e291	f295
2129	d171	e193	f240
2130	d297	e391	f181
2131	d266	e292	f264
2132	d310	e247	f285
2133	d283	e256	f203
2134	d139	e172	f175
2135	d164	e347	f281
2136	d121	e385	f319
2137	d217	e146	f308
2138	d385	e235	f114
2139	d266	e188	f123
2140	d169	e150	f230
2141	d247	e343	f371
2142	d265	e375	f192
2143	d116	e262	f387
2144	d190	e128	f228
2145	d106	e191	f145
2146	d162	e102	f124
2147	d100	e327	f399
2148	d330	e353	f355
2149	d351	e185	f152
2150	d317	e316	f239
2151	d372	e236	f391
2152	d121	e200	f152
2153	d204	e288	f316
2154	d336	e161	f183
2155	d105	e255	f392
2156	d338	e203	f272
2157	d372	e259	f173
2158	d318	e322	f204
2159	d222	e271	f164
2160	d316	e171	f336
2161	d313	e344	f163
2162	d142	e205	f218
2163	d295	e213	f208
2164	d236	e285	f319
2165	d293	e327	f244
2166	d265	e168	f326
2167	d255	e110	f280
2168	d273	e302	f204
2169	d290	e200	f321
2170	d396	e114	f196
2171	d151	e361	f171
2172	d246	e390	f250
2173	d356	e310	f360
2174	d360	e364	f135
2175	d309	e301	f268
2176	d355	e130	f190
2177	d227	e276	f106
2178	d107	e273	f295
2179	d235	e291	f236
2180	d152	e350	f187
2181	d116	e157	f337
2182	d236	e378	f245
2183	d119	e390	f177
2184	d320	e185	f313
2185	d160	e252	f187
2186	d209	e172	f395
2187	d128	e230	f328
2188	d235	e179	f395
2189	d182	e184	f331
2190	d140	e324	f297
2191	d348	e141	f109
2192	d134	e273	f118
2193	d198	e381	f297
2194	d325	e162	f246
2195	d346	e192	f119
2196	d266	e266	f178
2197	d218	e219	f284
2198	d170	e192	f358
2199	d190	e389	f164
2200	d268	e389	f360
2201	d111	e227	f221
2202	d319	e267	f348
2203	d159	e291	f101
2204	d118	e304	f129
2205	d189	e271	f112
2206	d378	e226	f183
2207	d390	e267	f226
2208	d130	e147	f390
2209	d165	e184	f220
2210	d156	e224	f160
2211	d184	e276	f321
2212	d330	e170	f307
2213	d375	e338	f394
2214	d343	e167	f105
2215	d275	e269	f143
2216	d197	e296	f326
2217	d131	e242	f289
2218	d313	e233	f127
2219	d166	e132	f254
2220	d191	e206	f120
2221	d397	e318	f344
2222	d361	e393	f368
2223	d170	e324	f362
2224	d389	e288	f205
2225	d351	e131	f315
2226	d125	e171	f376
2227	d114	e124	f271
2228	d389	e148	f305
2229	d352	e362	f257
2230	d129	e282	f150
2231	d222	e276	f120
2232	d128	e377	f129
2233	d325	e162	f361
2234	d229	e329	f273
2235	d285	e219	f103
2236	d199	e162	f281
2237	d237	e258	f272
2238	d342	e135	f276
2239	d114	e344	f264
2240	d121	e123	f164
2241	d341	e185	f144
2242	d361	e371	f294
2243	d224	e157	f209
2244	d382	e361	f258
2245	d347	e274	f170
2246	d297	e120	f384
2247	d199	e355	f353
2248	d173	e342	f354
2249	d162	e385	f228
2250	d244	e102	f248
2251	d392	e152	f390
2252	d215	e237	f355
2253	d278	e301	f274
2254	d115	e382	f272
2255	d303	e295	f285
2256	d298	e244	f377
2257	d380	e160	f228
2258	d109	e126	f251
2259	d337	e154	f355
2260	d212	e358	f107
2261	d113	e125	f344
2262	d191	e370	f358
2263	d221	e370	f250
2264	d181	e345	f354
2265	d329	e255	f212
2266	d132	e249	f304
2267	d119	e142	f111
2268	d184	e174	f195
2269	d303	e179	f173
2270	d329	e158	f173
2271	d391	e296	f142
2272	d209	e214	f265
2273	d228	e355	f393
2274	d244	e380	f196
2275	d288	e185	f351
2276	d332	e193	f261
2277	d207	e363	f335
2278	d385	e201	f281
2279	d325	e348	f213
2280	d203	e363	f354
2281	d222	e268	f202
2282	d172	e102	f368
2283	d255	e304	f265
2284	d237	e296	f135
2285	d223	e122	f291
2286	d159	e392	f196
2287	d104	e243	f323
2288	d169	e383	f395
2289	d220	e147	f221
2290	d326	e381	f317
2291	d111	e353	f252
2292	d390	e351	f240
2293	d305	e241	f131
2294	d281	e181	f178
2295	d234	e151	f280
2296	d212	e323	f359
2297	d235	e131	f163
2298	d230	e154	f377
2299	d189	e246	f314
2300	d392	e127	f154
2301	d120	e186	f381
2302	d395	e340	f352
2303	d153	e311	f179
2304	d387	e160	f133
2305	d260	e340	f195
2306	d280	e249	f141
2307	d118	e256	f129
2308	d382	e102	f235
2309	d339	e235	f370
2310	d219	e367	f356
2311	d127	e228	f202
2312	d177	e199	f205
2313	d185	e373	f307
2314	d194	e281	f155
2315	d159	e338	f139
2316	d150	e225	f181
2317	d255	e332	f101
2318	d346	e284	f134
2319	d299	e328	f270
2320	d166	e371	f240
2321	d217	e288	f270
2322	d204	e323	f250
2323	d183	e384	f140
2324	d337	e183	f303
2325	d130	e190	f294
2326	d140	e208	f155
2327	d339	e297	f376
2328	d121	e265	f343
2329	d344	e319	f191
2330	d399	e281	f385
2331	d166	e310	f281
2332	d204	e275	f303
2333	d236	e156	f238
2334	d238	e177	f207
2335	d173	e259	f118
2336	d393	e311	f390
2337	d386	e256	f281
2338	d306	e107	f233
2339	d166	e238	f247
2340	d269	e145	f217
2341	d107	e180	f184
2342	d336	e190	f148
2343	d240	e339	f233
2344	d120	e288	f114
2345	d126	e321	f116
2346	d140	e311	f368
2347	d181	e385	f363
2348	d323	e386	f294
2349	d282	e315	f302
2350	d316	e126	f360
2351	d318	e298	f270
2352	d307	e236	f383
2353	d294	e277	f267
2354	d267	e210	f380
2355	d233	e147	f212
2356	d288	e138	f395
2357	d343	e340	f286
2358	d292	e297	f158
2359	d372	e282	f305
2360	d182	e153	f190
2361	d246	e123	f378
2362	d303	e280	f249
2363	d336	e190	f130
2364	d370	e224	f204
2365	d273	e239	f368
2366	d386	e393	f399
2367	d139	e312	f258
2368	d350	e349	f389
2369	d369	e256	f234
2370	d367	e385	f290
2371	d325	e374	f158
2372	d236	e343	f102
2373	d336	e239	f226
2374	d230	e379	f260
2375	d388	e399	f112
2376	d201	e379	f298
2377	d253	e224	f119
2378	d238	e376	f119
2379	d145	e326	f279
2380	d268	e315	f151
2381	d145	e200	f360
2382	d172	e393	f202
2383	d183	e158	f235
2384	d172	e385	f239
2385	d383	e364	f208
2386	d146	e336	f262
2387	d297	e201	f341
2388	d310	e279	f300
2389	d131	e344	f253
2390	d118	e154	f144
2391	d306	e250	f365
2392	d190	e389	f356
2393	d169	e374	f269
2394	d157	e333	f272
2395	d119	e268	f340
2396	d223	e113	f144
2397	d341	e103	f352
2398	d169	e228	f103
2399	d334	e152	f365
2400	d373	e101	f162
2401	d234	e391	f200
2402	d234	e181	f264
2403	d322	e161	f106
2404	d162	e130	f126
2405	d304	e135	f291
2406	d137	e110	f359
2407	d293	e268	f260
2408	d254	e395	f377
2409	d208	e355	f112
2410	d259	e100	f257
2411	d373	e129	f295
2412	d297	e118	f270
2413	d252	e116	f234
2414	d392	e251	f357
2415	d297	e101	f390
2416	d313	e371	f233
2417	d183	e126	f109
2418	d390	e276	f393
2419	d376	e227	f179
2420	d105	e113	f114
2421	d107	e179	f386
2422	d348	e228	f374
2423	d352	e159	f321
2424	d253	e252	f209
2425	d337	e359	f197
2426	d237	e289	f132
2427	d256	e296	f105
2428	d299	e372	f391
2429	d270	e197	f318
2430	d141	e159	f234
2431	d392	e128	f286
2432	d379	e380	f315
2433	d195	e184	f179
2434	d302	e104	f105
2435	d148	e274	f293
2436	d213	e174	f305
2437	d297	e265	f368
2438	d370	e136	f351
2439	d310	e341	f174
2440	d140	e372	f396
2441	d126	e247	f105
2442	d396	e300	f395
2443	d114	e348	f222
2444	d140	e263	f237
2445	d147	e357	f155
2446	d151	e153	f388
2447	d123	e147	f130
2448	d150	e226	f191
2449	d279	e262	f321
2450	d394	e278	f325
2451	d172	e351	f152
2452	d164	e384	f334
2453	d133	e125	f221
2454	d183	e191	f241
2455	d206	e290	f130
2456	d127	e140	f116
2457	d258	e193	f274
2458	d375	e151	f213
2459	d281	e141	f146
2460	d372	e242	f300
2461	d207	e224	f307
2462	d202	e190	f373
2463	d175	e240	f268
2464	d364	e229	f355
2465	d244	e252	f285
2466	d389	e315	f319
2467	d116	e282	f365
2468	d251	e251	f173
2469	d331	e192	f348
2470	d225	e269	f353
2471	d248	e265	f254
2472	d179	e160	f161
2473	d178	e312	f313
2474	d235	e123	f377
2475	d369	e128	f243
2476	d148	e164	f312
2477	d340	e123	f327
2478	d283	e264	f117
2479	d376	e292	f199
2480	d126	e251	f182
2481	d369	e157	f188
2482	d307	e186	f385
2483	d374	e124	f294
2484	d186	e345	f251
2485	d274	e189	f362
2486	d319	e104	f112
2487	d292	e150	f369
2488	d326	e226	f118
2489	d120	e196	f185
2490	d385	e369	f325
2491	d286	e311	f137
2492	d135	e255	f203
2493	d262	e158	f370
2494	d315	e143	f312
2495	d243	e262	f393
2496	d139	e259	f164
2497	d353	e186	f394
2498	d109	e328	f122
2499	d392	e162	f393
2500	d105	e151	f366
2501	d246	e103	f207
2502	d225	e190	f357
2503	d210	e179	f236
2504	d336	e130	f223
2505	d201	e125	f194
2506	d196	e214	f172
2507	d265	e278	f379
2508	d356	e111	f285
2509	d161	e314	f231
2510	d115	e328	f391
2511	d336	e209	f122
2512	d184	e328	f134
2513	d352	e325	f167
2514	d333	e102	f147
2515	d398	e186	f281
2516	d241	e396	f107
2517	d253	e327	f268
2518	d350	e246	f308
2519	d250	e302	f386
2520	d197	e217	f233
2521	d328	e106	f249
2522	d204	e196	f368
2523	d170	e168	f118
2524	d312	e141	f291
2525	d174	e114	f343
2526	d277	e172	f149
2527	d209	e237	f215
2528	d212	e180	f238
2529	d275	e103	f368
2530	d139	e285	f137
2531	d307	e229	f164
2532	d259	e214	f253
2533	d221	e190	f125
2534	d245	e133	f207
2535	d262	e391	f351
2536	d133	e109	f374
2537	d122	e107	f110
2538	d149	e289	f281
2539	d152	e104	f308
2540	d141	e347	f107
2541	d108	e280	f241
2542	d303	e293	f163
2543	d338	e390	f319
2544	d397	e207	f229
2545	d212	e387	f237
2546	d257	e194	f385
2547	d372	e347	f167
2548	d318	e135	f162
2549	d178	e391	f319
2550	d257	e374	f335
2551	d331	e291	f167
2552	d184	e319	f368
2553	d149	e368	f293
2554	d347	e282	f348
2555	d357	e213	f388
2556	d140	e211	f254
2557	d221	e223	f109
2558	d132	e102	f375
2559	d186	e278	f391
2560	d312	e266	f161
2561	d320	e183	f110
2562	d292	e258	f267
2563	d274	e214	f288
2564	d306	e318	f258
2565	d170	e335	f358
2566	d267	e377	f175
2567	d350	e384	f199
2568	d377	e345	f110
2569	d117	e287	f325
2570	d344	e210	f247
2571	d252	e322	f328
2572	d314	e236	f374
2573	d332	e383	f203
2574	d284	e337	f220
2575	d137	e189	f148
2576	d141	e387	f357
2577	d378	e128	f291
2578	d336	e138	f311
2579	d370	e247	f283
2580	d325	e293	f246
2581	d189	e181	f235
2582	d377	e154	f238
2583	d270	e381	f310
2584	d227	e235	f151
2585	d396	e245	f324
2586	d299	e174	f275
2587	d262	e222	f131
2588	d374	e387	f147
2589	d193	e231	f362
2590	d193	e281	f153
2591	d159	e323	f219
2592	d364	e299	f239
2593	d331	e182	f103
2594	d197	e286	f373
2595	d217	e373	f247
2596	d360	e178	f109
2597	d154	e257	f171
2598	d330	e240	f337
2599	d285	e208	f380
2600	d399	e290	f211
2601	d208	e349	f178
2602	d204	e199	f270
2603	d286	e171	f229
2604	d350	e184	f219
2605	d164	e106	f230
2606	d362	e191	f318
2607	d346	e378	f331
2608	d196	e356	f144
2609	d131	e363	f274
2610	d399	e304	f355
2611	d176	e304	f177
2612	d338	e113	f163
2613	d329	e217	f162
2614	d325	e196	f194
2615	d250	e301	f381
2616	d160	e257	f261
2617	d232	e231	f283
2618	d206	e313	f388
2619	d259	e213	f175
2620	d289	e290	f278
2621	d293	e343	f332
2622	d250	e250	f384
2623	d182	e229	f361
2624	d235	e256	f221
2625	d266	e201	f136
2626	d208	e140	f315
2627	d134	e250	f364
2628	d177	e253	f250
2629	d344	e267	f243
2630	d114	e109	f359
2631	d395	e223	f395
2632	d266	e118	f224
2633	d292	e195	f280
2634	d216	e282	f328
2635	d208	e153	f166
2636	d224	e399	f149
2637	d260	e104	f138
2638	d187	e239	f175
2639	d172	e268	f144
2640	d296	e286	f261
2641	d165	e361	f393
2642	d105	e162	f108
2643	d194	e332	f136
2644	d383	e399	f209
2645	d141	e147	f201
2646	d119	e340	f309
2647	d129	e299	f138
2648	d178	e208	f137
2649	d119	e197	f244
2650	d384	e355	f258
2651	d176	e358	f364
2652	d191	e366	f260
2653	d136	e208	f268
2654	d240	e359	f169
2655	d264	e299	f120
2656	d111	e357	f168
2657	d166	e354	f216
2658	d335	e390	f260
2659	d108	e296	f263
2660	d373	e245	f189
2661	d131	e312	f184
2662	d296	e108	f110
2663	d268	e274	f376
2664	d141	e363	f139
2665	d304	e227	f330
2666	d277	e121	f263
2667	d222	e343	f266
2668	d324	e383	f255
2669	d119	e239	f301
2670	d197	e184	f121
2671	d162	e319	f202
2672	d248	e311	f363
2673	d137	e150	f221
2674	d265	e171	f168
2675	d398	e208	f228
2676	d252	e292	f374
2677	d102	e385	f334
2678	d352	e296	f249
2679	d389	e265	f286
2680	d278	e302	f271
2681	d201	e363	f261
2682	d210	e274	f116
2683	d373	e389	f235
2684	d213	e248	f142
2685	d186	e181	f195
2686	d335	e195	f308
2687	d380	e150	f250
2688	d260	e381	f373
2689	d133	e176	f242
2690	d307	e162	f314
2691	d253	e268	f292
2692	d313	e123	f101
2693	d256	e171	f248
2694	d172	e158	f310
2695	d326	e299	f122
2696	d248	e346	f391
2697	d145	e223	f203
2698	d171	e312	f334
2699	d200	e255	f197
