1	d228	e221	f161
3	d207	e246	f161
5	d362	e381	f267
7	d134	e181	f299
9	d113	e315	f158
11	d279	e154	f152
13	d298	e382	f116
15	d122	e348	f345
17	d230	e272	f194
19	d303	e163	f132
21	d124	e101	f223
23	d220	e374	f388
25	d111	e184	f211
27	d357	e333	f216
29	d296	e306	f315
31	d212	e374	f176
33	d277	e199	f194
35	d336	e190	f283
37	d124	e147	f197
39	d127	e179	f115
41	d212	e177	f378
43	d236	e254	f125
45	d299	e341	f306
47	d305	e343	f108
49	d156	e181	f373
51	d206	e147	f129
53	d364	e161	f217
55	d200	e160	f146
57	d170	e383	f385
59	d267	e125	f210
61	d115	e335	f164
63	d341	e142	f273
65	d141	e250	f175
67	d297	e144	f243
69	d257	e192	f180
71	d243	e203	f353
73	d162	e143	f112
75	d169	e312	f133
77	d257	e253	f367
79	d284	e283	f361
81	d307	e319	f167
83	d177	e163	f244
85	d145	e312	f248
87	d125	e182	f397
89	d344	e285	f150
91	d249	e281	f196
93	d139	e334	f184
95	d163	e218	f371
97	d208	e179	f280
99	d378	e331	f276
101	d108	e270	f303
103	d190	e137	f339
105	d160	e201	f236
107	d280	e321	f142
109	d378	e324	f295
111	d152	e171	f162
113	d240	e159	f126
115	d393	e142	f186
117	d149	e102	f287
119	d272	e124	f119
121	d286	e322	f101
123	d210	e207	f191
125	d382	e377	f234
127	d261	e142	f388
129	d202	e282	f231
131	d127	e193	f225
133	d185	e201	f166
135	d150	e294	f241
137	d360	e130	f377
139	d349	e349	f324
141	d370	e185	f145
143	d255	e114	f198
145	d330	e150	f177
147	d367	e243	f193
149	d352	e342	f326
151	d210	e184	f129
153	d317	e284	f229
155	d205	e395	f136
157	d120	e164	f193
159	d310	e377	f316
161	d204	e392	f387
163	d367	e214	f352
165	d115	e118	f117
167	d200	e105	f127
169	d345	e328	f179
171	d156	e257	f393
173	d381	e278	f377
175	d301	e158	f338
177	d373	e109	f203
179	d289	e392	f375
181	d385	e274	f239
183	d189	e105	f394
185	d200	e300	f199
187	d398	e225	f207
189	d339	e366	f269
191	d266	e340	f134
193	d324	e254	f386
195	d280	e287	f249
197	d234	e321	f281
199	d169	e209	f262
201	d113	e343	f318
203	d277	e134	f114
205	d341	e149	f195
207	d387	e331	f347
209	d333	e208	f173
211	d223	e273	f239
213	d177	e327	f206
215	d296	e106	f347
217	d373	e186	f399
219	d283	e140	f244
221	d379	e138	f365
223	d145	e379	f142
225	d178	e119	f383
227	d190	e135	f151
229	d150	e133	f370
231	d171	e182	f137
233	d264	e302	f103
235	d161	e194	f188
237	d189	e138	f354
239	d317	e308	f172
241	d337	e296	f312
243	d103	e323	f108
245	d327	e145	f292
247	d367	e310	f345
249	d170	e372	f213
251	d171	e136	f132
253	d216	e191	f297
255	d292	e175	f362
257	d209	e264	f151
259	d313	e102	f362
261	d194	e231	f176
263	d123	e147	f346
265	d280	e192	f254
267	d116	e122	f188
269	d226	e245	f211
271	d120	e204	f253
273	d356	e162	f102
275	d186	e304	f265
277	d131	e110	f220
279	d115	e203	f299
281	d230	e306	f234
283	d241	e277	f335
285	d154	e350	f320
287	d162	e153	f258
289	d370	e255	f273
291	d390	e362	f380
293	d355	e302	f101
295	d150	e190	f224
297	d140	e132	f375
299	d235	e259	f275
301	d330	e184	f260
303	d172	e269	f303
305	d143	e212	f196
307	d183	e284	f392
309	d339	e271	f175
311	d326	e284	f384
313	d112	e388	f375
315	d171	e249	f140
317	d163	e309	f194
319	d380	e249	f343
321	d376	e308	f129
323	d383	e356	f256
325	d380	e225	f369
327	d390	e175	f281
329	d340	e210	f310
331	d302	e130	f191
333	d371	e138	f146
335	d360	e168	f327
337	d195	e198	f143
339	d289	e164	f292
341	d390	e339	f121
343	d122	e254	f105
345	d253	e186	f356
347	d329	e234	f361
349	d177	e243	f280
351	d304	e342	f296
353	d319	e337	f229
355	d399	e138	f118
357	d278	e148	f253
359	d334	e106	f167
361	d103	e186	f213
363	d344	e274	f281
365	d373	e169	f128
367	d205	e341	f102
369	d381	e114	f352
371	d324	e204	f108
373	d250	e286	f395
375	d118	e128	f366
377	d324	e137	f302
379	d103	e127	f274
381	d339	e362	f195
383	d164	e136	f342
385	d169	e328	f140
387	d383	e322	f338
389	d124	e399	f335
391	d356	e128	f308
393	d302	e153	f208
395	d251	e185	f218
397	d190	e205	f156
399	d165	e241	f357
401	d175	e394	f127
403	d194	e288	f184
405	d119	e146	f395
407	d237	e288	f252
409	d383	e162	f150
411	d112	e305	f239
413	d128	e166	f395
415	d126	e148	f171
417	d162	e127	f111
419	d346	e269	f225
421	d130	e190	f223
423	d217	e163	f286
425	d369	e175	f321
427	d310	e316	f352
429	d332	e371	f219
431	d105	e328	f102
433	d130	e269	f254
435	d342	e233	f299
437	d301	e362	f239
439	d312	e383	f228
441	d319	e116	f145
443	d271	e361	f189
445	d226	e309	f383
447	d271	e364	f312
449	d117	e240	f208
451	d276	e264	f103
453	d287	e148	f361
455	d348	e173	f194
457	d216	e145	f215
459	d135	e289	f140
461	d387	e212	f106
463	d138	e328	f399
465	d110	e149	f116
467	d196	e399	f116
469	d384	e304	f328
471	d280	e368	f217
473	d393	e222	f132
475	d189	e273	f364
477	d212	e108	f380
479	d346	e279	f204
481	d173	e205	f331
483	d187	e284	f268
485	d133	e336	f326
487	d116	e313	f374
489	d286	e342	f202
491	d157	e165	f207
493	d240	e100	f146
495	d206	e364	f268
497	d280	e361	f193
499	d195	e216	f305
501	d344	e299	f246
503	d203	e219	f374
505	d135	e249	f316
507	d121	e196	f239
509	d247	e374	f116
511	d142	e184	f201
513	d291	e252	f359
515	d308	e152	f297
517	d386	e103	f295
519	d186	e232	f233
521	d397	e209	f232
523	d334	e347	f217
525	d366	e379	f369
527	d367	e178	f142
529	d355	e112	f396
531	d259	e364	f102
533	d361	e177	f248
535	d128	e272	f195
537	d364	e339	f278
539	d190	e241	f227
541	d230	e159	f230
543	d188	e321	f357
545	d366	e173	f165
547	d355	e303	f342
549	d237	e387	f324
551	d280	e359	f232
553	d304	e105	f343
555	d357	e111	f216
557	d360	e390	f345
559	d211	e316	f358
561	d168	e275	f254
563	d287	e152	f399
565	d140	e109	f107
567	d127	e389	f235
569	d154	e277	f256
571	d212	e240	f190
573	d354	e261	f107
575	d304	e187	f119
577	d313	e244	f103
579	d104	e327	f118
581	d143	e165	f388
583	d240	e247	f300
585	d111	e294	f287
587	d219	e212	f225
589	d271	e382	f298
591	d193	e335	f397
593	d361	e358	f300
595	d226	e329	f239
597	d211	e396	f131
599	d268	e130	f114
601	d228	e375	f128
603	d174	e169	f209
605	d194	e149	f389
607	d221	e198	f138
609	d246	e305	f389
611	d251	e147	f390
613	d165	e279	f119
615	d181	e178	f268
617	d222	e283	f343
619	d119	e383	f232
621	d356	e169	f265
623	d363	e228	f226
625	d304	e307	f279
627	d103	e119	f223
629	d322	e189	f288
631	d315	e132	f379
633	d363	e242	f140
635	d394	e141	f133
637	d169	e215	f196
639	d151	e189	f181
641	d259	e291	f165
643	d175	e342	f125
645	d303	e327	f367
647	d227	e204	f142
649	d225	e212	f114
651	d351	e127	f109
653	d135	e392	f258
655	d152	e354	f303
657	d143	e285	f341
659	d372	e210	f161
661	d387	e365	f339
663	d399	e262	f116
665	d160	e235	f225
667	d196	e297	f343
669	d219	e316	f339
671	d275	e371	f111
673	d203	e382	f398
675	d308	e264	f358
677	d296	e247	f216
679	d218	e244	f132
681	d206	e161	f373
683	d226	e303	f336
685	d310	e118	f116
687	d286	e200	f346
689	d169	e322	f121
691	d230	e161	f209
693	d121	e164	f270
695	d346	e346	f311
697	d234	e248	f181
699	d239	e183	f163
701	d320	e131	f324
703	d248	e320	f350
705	d187	e316	f320
707	d257	e147	f208
709	d347	e128	f319
711	d360	e249	f144
713	d375	e222	f210
715	d352	e158	f261
717	d374	e366	f332
719	d119	e127	f257
721	d182	e271	f177
723	d100	e202	f224
725	d158	e347	f298
727	d284	e175	f115
729	d119	e279	f334
731	d116	e228	f152
733	d383	e315	f381
735	d303	e276	f379
737	d165	e173	f250
739	d193	e274	f217
741	d333	e241	f178
743	d351	e133	f100
745	d251	e319	f391
747	d286	e115	f264
749	d286	e278	f277
751	d335	e395	f126
753	d263	e385	f130
755	d128	e179	f259
757	d154	e275	f291
759	d343	e380	f117
761	d356	e352	f231
763	d231	e198	f257
765	d373	e367	f273
767	d273	e328	f370
769	d170	e362	f199
771	d363	e188	f300
773	d196	e140	f389
775	d188	e295	f296
777	d355	e385	f134
779	d366	e215	f112
781	d185	e241	f382
783	d331	e398	f372
785	d390	e170	f240
787	d211	e337	f161
789	d227	e174	f202
791	d187	e257	f129
793	d192	e204	f246
795	d329	e175	f183
797	d125	e331	f284
799	d177	e178	f242
1001	d296	e173	f504
1003	d233	e272	f504
1005	d219	e277	f504
1007	d355	e234	f504
1009	d195	e154	f504
1011	d332	e307	f504
1013	d351	e193	f504
1015	d271	e189	f504
1017	d174	e129	f504
1019	d330	e183	f504
1021	d306	e270	f504
1023	d334	e326	f504
1025	d329	e321	f504
1027	d110	e392	f504
1029	d398	e211	f504
1031	d225	e306	f504
1033	d188	e172	f504
1035	d209	e260	f504
1037	d348	e378	f504
1039	d202	e367	f504
1041	d258	e264	f504
1043	d351	e340	f504
1045	d183	e264	f504
1047	d247	e368	f504
1049	d222	e253	f504
1051	d247	e178	f504
1053	d345	e397	f504
1055	d366	e385	f504
1057	d333	e214	f504
1059	d178	e146	f504
1061	d379	e390	f504
1063	d357	e154	f504
1065	d210	e140	f504
1067	d258	e351	f504
1069	d147	e349	f504
1071	d380	e305	f504
1073	d263	e352	f504
1075	d390	e237	f504
1077	d280	e390	f504
1079	d145	e372	f504
1081	d319	e155	f504
1083	d208	e129	f504
1085	d174	e291	f504
1087	d355	e378	f504
1089	d394	e363	f504
1091	d185	e336	f504
1093	d114	e216	f504
1095	d206	e149	f504
1097	d107	e324	f504
1099	d108	e383	f504
1101	d200	e120	f504
1103	d271	e272	f504
1105	d253	e131	f504
1107	d275	e206	f504
1109	d346	e190	f504
1111	d338	e376	f504
1113	d314	e340	f504
1115	d389	e397	f504
1117	d218	e301	f504
1119	d169	e386	f504
1121	d398	e138	f504
1123	d364	e252	f504
1125	d378	e262	f504
1127	d331	e212	f504
1129	d346	e307	f504
1131	d364	e201	f504
1133	d174	e262	f504
1135	d121	e177	f504
1137	d115	e116	f504
1139	d396	e357	f504
1141	d265	e124	f504
1143	d362	e281	f504
1145	d262	e282	f504
1147	d257	e205	f504
1149	d340	e169	f504
1151	d240	e157	f504
1153	d107	e234	f504
1155	d245	e309	f504
1157	d358	e289	f504
1159	d258	e138	f504
1161	d217	e107	f504
1163	d159	e143	f504
1165	d120	e243	f504
1167	d142	e326	f504
1169	d235	e161	f504
1171	d296	e331	f504
1173	d349	e107	f504
1175	d288	e214	f504
1177	d280	e274	f504
1179	d288	e320	f504
1181	d162	e199	f504
1183	d115	e241	f504
1185	d374	e313	f504
1187	d380	e236	f504
1189	d272	e214	f504
1191	d312	e315	f504
1193	d117	e224	f504
1195	d372	e161	f504
1197	d301	e368	f504
1199	d258	e214	f504
2000	d107	e347	f156
2001	d342	e281	f243
2002	d350	e249	f332
2003	d273	e296	f134
2004	d308	e389	f118
2005	d266	e218	f156
2006	d369	e195	f134
2007	d217	e264	f356
2008	d202	e200	f148
2009	d132	e352	f321
2010	d385	e305	f219
2011	d278	e330	f315
2012	d286	e240	f223
2013	d321	e156	f318
2014	d165	e247	f388
2015	d265	e237	f261
2016	d136	e393	f377
2017	d203	e156	f152
2018	d150	e314	f138
2019	d358	e264	f113
2020	d261	e188	f271
2021	d113	e309	f372
2022	d341	e230	f168
2023	d210	e103	f279
2024	d387	e292	f381
2025	d154	e144	f173
2026	d351	e328	f111
2027	d335	e153	f216
2028	d118	e290	f121
2029	d119	e348	f357
2030	d319	e236	f351
2031	d125	e398	f198
2032	d155	e327	f312
2033	d389	e104	f125
2034	d189	e188	f278
2035	d317	e391	f300
2036	d150	e232	f187
2037	d223	e215	f152
2038	d159	e111	f238
2039	d311	e368	f383
2040	d213	e235	f144
2041	d374	e197	f273
2042	d349	e121	f125
2043	d185	e358	f153
2044	d223	e259	f375
2045	d395	e215	f100
2046	d335	e202	f196
2047	d222	e214	f378
2048	d397	e246	f226
2049	d261	e227	f287
2050	d212	e171	f309
2051	d152	e346	f309
2052	d197	e176	f144
2053	d176	e165	f209
2054	d359	e281	f290
2055	d358	e375	f236
2056	d304	e137	f282
2057	d394	e157	f387
2058	d157	e329	f182
2059	d254	e351	f385
2060	d299	e259	f393
2061	d213	e329	f194
2062	d280	e295	f217
2063	d319	e276	f294
2064	d301	e172	f391
2065	d314	e172	f221
2066	d347	e346	f393
2067	d108	e152	f320
2068	d253	e382	f257
2069	d119	e150	f372
2070	d111	e388	f394
2071	d188	e342	f220
2072	d117	e129	f193
2073	d315	e144	f233
2074	d170	e341	f236
2075	d130	e342	f198
2076	d291	e251	f264
2077	d330	e211	f165
2078	d140	e378	f399
2079	d286	e356	f261
2080	d196	e123	f351
2081	d185	e166	f288
2082	d303	e162	f292
2083	d211	e319	f148
2084	d372	e381	f327
2085	d134	e301	f159
2086	d160	e204	f396
2087	d273	e119	f302
2088	d122	e361	f237
2089	d107	e348	f178
2090	d255	e353	f361
2091	d111	e115	f216
2092	d197	e263	f103
2093	d240	e209	f300
2094	d308	e270	f392
2095	d296	e244	f267
2096	d144	e214	f261
2097	d152	e200	f117
2098	d207	e276	f338
2099	d248	e161	f222
2100	d351	e243	f338
2101	d392	e251	f147
2102	d249	e376	f344
2103	d256	e144	f324
2104	d291	e294	f162
2105	d250	e145	f104
2106	d219	e299	f139
2107	d389	e262	f266
2108	d335	e203	f193
2109	d329	e294	f226
2110	d160	e396	f210
2111	d355	e325	f394
2112	d325	e223	f293
2113	d190	e206	f347
2114	d355	e361	f101
2115	d372	e118	f145
2116	d115	e306	f286
2117	d114	e313	f167
2118	d255	e273	f227
2119	d243	e360	f237
2120	d257	e237	f277
2121	d105	e363	f319
2122	d129	e100	f390
2123	d362	e148	f198
2124	d167	e368	f145
2125	d296	e288	f100
2126	d149	e242	f278
2127	d374	e258	f260
2128	d349	e102	f226
2129	d152	e312	f160
2130	d287	e223	f216
2131	d371	e101	f140
2132	d211	e274	f343
2133	d187	e125	f198
2134	d223	e164	f273
2135	d227	e364	f250
2136	d302	e146	f146
2137	d145	e274	f376
2138	d274	e249	f164
2139	d363	e200	f124
2140	d362	e158	f256
2141	d192	e144	f120
2142	d208	e145	f167
2143	d346	e366	f255
2144	d227	e294	f345
2145	d106	e143	f212
2146	d252	e377	f216
2147	d387	e348	f162
2148	d243	e196	f271
2149	d207	e317	f185
2150	d225	e325	f150
2151	d162	e143	f236
2152	d168	e329	f211
2153	d365	e120	f297
2154	d168	e255	f333
2155	d357	e344	f146
2156	d347	e263	f207
2157	d233	e227	f291
2158	d232	e148	f188
2159	d378	e115	f125
2160	d277	e111	f336
2161	d133	e137	f104
2162	d196	e361	f263
2163	d342	e204	f239
2164	d384	e124	f237
2165	d136	e286	f369
2166	d311	e187	f205
2167	d151	e381	f302
2168	d365	e185	f269
2169	d396	e282	f255
2170	d277	e112	f251
2171	d173	e242	f279
2172	d292	e245	f341
2173	d355	e377	f399
2174	d116	e315	f192
2175	d128	e175	f239
2176	d330	e168	f137
2177	d138	e280	f188
2178	d341	e232	f117
2179	d225	e278	f304
2180	d213	e326	f270
2181	d169	e165	f362
2182	d302	e380	f295
2183	d206	e388	f372
2184	d308	e251	f192
2185	d217	e380	f380
2186	d368	e237	f160
2187	d166	e397	f313
2188	d309	e224	f160
2189	d362	e201	f186
2190	d295	e272	f207
2191	d339	e209	f270
2192	d252	e263	f378
2193	d278	e132	f109
2194	d120	e346	f382
2195	d295	e288	f184
2196	d133	e142	f102
2197	d388	e206	f363
2198	d245	e299	f226
2199	d335	e358	f350
2200	d186	e164	f376
2201	d195	e272	f275
2202	d297	e305	f109
2203	d265	e311	f156
2204	d274	e120	f352
2205	d230	e358	f206
2206	d218	e284	f307
2207	d167	e321	f345
2208	d339	e289	f295
2209	d228	e279	f161
2210	d296	e233	f300
2211	d345	e101	f191
2212	d272	e160	f346
2213	d111	e104	f270
2214	d261	e106	f256
2215	d217	e267	f126
2216	d391	e341	f304
2217	d128	e354	f115
2218	d211	e397	f156
2219	d218	e268	f107
2220	d206	e335	f398
2221	d385	e221	f358
2222	d187	e311	f272
2223	d134	e162	f271
2224	d279	e345	f357
2225	d154	e356	f218
2226	d367	e120	f324
2227	d251	e330	f136
2228	d134	e302	f135
2229	d371	e370	f253
2230	d282	e163	f114
2231	d339	e230	f140
2232	d242	e110	f199
2233	d387	e317	f339
2234	d202	e313	f230
2235	d309	e276	f174
2236	d127	e266	f109
2237	d262	e242	f182
2238	d263	e101	f352
2239	d289	e334	f353
2240	d231	e269	f253
2241	d363	e396	f286
2242	d175	e228	f250
2243	d168	e201	f155
2244	d116	e332	f179
2245	d384	e361	f359
2246	d202	e276	f343
2247	d255	e167	f228
2248	d195	e120	f142
2249	d181	e276	f224
2250	d278	e142	f308
2251	d106	e216	f167
2252	d323	e282	f202
2253	d108	e239	f265
2254	d217	e220	f126
2255	d243	e141	f163
2256	d200	e141	f224
2257	d272	e280	f249
2258	d259	e187	f228
2259	d101	e249	f236
2260	d289	e202	f195
2261	d325	e216	f255
2262	d333	e344	f269
2263	d240	e243	f321
2264	d175	e167	f274
2265	d102	e107	f264
2266	d383	e183	f329
2267	d203	e200	f254
2268	d362	e123	f287
2269	d298	e316	f151
2270	d310	e363	f324
2271	d391	e390	f132
2272	d284	e117	f321
2273	d342	e225	f342
2274	d361	e119	f243
2275	d378	e361	f168
2276	d152	e374	f207
2277	d244	e214	f397
2278	d192	e163	f394
2279	d296	e109	f188
2280	d243	e114	f351
2281	d132	e260	f111
2282	d269	e331	f310
2283	d363	e216	f355
2284	d255	e341	f250
2285	d391	e148	f339
2286	d198	e225	f174
2287	d165	e112	f153
2288	d126	e260	f274
2289	d170	e262	f227
2290	d260	e224	f171
2291	d195	e202	f102
2292	d250	e163	f118
2293	d184	e214	f350
2294	d200	e335	f235
2295	d133	e363	f227
2296	d285	e383	f115
2297	d384	e207	f313
2298	d201	e213	f375
2299	d281	e259	f323
2300	d397	e233	f378
2301	d112	e236	f125
2302	d207	e310	f111
2303	d317	e300	f381
2304	d125	e317	f343
2305	d308	e287	f381
2306	d278	e202	f325
2307	d315	e366	f305
2308	d251	e168	f115
2309	d109	e239	f182
2310	d249	e282	f152
2311	d130	e127	f145
2312	d309	e163	f243
2313	d187	e101	f335
2314	d358	e141	f108
2315	d118	e184	f388
2316	d127	e288	f249
2317	d193	e230	f160
2318	d235	e101	f305
2319	d307	e316	f231
2320	d144	e154	f316
2321	d386	e293	f294
2322	d244	e290	f273
2323	d389	e201	f192
2324	d159	e262	f364
2325	d145	e117	f164
2326	d252	e135	f228
2327	d372	e222	f234
2328	d353	e184	f271
2329	d166	e361	f313
2330	d295	e277	f232
2331	d345	e291	f232
2332	d123	e341	f340
2333	d353	e280	f190
2334	d369	e345	f151
2335	d258	e141	f303
2336	d159	e197	f344
2337	d237	e350	f397
2338	d150	e189	f264
2339	d168	e315	f152
2340	d271	e281	f388
2341	d240	e181	f338
2342	d328	e245	f241
2343	d185	e399	f305
2344	d103	e270	f229
2345	d369	e370	f262
2346	d324	e333	f145
2347	d304	e280	f310
2348	d277	e174	f309
2349	d355	e215	f200
2350	d282	e376	f109
2351	d233	e149	f178
2352	d187	e308	f340
2353	d381	e217	f133
2354	d368	e339	f377
2355	d324	e226	f317
2356	d350	e154	f279
2357	d309	e163	f109
2358	d358	e338	f148
2359	d223	e255	f271
2360	d340	e398	f106
2361	d297	e388	f221
2362	d121	e293	f265
2363	d154	e272	f321
2364	d198	e240	f241
2365	d300	e193	f398
2366	d223	e246	f356
2367	d271	e107	f134
2368	d246	e300	f305
2369	d332	e316	f241
2370	d151	e370	f142
2371	d308	e293	f140
2372	d155	e347	f341
2373	d282	e357	f321
2374	d341	e322	f104
2375	d227	e121	f335
2376	d281	e284	f362
2377	d214	e309	f118
2378	d215	e214	f269
2379	d395	e233	f141
2380	d242	e230	f199
2381	d150	e265	f113
2382	d101	e194	f317
2383	d277	e269	f113
2384	d202	e350	f188
2385	d354	e219	f373
2386	d102	e330	f154
2387	d289	e340	f296
2388	d208	e343	f349
2389	d255	e344	f381
2390	d283	e102	f141
2391	d390	e211	f111
2392	d138	e143	f342
2393	d123	e134	f312
2394	d379	e332	f286
2395	d369	e374	f202
2396	d382	e312	f296
2397	d117	e132	f100
2398	d217	e221	f126
2399	d269	e292	f146
2400	d323	e323	f216
2401	d196	e262	f312
2402	d248	e361	f282
2403	d217	e235	f251
2404	d396	e296	f199
2405	d145	e265	f136
2406	d381	e336	f203
2407	d238	e251	f388
2408	d355	e153	f287
2409	d323	e211	f151
2410	d212	e233	f357
2411	d103	e396	f287
2412	d391	e121	f161
2413	d196	e365	f253
2414	d290	e193	f307
2415	d375	e124	f107
2416	d102	e319	f327
2417	d174	e289	f165
2418	d188	e262	f190
2419	d355	e193	f276
2420	d254	e187	f278
2421	d274	e242	f376
2422	d210	e286	f213
2423	d162	e115	f288
2424	d161	e399	f183
2425	d229	e256	f257
2426	d307	e116	f274
2427	d284	e109	f270
2428	d340	e288	f387
2429	d128	e112	f182
2430	d135	e318	f276
2431	d339	e371	f177
2432	d279	e189	f107
2433	d353	e183	f272
2434	d112	e293	f368
2435	d146	e394	f280
2436	d179	e307	f165
2437	d153	e144	f351
2438	d166	e208	f153
2439	d255	e247	f213
2440	d348	e259	f297
2441	d326	e311	f308
2442	d123	e353	f171
2443	d378	e155	f218
2444	d298	e111	f310
2445	d133	e370	f189
2446	d364	e391	f262
2447	d316	e201	f331
2448	d186	e128	f351
2449	d299	e228	f316
2450	d350	e189	f311
2451	d222	e182	f223
2452	d226	e293	f340
2453	d212	e225	f165
2454	d270	e299	f319
2455	d121	e100	f351
2456	d195	e299	f292
2457	d301	e158	f292
2458	d205	e385	f172
2459	d173	e138	f327
2460	d287	e322	f382
2461	d340	e346	f315
2462	d218	e299	f274
2463	d337	e121	f228
2464	d208	e225	f388
2465	d255	e370	f285
2466	d330	e275	f356
2467	d151	e128	f332
2468	d135	e261	f300
2469	d113	e123	f154
2470	d321	e381	f372
2471	d262	e129	f255
2472	d140	e346	f135
2473	d212	e104	f382
2474	d356	e319	f237
2475	d368	e168	f198
2476	d248	e103	f379
2477	d136	e203	f164
2478	d101	e209	f159
2479	d156	e193	f308
2480	d348	e307	f194
2481	d394	e330	f263
2482	d235	e208	f384
2483	d225	e244	f136
2484	d394	e173	f394
2485	d351	e254	f219
2486	d356	e237	f384
2487	d330	e218	f158
2488	d385	e379	f277
2489	d193	e153	f266
2490	d307	e103	f199
2491	d162	e399	f104
2492	d311	e227	f344
2493	d122	e253	f290
2494	d226	e342	f373
2495	d365	e352	f313
2496	d269	e240	f255
2497	d391	e108	f176
2498	d112	e321	f324
2499	d325	e132	f271
2500	d269	e231	f136
2501	d199	e152	f216
2502	d171	e137	f157
2503	d356	e224	f272
2504	d150	e178	f240
2505	d169	e160	f348
2506	d210	e120	f300
2507	d185	e167	f172
2508	d126	e146	f284
2509	d254	e156	f177
2510	d374	e116	f225
2511	d108	e145	f305
2512	d388	e327	f287
2513	d258	e113	f236
2514	d335	e283	f269
2515	d222	e316	f266
2516	d128	e245	f375
2517	d176	e348	f378
2518	d189	e247	f370
2519	d142	e226	f260
2520	d306	e335	f175
2521	d168	e120	f252
2522	d192	e163	f371
2523	d350	e188	f143
2524	d306	e371	f300
2525	d182	e145	f239
2526	d138	e311	f178
2527	d139	e207	f233
2528	d165	e328	f216
2529	d354	e359	f307
2530	d303	e186	f227
2531	d133	e135	f384
2532	d226	e144	f295
2533	d326	e181	f282
2534	d359	e224	f332
2535	d393	e293	f250
2536	d218	e350	f182
2537	d356	e220	f202
2538	d159	e181	f239
2539	d206	e347	f271
2540	d339	e156	f265
2541	d295	e127	f361
2542	d347	e249	f231
2543	d300	e351	f112
2544	d342	e158	f352
2545	d214	e188	f231
2546	d313	e359	f314
2547	d141	e276	f244
2548	d305	e329	f204
2549	d147	e240	f323
2550	d287	e188	f281
2551	d170	e290	f205
2552	d227	e226	f182
2553	d227	e340	f325
2554	d205	e382	f382
2555	d223	e105	f214
2556	d353	e133	f363
2557	d310	e253	f378
2558	d226	e322	f316
2559	d304	e320	f133
2560	d289	e196	f281
2561	d184	e363	f294
2562	d326	e222	f179
2563	d257	e329	f353
2564	d335	e172	f276
2565	d205	e383	f156
2566	d313	e199	f314
2567	d291	e197	f135
2568	d280	e322	f158
2569	d168	e175	f110
2570	d292	e140	f195
2571	d182	e145	f358
2572	d226	e218	f178
2573	d253	e287	f277
2574	d376	e105	f143
2575	d233	e139	f125
2576	d279	e362	f134
2577	d117	e392	f316
2578	d185	e177	f109
2579	d179	e208	f299
2580	d308	e134	f205
2581	d180	e227	f371
2582	d130	e156	f389
2583	d383	e299	f396
2584	d145	e304	f388
2585	d220	e135	f213
2586	d239	e390	f396
2587	d358	e123	f131
2588	d324	e306	f117
2589	d212	e176	f233
2590	d159	e327	f253
2591	d201	e213	f158
2592	d355	e274	f109
2593	d319	e184	f221
2594	d258	e211	f147
2595	d354	e282	f339
2596	d263	e263	f223
2597	d338	e161	f185
2598	d104	e175	f346
2599	d134	e186	f379
2600	d391	e178	f315
2601	d112	e239	f258
2602	d120	e209	f319
2603	d269	e156	f234
2604	d291	e140	f144
2605	d207	e200	f151
2606	d313	e293	f129
2607	d227	e163	f104
2608	d291	e217	f125
2609	d229	e136	f271
2610	d362	e297	f242
2611	d175	e239	f187
2612	d122	e185	f152
2613	d202	e174	f166
2614	d351	e141	f281
2615	d326	e267	f293
2616	d334	e317	f186
2617	d236	e217	f339
2618	d204	e167	f142
2619	d269	e132	f244
2620	d213	e290	f278
2621	d164	e183	f354
2622	d367	e361	f212
2623	d289	e246	f217
2624	d134	e331	f211
2625	d137	e315	f133
2626	d167	e334	f268
2627	d285	e253	f208
2628	d325	e327	f181
2629	d320	e256	f373
2630	d345	e279	f363
2631	d210	e387	f220
2632	d106	e358	f191
2633	d269	e119	f384
2634	d186	e377	f250
2635	d379	e268	f175
2636	d366	e257	f299
2637	d359	e207	f127
2638	d116	e308	f120
2639	d377	e267	f378
2640	d149	e194	f177
2641	d393	e282	f328
2642	d259	e298	f142
2643	d334	e150	f323
2644	d160	e222	f295
2645	d143	e180	f234
2646	d122	e241	f369
2647	d373	e287	f221
2648	d378	e306	f226
2649	d247	e121	f228
2650	d191	e158	f183
2651	d177	e234	f310
2652	d114	e393	f189
2653	d134	e146	f275
2654	d106	e136	f258
2655	d190	e260	f205
2656	d181	e144	f192
2657	d382	e205	f381
2658	d357	e200	f111
2659	d350	e326	f110
2660	d361	e218	f323
2661	d254	e130	f399
2662	d351	e104	f279
2663	d376	e115	f122
2664	d187	e357	f284
2665	d366	e299	f374
2666	d172	e169	f134
2667	d120	e262	f274
2668	d274	e223	f383
2669	d246	e147	f269
2670	d324	e184	f270
2671	d352	e325	f174
2672	d265	e122	f369
2673	d299	e286	f349
2674	d221	e108	f200
2675	d358	e355	f220
2676	d189	e212	f261
2677	d348	e174	f222
2678	d191	e109	f109
2679	d259	e375	f175
2680	d368	e139	f185
2681	d331	e342	f355
2682	d367	e226	f246
2683	d382	e150	f220
2684	d276	e388	f164
2685	d117	e362	f194
2686	d270	e252	f219
2687	d137	e161	f147
2688	d364	e205	f108
2689	d306	e246	f134
2690	d209	e192	f237
2691	d196	e291	f125
2692	d108	e214	f241
2693	d281	e261	f194
2694	d348	e279	f383
2695	d208	e211	f399
2696	d316	e292	f236
2697	d372	e208	f259
2698	d208	e387	f107
2699	d294	e366	f224
2700	d324	e162	f100
2701	d380	e120	f168
2702	d281	e373	f137
2703	d303	e103	f332
2704	d252	e393	f263
2705	d242	e199	f193
2706	d314	e290	f223
2707	d193	e202	f199
2708	d143	e368	f232
2709	d146	e335	f123
2710	d239	e273	f337
2711	d337	e363	f152
2712	d122	e268	f298
2713	d161	e345	f183
2714	d179	e387	f168
2715	d221	e398	f334
2716	d208	e256	f329
2717	d310	e279	f233
2718	d346	e385	f139
2719	d102	e377	f306
2720	d227	e346	f316
2721	d301	e396	f279
2722	d196	e317	f150
2723	d340	e296	f113
2724	d190	e325	f137
2725	d139	e202	f173
2726	d196	e388	f149
2727	d341	e124	f305
2728	d212	e282	f388
2729	d168	e135	f101
2730	d165	e222	f172
2731	d170	e373	f208
2732	d231	e233	f307
2733	d197	e292	f147
2734	d319	e107	f165
2735	d174	e127	f191
2736	d133	e191	f157
2737	d323	e329	f374
2738	d198	e259	f350
2739	d298	e344	f238
2740	d237	e200	f165
2741	d190	e150	f268
2742	d314	e313	f371
2743	d188	e205	f310
2744	d237	e335	f360
2745	d197	e149	f369
2746	d189	e248	f358
2747	d296	e355	f156
2748	d120	e299	f221
2749	d270	e115	f121
2750	d322	e187	f356
2751	d164	e160	f130
2752	d312	e226	f277
2753	d226	e196	f324
2754	d154	e295	f397
2755	d111	e393	f100
2756	d108	e395	f247
2757	d275	e188	f214
2758	d189	e210	f111
2759	d380	e362	f120
2760	d168	e141	f281
2761	d100	e270	f383
2762	d196	e277	f135
2763	d370	e185	f323
2764	d364	e209	f389
2765	d154	e142	f249
2766	d188	e387	f208
2767	d193	e150	f276
2768	d318	e114	f352
2769	d201	e360	f356
2770	d359	e300	f130
2771	d205	e387	f137
2772	d111	e338	f205
2773	d330	e396	f187
2774	d166	e296	f283
2775	d171	e220	f298
2776	d214	e251	f324
2777	d330	e373	f202
2778	d378	e382	f362
2779	d358	e161	f154
2780	d145	e203	f382
2781	d263	e305	f354
2782	d239	e206	f174
2783	d159	e272	f169
2784	d176	e379	f331
2785	d356	e336	f116
2786	d395	e272	f218
2787	d279	e386	f345
2788	d106	e164	f219
2789	d270	e343	f390
2790	d232	e279	f344
2791	d239	e337	f126
2792	d194	e397	f210
2793	d171	e183	f379
2794	d225	e241	f113
2795	d392	e389	f398
2796	d307	e100	f276
2797	d240	e343	f233
2798	d125	e397	f388
2799	d148	e170	f393
2800	d195	e379	f167
2801	d229	e101	f214
2802	d205	e250	f207
2803	d170	e221	f117
2804	d358	e386	f243
2805	d309	e173	f270
2806	d214	e224	f398
2807	d281	e194	f194
2808	d348	e395	f108
2809	d307	e353	f192
2810	d105	e261	f148
2811	d361	e241	f187
2812	d159	e241	f193
2813	d324	e328	f398
2814	d213	e110	f109
2815	d362	e157	f148
2816	d101	e260	f234
2817	d126	e257	f325
2818	d165	e203	f116
2819	d132	e358	f131
2820	d392	e395	f163
2821	d254	e120	f104
2822	d222	e304	f350
2823	d185	e151	f178
2824	d300	e174	f217
2825	d391	e166	f274
2826	d276	e104	f376
2827	d193	e273	f296
2828	d261	e391	f361
2829	d193	e395	f104
2830	d212	e200	f322
2831	d106	e222	f105
2832	d395	e348	f162
2833	d174	e169	f268
2834	d110	e277	f100
2835	d386	e150	f335
2836	d139	e115	f341
2837	d177	e371	f339
2838	d236	e246	f134
2839	d214	e348	f127
2840	d272	e223	f351
2841	d284	e209	f399
2842	d205	e373	f176
2843	d118	e327	f210
2844	d194	e217	f362
2845	d371	e355	f161
2846	d330	e164	f266
2847	d282	e248	f372
2848	d167	e222	f397
2849	d123	e166	f185
2850	d208	e291	f365
2851	d180	e208	f390
2852	d166	e197	f229
2853	d176	e356	f109
2854	d163	e367	f390
2855	d318	e165	f135
2856	d299	e322	f111
2857	d129	e147	f161
2858	d370	e367	f209
2859	d362	e206	f330
2860	d209	e292	f314
2861	d258	e396	f194
2862	d146	e368	f195
2863	d310	e238	f115
2864	d165	e326	f103
2865	d190	e137	f321
2866	d104	e196	f244
2867	d381	e226	f332
2868	d383	e335	f179
2869	d125	e188	f197
2870	d119	e175	f206
2871	d210	e362	f346
2872	d164	e390	f273
2873	d345	e149	f375
2874	d379	e185	f333
2875	d166	e310	f163
2876	d277	e308	f330
2877	d329	e215	f317
2878	d323	e363	f243
2879	d261	e247	f120
2880	d300	e180	f180
2881	d396	e261	f325
2882	d397	e187	f280
2883	d325	e315	f248
2884	d228	e262	f313
2885	d116	e357	f204
2886	d226	e116	f182
2887	d261	e370	f106
2888	d171	e166	f345
2889	d250	e317	f161
2890	d354	e332	f182
2891	d330	e115	f214
2892	d103	e391	f281
2893	d105	e259	f191
2894	d301	e181	f336
2895	d331	e340	f118
2896	d175	e238	f241
2897	d363	e304	f222
2898	d300	e102	f150
2899	d198	e179	f120
2900	d295	e213	f278
2901	d264	e126	f165
2902	d393	e364	f120
2903	d122	e294	f190
2904	d327	e183	f289
2905	d332	e300	f270
2906	d253	e147	f150
2907	d134	e232	f176
2908	d146	e320	f153
2909	d159	e393	f289
2910	d396	e378	f237
2911	d288	e258	f343
2912	d333	e185	f182
2913	d212	e331	f343
2914	d269	e227	f163
2915	d146	e157	f135
2916	d139	e249	f274
2917	d371	e299	f113
2918	d329	e171	f147
2919	d198	e163	f129
2920	d205	e234	f375
2921	d273	e169	f396
2922	d328	e161	f398
2923	d319	e243	f392
2924	d255	e346	f237
2925	d392	e105	f246
2926	d104	e107	f210
2927	d305	e321	f236
2928	d138	e222	f174
2929	d296	e174	f232
2930	d168	e285	f267
2931	d255	e280	f365
2932	d150	e151	f150
2933	d195	e163	f205
2934	d223	e200	f177
2935	d387	e262	f132
2936	d288	e234	f250
2937	d253	e313	f264
2938	d155	e252	f207
2939	d277	e155	f121
2940	d265	e377	f132
2941	d309	e325	f124
2942	d103	e378	f385
2943	d323	e286	f193
2944	d327	e137	f250
2945	d332	e379	f158
2946	d286	e274	f188
2947	d107	e300	f207
2948	d358	e101	f212
2949	d233	e122	f130
2950	d375	e228	f204
2951	d297	e113	f264
2952	d383	e378	f109
2953	d227	e173	f166
2954	d365	e106	f399
2955	d134	e393	f187
2956	d274	e376	f143
2957	d384	e157	f320
2958	d145	e393	f298
2959	d370	e188	f208
2960	d161	e110	f275
2961	d246	e191	f174
2962	d292	e326	f299
2963	d263	e280	f294
2964	d339	e384	f385
2965	d178	e168	f266
2966	d370	e151	f155
2967	d155	e226	f118
2968	d279	e227	f131
2969	d348	e125	f240
2970	d116	e189	f342
2971	d187	e337	f245
2972	d350	e111	f290
2973	d104	e356	f174
2974	d180	e114	f245
2975	d168	e369	f165
2976	d163	e125	f151
2977	d215	e342	f118
2978	d263	e364	f192
2979	d228	e303	f392
2980	d189	e300	f355
2981	d209	e323	f373
2982	d227	e280	f209
2983	d332	e171	f268
2984	d196	e269	f198
2985	d114	e306	f159
2986	d333	e192	f374
2987	d351	e234	f127
2988	d235	e266	f286
2989	d130	e279	f263
2990	d232	e364	f290
2991	d311	e206	f348
2992	d327	e311	f350
2993	d218	e323	f272
2994	d198	e237	f133
2995	d282	e253	f199
2996	d313	e297	f254
2997	d187	e212	f224
2998	d320	e344	f105
2999	d365	e280	f139
3000	d179	e264	f230
3001	d384	e186	f318
3002	d271	e325	f275
3003	d116	e100	f249
3004	d360	e177	f317
3005	d282	e362	f161
3006	d360	e208	f267
3007	d237	e387	f274
3008	d163	e394	f275
3009	d280	e225	f385
3010	d202	e134	f334
3011	d305	e270	f283
3012	d136	e297	f250
3013	d278	e252	f343
3014	d199	e110	f166
3015	d297	e395	f248
3016	d129	e184	f116
3017	d230	e327	f274
3018	d222	e208	f101
3019	d155	e213	f304
3020	d175	e300	f355
3021	d265	e140	f340
3022	d393	e125	f386
3023	d379	e385	f128
3024	d317	e345	f386
3025	d161	e149	f230
3026	d195	e340	f241
3027	d342	e324	f214
3028	d130	e308	f312
3029	d197	e127	f274
3030	d323	e320	f397
3031	d296	e216	f322
3032	d256	e134	f135
3033	d139	e250	f105
3034	d195	e339	f297
3035	d216	e340	f280
3036	d194	e390	f366
3037	d222	e174	f128
3038	d206	e326	f170
3039	d237	e300	f112
3040	d388	e346	f363
3041	d391	e227	f173
3042	d205	e239	f190
3043	d101	e265	f269
3044	d201	e251	f362
3045	d360	e307	f324
3046	d100	e249	f138
3047	d176	e210	f398
3048	d251	e201	f107
3049	d332	e273	f236
3050	d318	e290	f130
3051	d213	e161	f236
3052	d306	e178	f178
3053	d159	e275	f287
3054	d245	e346	f105
3055	d386	e230	f207
3056	d189	e182	f181
3057	d228	e171	f310
3058	d111	e349	f194
3059	d131	e350	f351
3060	d396	e245	f244
3061	d108	e387	f319
3062	d102	e106	f187
3063	d201	e167	f239
3064	d374	e356	f277
3065	d340	e279	f199
3066	d237	e321	f378
3067	d266	e192	f224
3068	d367	e145	f307
3069	d248	e346	f144
3070	d116	e142	f165
3071	d265	e323	f191
3072	d367	e317	f176
3073	d288	e190	f123
3074	d172	e167	f233
3075	d238	e184	f239
3076	d321	e291	f155
3077	d106	e335	f109
3078	d396	e370	f352
3079	d238	e209	f210
3080	d147	e220	f212
3081	d276	e329	f122
3082	d261	e274	f330
3083	d181	e266	f355
3084	d387	e337	f341
3085	d278	e307	f137
3086	d397	e362	f350
3087	d370	e156	f386
3088	d164	e372	f122
3089	d367	e368	f387
3090	d386	e167	f372
3091	d169	e115	f173
3092	d302	e135	f170
3093	d372	e283	f376
3094	d229	e201	f137
3095	d136	e231	f245
3096	d378	e189	f119
3097	d292	e339	f284
3098	d158	e256	f170
3099	d282	e153	f383
3100	d194	e270	f351
3101	d272	e216	f104
3102	d388	e216	f187
3103	d374	e166	f212
3104	d231	e190	f185
3105	d229	e270	f341
3106	d340	e308	f236
3107	d107	e379	f393
3108	d366	e146	f289
3109	d244	e309	f186
3110	d157	e278	f144
3111	d313	e162	f176
3112	d180	e246	f195
3113	d328	e269	f153
3114	d364	e236	f256
3115	d269	e220	f399
3116	d369	e324	f255
3117	d104	e219	f387
3118	d372	e302	f225
3119	d319	e367	f194
3120	d265	e208	f248
3121	d388	e347	f107
3122	d382	e290	f184
3123	d263	e261	f266
3124	d211	e351	f171
3125	d213	e236	f197
3126	d128	e258	f316
3127	d224	e138	f124
3128	d385	e228	f215
3129	d338	e211	f173
3130	d368	e169	f186
3131	d299	e298	f392
3132	d233	e247	f199
3133	d389	e362	f396
3134	d196	e245	f132
3135	d102	e200	f111
3136	d188	e327	f379
3137	d224	e155	f223
3138	d174	e290	f123
3139	d160	e223	f396
3140	d266	e249	f197
3141	d383	e340	f190
3142	d307	e108	f291
3143	d190	e362	f251
3144	d302	e150	f322
3145	d326	e170	f289
3146	d396	e136	f205
3147	d130	e293	f193
3148	d387	e280	f134
3149	d123	e173	f378
3150	d198	e230	f159
3151	d301	e309	f156
3152	d297	e322	f280
3153	d292	e335	f341
3154	d205	e150	f171
3155	d121	e288	f182
3156	d211	e113	f100
3157	d262	e277	f137
3158	d351	e174	f127
3159	d308	e238	f227
3160	d318	e131	f148
3161	d172	e125	f136
3162	d313	e276	f216
3163	d156	e212	f286
3164	d285	e353	f122
3165	d186	e252	f286
3166	d145	e299	f277
3167	d264	e249	f290
3168	d198	e168	f229
3169	d397	e183	f110
3170	d316	e371	f277
3171	d114	e227	f266
3172	d227	e234	f250
3173	d147	e301	f350
3174	d325	e398	f114
3175	d207	e276	f362
3176	d276	e175	f183
3177	d246	e208	f187
3178	d157	e331	f183
3179	d278	e165	f278
3180	d202	e340	f186
3181	d362	e207	f187
3182	d130	e359	f351
3183	d340	e337	f259
3184	d342	e167	f356
3185	d312	e382	f167
3186	d393	e313	f366
3187	d194	e342	f204
3188	d308	e357	f368
3189	d368	e296	f165
3190	d382	e136	f228
3191	d397	e103	f209
3192	d176	e122	f355
3193	d309	e310	f172
3194	d334	e200	f312
3195	d154	e109	f172
3196	d217	e206	f199
3197	d240	e336	f254
3198	d171	e253	f284
3199	d182	e363	f198
3200	d228	e364	f172
3201	d397	e166	f398
3202	d157	e115	f360
3203	d352	e162	f247
3204	d107	e255	f343
3205	d157	e155	f205
3206	d113	e149	f215
3207	d291	e178	f183
3208	d300	e225	f293
3209	d212	e244	f112
3210	d149	e228	f360
3211	d129	e328	f256
3212	d348	e337	f249
3213	d257	e395	f323
3214	d171	e354	f104
3215	d128	e206	f313
3216	d129	e191	f134
3217	d158	e227	f201
3218	d384	e391	f198
3219	d360	e114	f282
3220	d308	e334	f235
3221	d134	e390	f221
3222	d260	e307	f258
3223	d256	e215	f254
3224	d224	e361	f107
3225	d163	e139	f368
3226	d274	e158	f336
3227	d239	e241	f263
3228	d370	e114	f180
3229	d389	e351	f220
3230	d349	e108	f105
3231	d234	e261	f308
3232	d396	e150	f380
3233	d371	e260	f230
3234	d291	e277	f317
3235	d294	e278	f339
3236	d141	e105	f110
3237	d298	e284	f178
3238	d397	e249	f163
3239	d208	e195	f154
3240	d312	e211	f123
3241	d290	e257	f126
3242	d333	e333	f361
3243	d355	e246	f191
3244	d385	e316	f139
3245	d139	e159	f245
3246	d111	e388	f372
3247	d249	e395	f265
3248	d108	e269	f227
3249	d313	e350	f133
3250	d164	e171	f339
3251	d329	e283	f374
3252	d235	e337	f208
3253	d267	e242	f233
3254	d153	e168	f390
3255	d219	e235	f386
3256	d286	e188	f347
3257	d209	e228	f382
3258	d203	e339	f222
3259	d289	e274	f199
3260	d162	e389	f137
3261	d389	e325	f392
3262	d223	e196	f204
3263	d267	e166	f278
3264	d223	e311	f331
3265	d107	e205	f262
3266	d230	e145	f350
3267	d211	e163	f267
3268	d295	e231	f107
3269	d249	e346	f342
3270	d155	e348	f347
3271	d285	e260	f356
3272	d119	e117	f257
3273	d134	e149	f232
3274	d374	e154	f236
3275	d157	e356	f197
3276	d268	e310	f331
3277	d299	e374	f112
3278	d145	e133	f219
3279	d248	e127	f252
3280	d324	e134	f383
3281	d293	e285	f368
3282	d277	e299	f132
3283	d237	e200	f238
3284	d392	e290	f337
3285	d361	e212	f248
3286	d302	e384	f249
3287	d260	e348	f159
3288	d158	e146	f202
3289	d303	e198	f370
3290	d323	e298	f231
3291	d339	e125	f126
3292	d361	e375	f195
3293	d249	e301	f369
3294	d361	e176	f203
3295	d316	e270	f310
3296	d286	e334	f358
3297	d181	e376	f146
3298	d162	e182	f145
3299	d169	e335	f247
3300	d287	e306	f104
3301	d308	e314	f174
3302	d177	e364	f260
3303	d310	e353	f313
3304	d137	e158	f129
3305	d332	e220	f296
3306	d340	e169	f305
3307	d253	e390	f297
3308	d254	e161	f134
3309	d249	e361	f114
3310	d272	e235	f294
3311	d303	e376	f164
3312	d287	e179	f353
3313	d102	e322	f111
3314	d365	e351	f127
3315	d153	e213	f322
3316	d325	e216	f232
3317	d282	e179	f289
3318	d283	e274	f187
3319	d330	e281	f206
3320	d191	e321	f338
3321	d343	e189	f284
3322	d366	e140	f257
3323	d170	e315	f118
3324	d145	e290	f232
3325	d367	e342	f320
3326	d293	e379	f207
3327	d326	e308	f305
3328	d233	e123	f275
3329	d156	e155	f308
3330	d304	e393	f226
3331	d365	e206	f104
3332	d383	e283	f347
3333	d130	e237	f361
3334	d181	e357	f120
3335	d389	e122	f248
3336	d112	e134	f183
3337	d276	e264	f166
3338	d117	e224	f286
3339	d203	e247	f377
3340	d163	e364	f126
3341	d245	e298	f272
3342	d125	e137	f258
3343	d109	e396	f179
3344	d315	e161	f273
3345	d369	e282	f188
3346	d116	e183	f347
3347	d237	e209	f332
3348	d255	e128	f332
3349	d178	e376	f324
3350	d384	e327	f157
3351	d277	e331	f312
3352	d238	e196	f180
3353	d176	e117	f123
3354	d162	e237	f343
3355	d133	e260	f351
3356	d142	e219	f293
3357	d312	e396	f237
3358	d263	e264	f289
3359	d319	e306	f304
3360	d258	e182	f181
3361	d385	e303	f251
3362	d361	e123	f396
3363	d118	e307	f201
3364	d118	e377	f265
3365	d303	e302	f212
3366	d120	e145	f129
3367	d333	e384	f272
3368	d207	e316	f275
3369	d303	e118	f232
3370	d213	e142	f112
3371	d237	e361	f220
3372	d231	e372	f216
3373	d338	e309	f362
3374	d339	e120	f273
3375	d162	e144	f355
3376	d236	e205	f211
3377	d398	e184	f233
3378	d172	e153	f243
3379	d227	e276	f386
3380	d220	e203	f208
3381	d120	e207	f327
3382	d250	e334	f299
3383	d273	e261	f280
3384	d230	e327	f358
3385	d191	e363	f316
3386	d223	e204	f117
3387	d239	e280	f319
3388	d288	e301	f324
3389	d120	e373	f196
3390	d230	e149	f307
3391	d302	e230	f308
3392	d336	e108	f337
3393	d259	e336	f151
3394	d275	e391	f365
3395	d104	e263	f114
3396	d223	e275	f300
3397	d366	e300	f334
3398	d305	e178	f306
3399	d108	e320	f213
3400	d309	e145	f299
3401	d208	e199	f111
3402	d255	e190	f315
3403	d323	e377	f317
3404	d200	e209	f197
3405	d328	e175	f345
3406	d394	e103	f111
3407	d163	e249	f381
3408	d122	e395	f158
3409	d185	e212	f383
3410	d385	e294	f115
3411	d148	e141	f183
3412	d156	e249	f333
3413	d395	e326	f278
3414	d268	e224	f189
3415	d368	e164	f118
3416	d297	e101	f187
3417	d148	e111	f298
3418	d204	e172	f142
3419	d229	e178	f261
3420	d153	e220	f354
3421	d309	e245	f104
3422	d284	e381	f141
3423	d386	e363	f221
3424	d282	e220	f213
3425	d299	e356	f395
3426	d139	e115	f156
3427	d254	e379	f257
3428	d117	e142	f251
3429	d264	e258	f115
3430	d359	e162	f338
3431	d200	e269	f145
3432	d188	e101	f234
3433	d279	e224	f138
3434	d156	e305	f249
3435	d208	e190	f365
3436	d361	e331	f193
3437	d377	e364	f289
3438	d148	e315	f107
3439	d397	e295	f161
3440	d349	e141	f179
3441	d374	e169	f159
3442	d142	e120	f260
3443	d368	e152	f142
3444	d146	e229	f391
3445	d389	e106	f372
3446	d365	e163	f206
3447	d183	e274	f153
3448	d124	e118	f249
3449	d181	e307	f145
3450	d240	e259	f201
3451	d211	e382	f235
3452	d121	e363	f294
3453	d144	e231	f177
3454	d291	e276	f309
3455	d253	e181	f369
3456	d199	e387	f164
3457	d168	e190	f108
3458	d250	e211	f130
3459	d157	e356	f314
3460	d163	e321	f252
3461	d202	e367	f383
3462	d272	e244	f155
3463	d102	e252	f185
3464	d236	e220	f373
3465	d225	e103	f108
3466	d368	e102	f330
3467	d220	e211	f282
3468	d373	e280	f270
3469	d208	e210	f192
3470	d130	e315	f109
3471	d343	e100	f127
3472	d108	e102	f179
3473	d200	e281	f111
3474	d119	e378	f253
3475	d235	e294	f112
3476	d297	e152	f109
3477	d133	e320	f108
3478	d182	e238	f306
3479	d222	e241	f133
3480	d353	e365	f254
3481	d336	e236	f155
3482	d186	e295	f227
3483	d220	e354	f181
3484	d375	e379	f123
3485	d171	e317	f115
3486	d370	e192	f230
3487	d219	e366	f195
3488	d202	e354	f310
3489	d300	e137	f100
3490	d344	e115	f207
3491	d384	e238	f329
3492	d365	e340	f215
3493	d354	e392	f305
3494	d137	e209	f209
3495	d255	e142	f336
3496	d375	e328	f104
3497	d305	e173	f219
3498	d210	e331	f142
3499	d222	e127	f352
