1	d228	e221	f161
3	d207	e246	f161
5	d362	e381	f267
7	d134	e181	f299
9	d113	e315	f158
11	d279	e154	f152
13	d298	e382	f116
15	d122	e348	f345
17	d230	e272	f194
19	d303	e163	f132
21	d124	e101	f223
23	d220	e374	f388
25	d111	e184	f211
27	d357	e333	f216
29	d296	e306	f315
31	d212	e374	f176
33	d277	e199	f194
35	d336	e190	f283
37	d124	e147	f197
39	d127	e179	f115
41	d212	e177	f378
43	d236	e254	f125
45	d299	e341	f306
47	d305	e343	f108
49	d156	e181	f373
51	d206	e147	f129
53	d364	e161	f217
55	d200	e160	f146
57	d170	e383	f385
59	d267	e125	f210
61	d115	e335	f164
63	d341	e142	f273
65	d141	e250	f175
67	d297	e144	f243
69	d257	e192	f180
71	d243	e203	f353
73	d162	e143	f112
75	d169	e312	f133
77	d257	e253	f367
79	d284	e283	f361
81	d307	e319	f167
83	d177	e163	f244
85	d145	e312	f248
87	d125	e182	f397
89	d344	e285	f150
91	d249	e281	f196
93	d139	e334	f184
95	d163	e218	f371
97	d208	e179	f280
99	d378	e331	f276
101	d108	e270	f303
103	d190	e137	f339
105	d160	e201	f236
107	d280	e321	f142
109	d378	e324	f295
111	d152	e171	f162
113	d240	e159	f126
115	d393	e142	f186
117	d149	e102	f287
119	d272	e124	f119
121	d286	e322	f101
123	d210	e207	f191
125	d382	e377	f234
127	d261	e142	f388
129	d202	e282	f231
131	d127	e193	f225
133	d185	e201	f166
135	d150	e294	f241
137	d360	e130	f377
139	d349	e349	f324
141	d370	e185	f145
143	d255	e114	f198
145	d330	e150	f177
147	d367	e243	f193
149	d352	e342	f326
151	d210	e184	f129
153	d317	e284	f229
155	d205	e395	f136
157	d120	e164	f193
159	d310	e377	f316
161	d204	e392	f387
163	d367	e214	f352
165	d115	e118	f117
167	d200	e105	f127
169	d345	e328	f179
171	d156	e257	f393
173	d381	e278	f377
175	d301	e158	f338
177	d373	e109	f203
179	d289	e392	f375
181	d385	e274	f239
183	d189	e105	f394
185	d200	e300	f199
187	d398	e225	f207
189	d339	e366	f269
191	d266	e340	f134
193	d324	e254	f386
195	d280	e287	f249
197	d234	e321	f281
199	d169	e209	f262
201	d113	e343	f318
203	d277	e134	f114
205	d341	e149	f195
207	d387	e331	f347
209	d333	e208	f173
211	d223	e273	f239
213	d177	e327	f206
215	d296	e106	f347
217	d373	e186	f399
219	d283	e140	f244
221	d379	e138	f365
223	d145	e379	f142
225	d178	e119	f383
227	d190	e135	f151
229	d150	e133	f370
231	d171	e182	f137
233	d264	e302	f103
235	d161	e194	f188
237	d189	e138	f354
239	d317	e308	f172
241	d337	e296	f312
243	d103	e323	f108
245	d327	e145	f292
247	d367	e310	f345
249	d170	e372	f213
251	d171	e136	f132
253	d216	e191	f297
255	d292	e175	f362
257	d209	e264	f151
259	d313	e102	f362
261	d194	e231	f176
263	d123	e147	f346
265	d280	e192	f254
267	d116	e122	f188
269	d226	e245	f211
271	d120	e204	f253
273	d356	e162	f102
275	d186	e304	f265
277	d131	e110	f220
279	d115	e203	f299
281	d230	e306	f234
283	d241	e277	f335
285	d154	e350	f320
287	d162	e153	f258
289	d370	e255	f273
291	d390	e362	f380
293	d355	e302	f101
295	d150	e190	f224
297	d140	e132	f375
299	d235	e259	f275
301	d330	e184	f260
303	d172	e269	f303
305	d143	e212	f196
307	d183	e284	f392
309	d339	e271	f175
311	d326	e284	f384
313	d112	e388	f375
315	d171	e249	f140
317	d163	e309	f194
319	d380	e249	f343
321	d376	e308	f129
323	d383	e356	f256
325	d380	e225	f369
327	d390	e175	f281
329	d340	e210	f310
331	d302	e130	f191
333	d371	e138	f146
335	d360	e168	f327
337	d195	e198	f143
339	d289	e164	f292
341	d390	e339	f121
343	d122	e254	f105
345	d253	e186	f356
347	d329	e234	f361
349	d177	e243	f280
351	d304	e342	f296
353	d319	e337	f229
355	d399	e138	f118
357	d278	e148	f253
359	d334	e106	f167
361	d103	e186	f213
363	d344	e274	f281
365	d373	e169	f128
367	d205	e341	f102
369	d381	e114	f352
371	d324	e204	f108
373	d250	e286	f395
375	d118	e128	f366
377	d324	e137	f302
379	d103	e127	f274
381	d339	e362	f195
383	d164	e136	f342
385	d169	e328	f140
387	d383	e322	f338
389	d124	e399	f335
391	d356	e128	f308
393	d302	e153	f208
395	d251	e185	f218
397	d190	e205	f156
399	d165	e241	f357
401	d175	e394	f127
403	d194	e288	f184
405	d119	e146	f395
407	d237	e288	f252
409	d383	e162	f150
411	d112	e305	f239
413	d128	e166	f395
415	d126	e148	f171
417	d162	e127	f111
419	d346	e269	f225
421	d130	e190	f223
423	d217	e163	f286
425	d369	e175	f321
427	d310	e316	f352
429	d332	e371	f219
431	d105	e328	f102
433	d130	e269	f254
435	d342	e233	f299
437	d301	e362	f239
439	d312	e383	f228
441	d319	e116	f145
443	d271	e361	f189
445	d226	e309	f383
447	d271	e364	f312
449	d117	e240	f208
451	d276	e264	f103
453	d287	e148	f361
455	d348	e173	f194
457	d216	e145	f215
459	d135	e289	f140
461	d387	e212	f106
463	d138	e328	f399
465	d110	e149	f116
467	d196	e399	f116
469	d384	e304	f328
471	d280	e368	f217
473	d393	e222	f132
475	d189	e273	f364
477	d212	e108	f380
479	d346	e279	f204
481	d173	e205	f331
483	d187	e284	f268
485	d133	e336	f326
487	d116	e313	f374
489	d286	e342	f202
491	d157	e165	f207
493	d240	e100	f146
495	d206	e364	f268
497	d280	e361	f193
499	d195	e216	f305
501	d344	e299	f246
503	d203	e219	f374
505	d135	e249	f316
507	d121	e196	f239
509	d247	e374	f116
511	d142	e184	f201
513	d291	e252	f359
515	d308	e152	f297
517	d386	e103	f295
519	d186	e232	f233
521	d397	e209	f232
523	d334	e347	f217
525	d366	e379	f369
527	d367	e178	f142
529	d355	e112	f396
531	d259	e364	f102
533	d361	e177	f248
535	d128	e272	f195
537	d364	e339	f278
539	d190	e241	f227
541	d230	e159	f230
543	d188	e321	f357
545	d366	e173	f165
547	d355	e303	f342
549	d237	e387	f324
551	d280	e359	f232
553	d304	e105	f343
555	d357	e111	f216
557	d360	e390	f345
559	d211	e316	f358
561	d168	e275	f254
563	d287	e152	f399
565	d140	e109	f107
567	d127	e389	f235
569	d154	e277	f256
571	d212	e240	f190
573	d354	e261	f107
575	d304	e187	f119
577	d313	e244	f103
579	d104	e327	f118
581	d143	e165	f388
583	d240	e247	f300
585	d111	e294	f287
587	d219	e212	f225
589	d271	e382	f298
591	d193	e335	f397
593	d361	e358	f300
595	d226	e329	f239
597	d211	e396	f131
599	d268	e130	f114
601	d228	e375	f128
603	d174	e169	f209
605	d194	e149	f389
607	d221	e198	f138
609	d246	e305	f389
611	d251	e147	f390
613	d165	e279	f119
615	d181	e178	f268
617	d222	e283	f343
619	d119	e383	f232
621	d356	e169	f265
623	d363	e228	f226
625	d304	e307	f279
627	d103	e119	f223
629	d322	e189	f288
631	d315	e132	f379
633	d363	e242	f140
635	d394	e141	f133
637	d169	e215	f196
639	d151	e189	f181
641	d259	e291	f165
643	d175	e342	f125
645	d303	e327	f367
647	d227	e204	f142
649	d225	e212	f114
651	d351	e127	f109
653	d135	e392	f258
655	d152	e354	f303
657	d143	e285	f341
659	d372	e210	f161
661	d387	e365	f339
663	d399	e262	f116
665	d160	e235	f225
667	d196	e297	f343
669	d219	e316	f339
671	d275	e371	f111
673	d203	e382	f398
675	d308	e264	f358
677	d296	e247	f216
679	d218	e244	f132
681	d206	e161	f373
683	d226	e303	f336
685	d310	e118	f116
687	d286	e200	f346
689	d169	e322	f121
691	d230	e161	f209
693	d121	e164	f270
695	d346	e346	f311
697	d234	e248	f181
699	d239	e183	f163
701	d320	e131	f324
703	d248	e320	f350
705	d187	e316	f320
707	d257	e147	f208
709	d347	e128	f319
711	d360	e249	f144
713	d375	e222	f210
715	d352	e158	f261
717	d374	e366	f332
719	d119	e127	f257
721	d182	e271	f177
723	d100	e202	f224
725	d158	e347	f298
727	d284	e175	f115
729	d119	e279	f334
731	d116	e228	f152
733	d383	e315	f381
735	d303	e276	f379
737	d165	e173	f250
739	d193	e274	f217
741	d333	e241	f178
743	d351	e133	f100
745	d251	e319	f391
747	d286	e115	f264
749	d286	e278	f277
751	d335	e395	f126
753	d263	e385	f130
755	d128	e179	f259
757	d154	e275	f291
759	d343	e380	f117
761	d356	e352	f231
763	d231	e198	f257
765	d373	e367	f273
767	d273	e328	f370
769	d170	e362	f199
771	d363	e188	f300
773	d196	e140	f389
775	d188	e295	f296
777	d355	e385	f134
779	d366	e215	f112
781	d185	e241	f382
783	d331	e398	f372
785	d390	e170	f240
787	d211	e337	f161
789	d227	e174	f202
791	d187	e257	f129
793	d192	e204	f246
795	d329	e175	f183
797	d125	e331	f284
799	d177	e178	f242
1001	d296	e173	f504
1003	d233	e272	f504
1005	d219	e277	f504
1007	d355	e234	f504
1009	d195	e154	f504
1011	d332	e307	f504
1013	d351	e193	f504
1015	d271	e189	f504
1017	d174	e129	f504
1019	d330	e183	f504
1021	d306	e270	f504
1023	d334	e326	f504
1025	d329	e321	f504
1027	d110	e392	f504
1029	d398	e211	f504
1031	d225	e306	f504
1033	d188	e172	f504
1035	d209	e260	f504
1037	d348	e378	f504
1039	d202	e367	f504
1041	d258	e264	f504
1043	d351	e340	f504
1045	d183	e264	f504
1047	d247	e368	f504
1049	d222	e253	f504
1051	d247	e178	f504
1053	d345	e397	f504
1055	d366	e385	f504
1057	d333	e214	f504
1059	d178	e146	f504
1061	d379	e390	f504
1063	d357	e154	f504
1065	d210	e140	f504
1067	d258	e351	f504
1069	d147	e349	f504
1071	d380	e305	f504
1073	d263	e352	f504
1075	d390	e237	f504
1077	d280	e390	f504
1079	d145	e372	f504
1081	d319	e155	f504
1083	d208	e129	f504
1085	d174	e291	f504
1087	d355	e378	f504
1089	d394	e363	f504
1091	d185	e336	f504
1093	d114	e216	f504
1095	d206	e149	f504
1097	d107	e324	f504
1099	d108	e383	f504
1101	d200	e120	f504
1103	d271	e272	f504
1105	d253	e131	f504
1107	d275	e206	f504
1109	d346	e190	f504
1111	d338	e376	f504
1113	d314	e340	f504
1115	d389	e397	f504
1117	d218	e301	f504
1119	d169	e386	f504
1121	d398	e138	f504
1123	d364	e252	f504
1125	d378	e262	f504
1127	d331	e212	f504
1129	d346	e307	f504
1131	d364	e201	f504
1133	d174	e262	f504
1135	d121	e177	f504
1137	d115	e116	f504
1139	d396	e357	f504
1141	d265	e124	f504
1143	d362	e281	f504
1145	d262	e282	f504
1147	d257	e205	f504
1149	d340	e169	f504
1151	d240	e157	f504
1153	d107	e234	f504
1155	d245	e309	f504
1157	d358	e289	f504
1159	d258	e138	f504
1161	d217	e107	f504
1163	d159	e143	f504
1165	d120	e243	f504
1167	d142	e326	f504
1169	d235	e161	f504
1171	d296	e331	f504
1173	d349	e107	f504
1175	d288	e214	f504
1177	d280	e274	f504
1179	d288	e320	f504
1181	d162	e199	f504
1183	d115	e241	f504
1185	d374	e313	f504
1187	d380	e236	f504
1189	d272	e214	f504
1191	d312	e315	f504
1193	d117	e224	f504
1195	d372	e161	f504
1197	d301	e368	f504
1199	d258	e214	f504
2000	d199	e289	f326
2001	d244	e260	f384
2002	d384	e257	f206
2003	d304	e362	f341
2004	d124	e240	f215
2005	d140	e284	f358
2006	d366	e381	f341
2007	d168	e168	f354
2008	d366	e379	f131
2009	d128	e316	f172
2010	d155	e325	f297
2011	d356	e292	f161
2012	d264	e137	f278
2013	d202	e167	f339
2014	d320	e119	f236
2015	d228	e260	f314
2016	d130	e361	f189
2017	d242	e384	f223
2018	d150	e307	f329
2019	d106	e262	f397
2020	d237	e197	f258
2021	d187	e288	f266
2022	d283	e288	f339
2023	d154	e190	f380
2024	d250	e124	f373
2025	d244	e358	f297
2026	d372	e295	f265
2027	d148	e174	f211
2028	d373	e395	f301
2029	d176	e263	f343
2030	d359	e321	f101
2031	d195	e144	f241
2032	d377	e213	f170
2033	d378	e339	f315
2034	d344	e346	f254
2035	d245	e143	f164
2036	d238	e228	f369
2037	d143	e342	f144
2038	d292	e107	f259
2039	d355	e270	f124
2040	d114	e204	f202
2041	d346	e397	f250
2042	d320	e190	f198
2043	d215	e236	f365
2044	d177	e183	f160
2045	d235	e330	f297
2046	d158	e214	f158
2047	d145	e318	f164
2048	d392	e246	f291
2049	d359	e130	f148
2050	d243	e270	f302
2051	d118	e106	f372
2052	d130	e386	f200
2053	d207	e268	f149
2054	d231	e362	f103
2055	d282	e212	f163
2056	d240	e390	f398
2057	d241	e184	f121
2058	d161	e341	f343
2059	d383	e104	f205
2060	d213	e354	f173
2061	d320	e205	f386
2062	d350	e176	f158
2063	d200	e374	f376
2064	d365	e188	f294
2065	d239	e148	f309
2066	d370	e382	f210
2067	d262	e264	f174
2068	d399	e132	f103
2069	d248	e367	f361
2070	d187	e389	f260
2071	d180	e329	f173
2072	d205	e270	f291
2073	d305	e230	f305
2074	d141	e102	f382
2075	d172	e293	f106
2076	d155	e345	f353
2077	d152	e136	f173
2078	d312	e257	f251
2079	d113	e338	f279
2080	d376	e103	f117
2081	d322	e255	f251
2082	d136	e158	f393
2083	d110	e177	f296
2084	d350	e258	f315
2085	d267	e154	f186
2086	d377	e243	f174
2087	d165	e244	f118
2088	d113	e184	f150
2089	d395	e169	f129
2090	d151	e356	f101
2091	d189	e162	f212
2092	d367	e378	f321
2093	d363	e201	f326
2094	d113	e240	f357
2095	d159	e100	f105
2096	d346	e162	f351
2097	d265	e283	f392
2098	d257	e358	f210
2099	d333	e336	f115
2100	d132	e105	f385
2101	d204	e292	f140
2102	d226	e177	f242
2103	d215	e342	f345
2104	d134	e304	f334
2105	d257	e398	f185
2106	d166	e215	f134
2107	d228	e170	f390
2108	d294	e316	f114
2109	d274	e380	f309
2110	d122	e129	f352
2111	d102	e290	f161
2112	d261	e236	f161
2113	d255	e282	f195
2114	d151	e367	f361
2115	d110	e300	f342
2116	d204	e105	f264
2117	d358	e191	f353
2118	d120	e153	f302
2119	d155	e237	f310
2120	d124	e358	f155
2121	d145	e334	f330
2122	d363	e245	f282
2123	d173	e153	f106
2124	d393	e307	f178
2125	d243	e337	f385
2126	d193	e269	f232
2127	d168	e201	f231
2128	d385	e367	f150
2129	d214	e156	f163
2130	d323	e204	f251
2131	d206	e155	f277
2132	d278	e287	f170
2133	d284	e347	f153
2134	d353	e200	f232
2135	d194	e166	f193
2136	d146	e356	f382
2137	d356	e103	f200
2138	d127	e314	f167
2139	d306	e226	f145
2140	d217	e262	f286
2141	d286	e167	f142
2142	d250	e241	f161
2143	d349	e124	f360
2144	d274	e189	f119
2145	d372	e195	f301
2146	d385	e209	f132
2147	d359	e336	f375
2148	d160	e333	f250
2149	d395	e260	f208
2150	d299	e297	f258
2151	d390	e294	f354
2152	d239	e387	f185
2153	d392	e168	f135
2154	d141	e225	f140
2155	d287	e325	f343
2156	d358	e321	f236
2157	d246	e357	f284
2158	d147	e207	f323
2159	d397	e284	f130
2160	d151	e271	f232
2161	d223	e263	f333
2162	d340	e178	f199
2163	d270	e273	f240
2164	d249	e209	f394
2165	d198	e161	f123
2166	d116	e265	f122
2167	d345	e136	f328
2168	d275	e160	f290
2169	d258	e267	f204
2170	d129	e110	f219
2171	d146	e261	f170
2172	d210	e296	f101
2173	d229	e350	f337
2174	d348	e319	f106
2175	d279	e351	f384
2176	d101	e387	f172
2177	d117	e358	f316
2178	d377	e369	f398
2179	d144	e121	f361
2180	d116	e176	f348
2181	d132	e215	f375
2182	d368	e326	f161
2183	d168	e298	f233
2184	d211	e336	f240
2185	d240	e264	f321
2186	d289	e164	f314
2187	d196	e274	f227
2188	d212	e195	f241
2189	d250	e302	f103
2190	d153	e329	f220
2191	d167	e394	f142
2192	d376	e224	f386
2193	d220	e263	f193
2194	d134	e146	f181
2195	d124	e366	f241
2196	d390	e179	f358
2197	d377	e285	f285
2198	d118	e234	f259
2199	d353	e214	f358
2200	d233	e258	f146
2201	d115	e154	f326
2202	d217	e198	f278
2203	d216	e264	f330
2204	d386	e185	f228
2205	d113	e317	f217
2206	d103	e113	f160
2207	d190	e303	f369
2208	d208	e296	f122
2209	d212	e307	f156
2210	d373	e276	f154
2211	d350	e146	f397
2212	d127	e174	f341
2213	d226	e279	f258
2214	d277	e295	f220
2215	d252	e361	f182
2216	d112	e342	f313
2217	d270	e155	f289
2218	d109	e108	f264
2219	d207	e338	f351
2220	d199	e370	f158
2221	d265	e243	f220
2222	d168	e252	f237
2223	d312	e232	f107
2224	d366	e203	f381
2225	d267	e178	f174
2226	d353	e318	f257
2227	d376	e281	f122
2228	d299	e121	f193
2229	d374	e123	f303
2230	d243	e347	f248
2231	d249	e146	f308
2232	d376	e383	f298
2233	d238	e317	f382
2234	d136	e225	f209
2235	d275	e343	f147
2236	d171	e153	f348
2237	d333	e381	f261
2238	d157	e257	f196
2239	d146	e386	f210
2240	d315	e392	f228
2241	d141	e102	f229
2242	d136	e262	f219
2243	d323	e174	f379
2244	d203	e398	f230
2245	d255	e123	f136
2246	d285	e219	f134
2247	d213	e259	f144
2248	d348	e139	f168
2249	d126	e286	f379
2250	d114	e279	f154
2251	d234	e237	f372
2252	d234	e179	f143
2253	d385	e255	f346
2254	d357	e234	f375
2255	d358	e314	f370
2256	d258	e371	f269
2257	d342	e216	f167
2258	d236	e315	f302
2259	d338	e173	f354
2260	d246	e208	f376
2261	d367	e103	f126
2262	d251	e134	f390
2263	d327	e371	f143
2264	d294	e129	f382
2265	d369	e134	f121
2266	d395	e319	f237
2267	d273	e231	f157
2268	d309	e311	f209
2269	d268	e165	f295
2270	d299	e394	f180
2271	d358	e357	f157
2272	d276	e321	f247
2273	d315	e115	f180
2274	d375	e162	f324
2275	d347	e260	f281
2276	d361	e384	f381
2277	d338	e162	f360
2278	d284	e321	f259
2279	d122	e186	f261
2280	d271	e110	f340
2281	d282	e106	f353
2282	d130	e105	f393
2283	d237	e291	f382
2284	d213	e244	f353
2285	d263	e278	f248
2286	d102	e363	f354
2287	d267	e296	f146
2288	d261	e349	f206
2289	d125	e244	f398
2290	d183	e303	f303
2291	d139	e107	f149
2292	d146	e367	f384
2293	d292	e175	f252
2294	d354	e197	f313
2295	d284	e369	f190
2296	d340	e387	f159
2297	d143	e287	f335
2298	d281	e361	f236
2299	d317	e216	f130
2300	d216	e389	f122
2301	d136	e388	f302
2302	d398	e371	f116
2303	d353	e297	f213
2304	d262	e346	f337
2305	d237	e344	f265
2306	d155	e321	f105
2307	d317	e207	f220
2308	d243	e264	f367
2309	d167	e225	f184
2310	d165	e272	f255
2311	d333	e237	f264
2312	d118	e249	f176
2313	d382	e357	f192
2314	d106	e164	f214
2315	d253	e304	f353
2316	d342	e172	f392
2317	d146	e399	f101
2318	d393	e332	f206
2319	d253	e295	f121
2320	d338	e254	f125
2321	d259	e267	f293
2322	d383	e369	f252
2323	d388	e238	f174
2324	d235	e207	f172
2325	d397	e189	f242
2326	d190	e391	f386
2327	d282	e208	f287
2328	d329	e178	f177
2329	d260	e155	f113
2330	d303	e275	f175
2331	d166	e242	f122
2332	d300	e290	f330
2333	d211	e364	f312
2334	d102	e236	f195
2335	d374	e173	f318
2336	d210	e151	f268
2337	d380	e269	f193
2338	d148	e365	f331
2339	d204	e159	f218
2340	d110	e223	f282
2341	d328	e394	f339
2342	d168	e136	f262
2343	d322	e272	f331
2344	d378	e236	f221
2345	d261	e221	f149
2346	d106	e321	f130
2347	d102	e103	f348
2348	d110	e348	f205
2349	d159	e119	f374
2350	d378	e127	f383
2351	d360	e196	f349
2352	d297	e193	f376
2353	d292	e195	f317
2354	d164	e382	f157
2355	d204	e105	f157
2356	d227	e220	f302
2357	d108	e369	f277
2358	d203	e153	f212
2359	d296	e254	f100
2360	d350	e243	f166
2361	d211	e312	f378
2362	d307	e346	f118
2363	d196	e250	f302
2364	d124	e106	f266
2365	d220	e342	f338
2366	d338	e347	f290
2367	d330	e378	f201
2368	d353	e314	f121
2369	d394	e356	f226
2370	d256	e340	f338
2371	d141	e137	f343
2372	d128	e106	f285
2373	d274	e338	f312
2374	d373	e262	f381
2375	d204	e246	f308
2376	d223	e105	f178
2377	d247	e265	f135
2378	d267	e343	f124
2379	d345	e388	f309
2380	d307	e328	f364
2381	d269	e358	f365
2382	d112	e287	f201
2383	d127	e375	f384
2384	d213	e118	f229
2385	d318	e297	f332
2386	d167	e355	f286
2387	d114	e183	f373
2388	d277	e124	f262
2389	d275	e148	f109
2390	d160	e145	f194
2391	d346	e263	f164
2392	d252	e133	f213
2393	d330	e243	f228
2394	d324	e245	f199
2395	d184	e102	f231
2396	d115	e196	f110
2397	d164	e321	f186
2398	d210	e289	f221
2399	d162	e298	f275
2400	d128	e392	f326
2401	d267	e389	f315
2402	d236	e321	f206
2403	d398	e292	f395
2404	d238	e228	f301
2405	d342	e399	f219
2406	d369	e123	f367
2407	d355	e369	f323
2408	d108	e266	f219
2409	d372	e153	f117
2410	d186	e356	f215
2411	d244	e368	f159
2412	d393	e315	f228
2413	d264	e224	f133
2414	d268	e120	f134
2415	d192	e337	f118
2416	d269	e258	f189
2417	d355	e394	f146
2418	d133	e383	f152
2419	d325	e330	f180
2420	d172	e387	f137
2421	d379	e296	f182
2422	d290	e291	f278
2423	d101	e369	f105
2424	d263	e354	f246
2425	d310	e162	f244
2426	d125	e128	f118
2427	d249	e254	f330
2428	d136	e277	f167
2429	d324	e193	f202
2430	d369	e178	f390
2431	d158	e289	f166
2432	d393	e133	f367
2433	d367	e207	f263
2434	d307	e191	f267
2435	d367	e166	f259
2436	d197	e395	f122
2437	d178	e310	f119
2438	d214	e367	f224
2439	d153	e212	f328
2440	d199	e334	f127
2441	d239	e290	f145
2442	d375	e344	f162
2443	d128	e321	f126
2444	d194	e163	f205
2445	d156	e343	f174
2446	d133	e186	f318
2447	d280	e329	f359
2448	d134	e112	f226
2449	d112	e244	f388
2450	d235	e206	f220
2451	d109	e213	f291
2452	d381	e110	f356
2453	d312	e212	f302
2454	d349	e203	f314
2455	d369	e296	f322
2456	d130	e124	f369
2457	d327	e186	f387
2458	d314	e191	f286
2459	d304	e276	f288
2460	d159	e246	f286
2461	d294	e338	f312
2462	d239	e289	f197
2463	d114	e140	f276
2464	d392	e298	f266
2465	d228	e378	f201
2466	d167	e185	f281
2467	d336	e339	f384
2468	d316	e287	f369
2469	d276	e231	f145
2470	d355	e233	f105
2471	d173	e320	f194
2472	d117	e385	f311
2473	d267	e196	f101
2474	d265	e161	f139
2475	d296	e126	f354
2476	d171	e362	f291
2477	d156	e393	f291
2478	d153	e367	f185
2479	d242	e185	f156
2480	d261	e124	f369
2481	d206	e169	f140
2482	d395	e152	f369
2483	d330	e178	f192
2484	d382	e366	f355
2485	d192	e290	f364
2486	d259	e230	f145
2487	d187	e251	f321
2488	d336	e281	f235
2489	d278	e148	f212
2490	d365	e335	f239
2491	d212	e234	f323
2492	d183	e369	f195
2493	d371	e374	f145
2494	d251	e368	f358
2495	d385	e326	f344
2496	d202	e299	f321
2497	d225	e306	f382
2498	d308	e200	f237
2499	d232	e364	f151
2500	d183	e359	f156
2501	d303	e266	f139
2502	d153	e127	f181
2503	d348	e387	f144
2504	d336	e148	f159
2505	d341	e285	f129
2506	d296	e110	f162
2507	d191	e329	f107
2508	d171	e309	f214
2509	d350	e115	f263
2510	d109	e147	f173
2511	d251	e149	f181
2512	d370	e257	f165
2513	d172	e155	f160
2514	d385	e135	f231
2515	d252	e383	f148
2516	d202	e139	f395
2517	d221	e133	f213
2518	d346	e288	f128
2519	d172	e191	f273
2520	d333	e209	f100
2521	d330	e348	f284
2522	d205	e105	f211
2523	d188	e218	f388
2524	d338	e101	f327
2525	d210	e194	f223
2526	d175	e330	f382
2527	d181	e243	f195
2528	d132	e193	f349
2529	d373	e359	f178
2530	d106	e245	f266
2531	d205	e168	f272
2532	d353	e229	f328
2533	d118	e326	f303
2534	d262	e150	f277
2535	d322	e329	f166
2536	d280	e274	f310
2537	d302	e140	f286
2538	d179	e167	f385
2539	d181	e129	f236
2540	d217	e258	f303
2541	d362	e241	f207
2542	d183	e174	f261
2543	d106	e254	f385
2544	d245	e107	f186
2545	d334	e292	f329
2546	d231	e233	f276
2547	d212	e306	f153
2548	d254	e302	f363
2549	d118	e151	f313
2550	d264	e336	f138
2551	d281	e104	f174
2552	d140	e106	f299
2553	d203	e374	f224
2554	d194	e272	f214
2555	d286	e327	f231
2556	d299	e261	f185
2557	d172	e143	f195
2558	d217	e339	f359
2559	d304	e232	f317
2560	d136	e289	f103
2561	d243	e282	f293
2562	d348	e193	f215
2563	d184	e323	f111
2564	d116	e171	f202
2565	d136	e387	f320
2566	d300	e195	f232
2567	d391	e388	f299
2568	d398	e273	f187
2569	d203	e344	f117
2570	d192	e398	f327
2571	d338	e247	f321
2572	d209	e231	f131
2573	d332	e235	f382
2574	d355	e217	f141
2575	d353	e130	f317
2576	d189	e147	f356
2577	d222	e247	f354
2578	d338	e156	f368
2579	d167	e366	f156
2580	d302	e394	f325
2581	d147	e122	f287
2582	d162	e132	f399
2583	d372	e255	f328
2584	d390	e380	f193
2585	d342	e222	f302
2586	d247	e281	f359
2587	d100	e385	f269
2588	d291	e195	f188
2589	d166	e366	f357
2590	d358	e198	f342
2591	d156	e345	f387
2592	d231	e100	f332
2593	d259	e375	f115
2594	d196	e240	f340
2595	d323	e193	f310
2596	d300	e145	f280
2597	d321	e138	f176
2598	d269	e300	f318
2599	d327	e166	f210
2600	d133	e353	f273
2601	d308	e360	f398
2602	d304	e377	f352
2603	d291	e191	f100
2604	d354	e175	f263
2605	d237	e166	f363
2606	d251	e398	f343
2607	d172	e275	f207
2608	d223	e101	f300
2609	d265	e289	f309
2610	d150	e118	f370
2611	d116	e180	f198
2612	d161	e258	f286
2613	d237	e110	f222
2614	d331	e338	f271
2615	d166	e235	f159
2616	d178	e136	f148
2617	d360	e147	f248
2618	d310	e379	f303
2619	d136	e148	f384
2620	d309	e376	f111
2621	d247	e241	f395
2622	d203	e197	f367
2623	d312	e235	f296
2624	d220	e256	f256
2625	d259	e180	f304
2626	d205	e327	f264
2627	d250	e296	f262
2628	d342	e178	f218
2629	d104	e207	f274
2630	d212	e189	f328
2631	d365	e306	f209
2632	d228	e171	f271
2633	d308	e352	f183
2634	d124	e310	f108
2635	d198	e378	f227
2636	d362	e362	f299
2637	d345	e390	f268
2638	d156	e214	f358
2639	d246	e212	f159
2640	d396	e239	f137
2641	d359	e189	f191
2642	d334	e374	f396
2643	d180	e394	f156
2644	d278	e343	f331
2645	d208	e328	f197
2646	d144	e351	f163
2647	d112	e221	f107
2648	d139	e375	f317
2649	d114	e337	f215
2650	d112	e316	f261
2651	d354	e206	f251
2652	d346	e350	f185
2653	d326	e214	f386
2654	d329	e388	f228
2655	d225	e191	f249
2656	d317	e327	f316
2657	d206	e225	f115
2658	d280	e348	f153
2659	d386	e101	f339
2660	d357	e120	f150
2661	d388	e331	f326
2662	d368	e263	f236
2663	d112	e328	f246
2664	d391	e131	f169
2665	d385	e238	f283
2666	d194	e176	f322
2667	d203	e141	f131
2668	d276	e339	f166
2669	d172	e371	f167
2670	d344	e112	f301
2671	d348	e344	f160
2672	d335	e154	f137
2673	d263	e172	f183
2674	d159	e108	f145
2675	d242	e336	f112
2676	d240	e140	f111
2677	d142	e235	f213
2678	d370	e132	f296
2679	d265	e119	f356
2680	d127	e148	f272
2681	d238	e241	f375
2682	d157	e215	f131
2683	d184	e195	f225
2684	d365	e347	f290
2685	d120	e145	f143
2686	d132	e277	f280
2687	d107	e350	f125
2688	d285	e184	f111
2689	d336	e385	f178
2690	d299	e354	f309
2691	d342	e396	f282
2692	d250	e208	f326
2693	d283	e120	f225
2694	d192	e323	f314
2695	d281	e283	f135
2696	d356	e178	f181
2697	d220	e298	f345
2698	d339	e340	f101
2699	d237	e128	f295
2700	d228	e244	f244
2701	d353	e258	f159
2702	d226	e262	f263
2703	d108	e362	f247
2704	d287	e131	f253
2705	d147	e365	f351
2706	d161	e223	f128
2707	d327	e149	f137
2708	d272	e232	f316
2709	d159	e186	f186
2710	d361	e186	f374
2711	d188	e266	f170
2712	d303	e382	f190
2713	d276	e217	f157
2714	d330	e236	f299
2715	d230	e105	f265
2716	d150	e179	f388
2717	d126	e314	f182
2718	d103	e395	f214
2719	d112	e304	f207
2720	d296	e203	f261
2721	d281	e377	f193
2722	d273	e302	f356
2723	d299	e170	f394
2724	d175	e288	f137
2725	d239	e332	f364
2726	d106	e298	f332
2727	d244	e224	f276
2728	d318	e357	f243
2729	d149	e212	f375
2730	d325	e226	f376
2731	d249	e342	f309
2732	d246	e129	f249
2733	d100	e170	f222
2734	d174	e264	f276
2735	d326	e235	f246
2736	d339	e325	f313
2737	d101	e102	f278
2738	d279	e374	f170
2739	d285	e239	f152
2740	d385	e399	f331
2741	d125	e110	f256
2742	d356	e134	f196
2743	d174	e167	f129
2744	d175	e389	f270
2745	d198	e328	f272
2746	d147	e122	f256
2747	d108	e320	f236
2748	d258	e170	f283
2749	d349	e315	f154
2750	d271	e316	f335
2751	d105	e219	f275
2752	d192	e323	f349
2753	d115	e188	f290
2754	d279	e392	f260
2755	d298	e306	f320
2756	d108	e104	f178
2757	d168	e281	f375
2758	d306	e393	f113
2759	d315	e154	f344
2760	d270	e377	f319
2761	d398	e331	f354
2762	d209	e394	f112
2763	d247	e382	f394
2764	d350	e367	f100
2765	d383	e340	f222
2766	d140	e334	f162
2767	d353	e179	f106
2768	d172	e188	f275
2769	d161	e110	f103
2770	d315	e174	f213
2771	d354	e112	f345
2772	d186	e334	f275
2773	d389	e262	f176
2774	d339	e277	f186
2775	d100	e266	f159
2776	d105	e287	f375
2777	d246	e227	f283
2778	d128	e289	f292
2779	d359	e352	f223
2780	d177	e313	f308
2781	d299	e133	f233
2782	d170	e208	f105
2783	d369	e290	f236
2784	d228	e104	f348
2785	d222	e261	f260
2786	d205	e308	f244
2787	d197	e343	f354
2788	d108	e274	f345
2789	d271	e248	f376
2790	d395	e321	f338
2791	d221	e312	f392
2792	d247	e152	f275
2793	d303	e292	f378
2794	d327	e152	f398
2795	d282	e169	f264
2796	d309	e158	f178
2797	d183	e289	f187
2798	d237	e388	f320
2799	d377	e248	f143
2800	d254	e365	f209
2801	d116	e125	f325
2802	d371	e397	f118
2803	d297	e292	f167
2804	d398	e236	f340
2805	d160	e169	f300
2806	d320	e115	f321
2807	d370	e150	f154
2808	d112	e232	f272
2809	d162	e224	f141
2810	d148	e360	f217
2811	d136	e113	f252
2812	d205	e262	f200
2813	d311	e263	f354
2814	d205	e138	f263
2815	d102	e337	f196
2816	d249	e333	f338
2817	d374	e174	f306
2818	d325	e182	f176
2819	d112	e342	f251
2820	d319	e120	f315
2821	d279	e326	f286
2822	d325	e324	f220
2823	d327	e345	f327
2824	d342	e386	f333
2825	d228	e308	f113
2826	d375	e338	f372
2827	d204	e234	f346
2828	d220	e215	f318
2829	d259	e261	f183
2830	d317	e194	f214
2831	d153	e243	f150
2832	d116	e279	f254
2833	d199	e323	f173
2834	d333	e332	f156
2835	d319	e370	f325
2836	d237	e274	f263
2837	d385	e150	f312
2838	d122	e318	f248
2839	d155	e326	f258
2840	d396	e107	f233
2841	d197	e357	f247
2842	d363	e293	f105
2843	d392	e306	f105
2844	d278	e193	f152
2845	d284	e124	f347
2846	d245	e308	f251
2847	d104	e317	f150
2848	d388	e186	f305
2849	d275	e394	f121
2850	d309	e233	f231
2851	d355	e207	f200
2852	d216	e353	f197
2853	d290	e296	f301
2854	d394	e263	f346
2855	d173	e303	f106
2856	d260	e238	f308
2857	d361	e389	f208
2858	d267	e293	f134
2859	d320	e206	f333
2860	d166	e372	f233
2861	d262	e239	f300
2862	d152	e384	f169
2863	d260	e202	f181
2864	d197	e325	f354
2865	d150	e333	f387
2866	d338	e221	f356
2867	d103	e219	f390
2868	d375	e389	f187
2869	d125	e274	f146
2870	d343	e186	f318
2871	d221	e312	f306
2872	d124	e284	f324
2873	d111	e357	f218
2874	d182	e335	f387
2875	d177	e243	f391
2876	d293	e334	f203
2877	d269	e160	f354
2878	d255	e181	f332
2879	d223	e336	f133
2880	d227	e170	f123
2881	d169	e209	f269
2882	d373	e102	f361
2883	d107	e102	f361
2884	d242	e381	f125
2885	d283	e117	f226
2886	d356	e368	f232
2887	d156	e364	f364
2888	d339	e228	f172
2889	d377	e259	f182
2890	d219	e373	f392
2891	d329	e199	f183
2892	d309	e354	f133
2893	d234	e246	f230
2894	d236	e397	f242
2895	d350	e304	f209
2896	d145	e178	f339
2897	d252	e350	f275
2898	d258	e213	f381
2899	d327	e339	f384
2900	d368	e162	f314
2901	d276	e397	f153
2902	d158	e222	f353
2903	d118	e257	f125
2904	d228	e311	f256
2905	d321	e235	f386
2906	d377	e355	f178
2907	d255	e365	f121
2908	d126	e349	f382
2909	d106	e262	f120
2910	d112	e364	f172
2911	d336	e295	f198
2912	d245	e128	f241
2913	d234	e318	f196
2914	d156	e257	f265
2915	d193	e332	f220
2916	d364	e208	f158
2917	d246	e262	f367
2918	d300	e127	f358
2919	d345	e194	f150
2920	d136	e371	f328
2921	d193	e392	f176
2922	d192	e289	f306
2923	d287	e256	f352
2924	d282	e110	f301
2925	d303	e285	f162
2926	d177	e224	f200
2927	d297	e213	f371
2928	d160	e101	f153
2929	d333	e359	f287
2930	d153	e299	f365
2931	d207	e135	f194
2932	d399	e290	f109
2933	d339	e348	f349
2934	d187	e107	f336
2935	d339	e332	f152
2936	d201	e367	f336
2937	d191	e259	f141
2938	d252	e288	f370
2939	d113	e384	f157
2940	d366	e233	f317
2941	d133	e397	f355
2942	d294	e284	f189
2943	d364	e319	f197
2944	d358	e267	f248
2945	d286	e273	f265
2946	d360	e199	f314
2947	d268	e142	f201
2948	d100	e329	f298
2949	d250	e265	f172
2950	d392	e290	f332
2951	d273	e209	f101
2952	d369	e234	f353
2953	d195	e259	f162
2954	d206	e252	f344
2955	d119	e253	f102
2956	d165	e384	f370
2957	d187	e202	f238
2958	d385	e108	f291
2959	d332	e194	f106
2960	d303	e394	f336
2961	d307	e202	f258
2962	d206	e231	f335
2963	d178	e107	f390
2964	d200	e369	f319
2965	d174	e198	f234
2966	d189	e203	f340
2967	d322	e177	f372
2968	d247	e101	f368
2969	d379	e211	f121
2970	d109	e388	f198
2971	d234	e153	f330
2972	d277	e293	f239
2973	d176	e152	f214
2974	d246	e175	f364
2975	d314	e181	f132
2976	d353	e375	f223
2977	d287	e332	f206
2978	d291	e169	f381
2979	d247	e332	f325
2980	d249	e272	f217
2981	d375	e104	f332
2982	d307	e161	f112
2983	d354	e141	f146
2984	d109	e130	f248
2985	d340	e295	f373
2986	d342	e341	f348
2987	d327	e335	f310
2988	d365	e240	f233
2989	d228	e124	f325
2990	d373	e354	f130
2991	d346	e378	f314
2992	d313	e161	f327
2993	d128	e270	f262
2994	d129	e150	f244
2995	d138	e164	f373
2996	d314	e312	f328
2997	d324	e352	f139
2998	d285	e285	f110
2999	d386	e164	f223
