1	d228	e221	f161
3	d207	e246	f161
5	d362	e381	f267
7	d134	e181	f299
9	d113	e315	f158
11	d279	e154	f152
13	d298	e382	f116
15	d122	e348	f345
17	d230	e272	f194
19	d303	e163	f132
21	d124	e101	f223
23	d220	e374	f388
25	d111	e184	f211
27	d357	e333	f216
29	d296	e306	f315
31	d212	e374	f176
33	d277	e199	f194
35	d336	e190	f283
37	d124	e147	f197
39	d127	e179	f115
41	d212	e177	f378
43	d236	e254	f125
45	d299	e341	f306
47	d305	e343	f108
49	d156	e181	f373
51	d206	e147	f129
53	d364	e161	f217
55	d200	e160	f146
57	d170	e383	f385
59	d267	e125	f210
61	d115	e335	f164
63	d341	e142	f273
65	d141	e250	f175
67	d297	e144	f243
69	d257	e192	f180
71	d243	e203	f353
73	d162	e143	f112
75	d169	e312	f133
77	d257	e253	f367
79	d284	e283	f361
81	d307	e319	f167
83	d177	e163	f244
85	d145	e312	f248
87	d125	e182	f397
89	d344	e285	f150
91	d249	e281	f196
93	d139	e334	f184
95	d163	e218	f371
97	d208	e179	f280
99	d378	e331	f276
101	d108	e270	f303
103	d190	e137	f339
105	d160	e201	f236
107	d280	e321	f142
109	d378	e324	f295
111	d152	e171	f162
113	d240	e159	f126
115	d393	e142	f186
117	d149	e102	f287
119	d272	e124	f119
121	d286	e322	f101
123	d210	e207	f191
125	d382	e377	f234
127	d261	e142	f388
129	d202	e282	f231
131	d127	e193	f225
133	d185	e201	f166
135	d150	e294	f241
137	d360	e130	f377
139	d349	e349	f324
141	d370	e185	f145
143	d255	e114	f198
145	d330	e150	f177
147	d367	e243	f193
149	d352	e342	f326
151	d210	e184	f129
153	d317	e284	f229
155	d205	e395	f136
157	d120	e164	f193
159	d310	e377	f316
161	d204	e392	f387
163	d367	e214	f352
165	d115	e118	f117
167	d200	e105	f127
169	d345	e328	f179
171	d156	e257	f393
173	d381	e278	f377
175	d301	e158	f338
177	d373	e109	f203
179	d289	e392	f375
181	d385	e274	f239
183	d189	e105	f394
185	d200	e300	f199
187	d398	e225	f207
189	d339	e366	f269
191	d266	e340	f134
193	d324	e254	f386
195	d280	e287	f249
197	d234	e321	f281
199	d169	e209	f262
201	d113	e343	f318
203	d277	e134	f114
205	d341	e149	f195
207	d387	e331	f347
209	d333	e208	f173
211	d223	e273	f239
213	d177	e327	f206
215	d296	e106	f347
217	d373	e186	f399
219	d283	e140	f244
221	d379	e138	f365
223	d145	e379	f142
225	d178	e119	f383
227	d190	e135	f151
229	d150	e133	f370
231	d171	e182	f137
233	d264	e302	f103
235	d161	e194	f188
237	d189	e138	f354
239	d317	e308	f172
241	d337	e296	f312
243	d103	e323	f108
245	d327	e145	f292
247	d367	e310	f345
249	d170	e372	f213
251	d171	e136	f132
253	d216	e191	f297
255	d292	e175	f362
257	d209	e264	f151
259	d313	e102	f362
261	d194	e231	f176
263	d123	e147	f346
265	d280	e192	f254
267	d116	e122	f188
269	d226	e245	f211
271	d120	e204	f253
273	d356	e162	f102
275	d186	e304	f265
277	d131	e110	f220
279	d115	e203	f299
281	d230	e306	f234
283	d241	e277	f335
285	d154	e350	f320
287	d162	e153	f258
289	d370	e255	f273
291	d390	e362	f380
293	d355	e302	f101
295	d150	e190	f224
297	d140	e132	f375
299	d235	e259	f275
301	d330	e184	f260
303	d172	e269	f303
305	d143	e212	f196
307	d183	e284	f392
309	d339	e271	f175
311	d326	e284	f384
313	d112	e388	f375
315	d171	e249	f140
317	d163	e309	f194
319	d380	e249	f343
321	d376	e308	f129
323	d383	e356	f256
325	d380	e225	f369
327	d390	e175	f281
329	d340	e210	f310
331	d302	e130	f191
333	d371	e138	f146
335	d360	e168	f327
337	d195	e198	f143
339	d289	e164	f292
341	d390	e339	f121
343	d122	e254	f105
345	d253	e186	f356
347	d329	e234	f361
349	d177	e243	f280
351	d304	e342	f296
353	d319	e337	f229
355	d399	e138	f118
357	d278	e148	f253
359	d334	e106	f167
361	d103	e186	f213
363	d344	e274	f281
365	d373	e169	f128
367	d205	e341	f102
369	d381	e114	f352
371	d324	e204	f108
373	d250	e286	f395
375	d118	e128	f366
377	d324	e137	f302
379	d103	e127	f274
381	d339	e362	f195
383	d164	e136	f342
385	d169	e328	f140
387	d383	e322	f338
389	d124	e399	f335
391	d356	e128	f308
393	d302	e153	f208
395	d251	e185	f218
397	d190	e205	f156
399	d165	e241	f357
401	d175	e394	f127
403	d194	e288	f184
405	d119	e146	f395
407	d237	e288	f252
409	d383	e162	f150
411	d112	e305	f239
413	d128	e166	f395
415	d126	e148	f171
417	d162	e127	f111
419	d346	e269	f225
421	d130	e190	f223
423	d217	e163	f286
425	d369	e175	f321
427	d310	e316	f352
429	d332	e371	f219
431	d105	e328	f102
433	d130	e269	f254
435	d342	e233	f299
437	d301	e362	f239
439	d312	e383	f228
441	d319	e116	f145
443	d271	e361	f189
445	d226	e309	f383
447	d271	e364	f312
449	d117	e240	f208
451	d276	e264	f103
453	d287	e148	f361
455	d348	e173	f194
457	d216	e145	f215
459	d135	e289	f140
461	d387	e212	f106
463	d138	e328	f399
465	d110	e149	f116
467	d196	e399	f116
469	d384	e304	f328
471	d280	e368	f217
473	d393	e222	f132
475	d189	e273	f364
477	d212	e108	f380
479	d346	e279	f204
481	d173	e205	f331
483	d187	e284	f268
485	d133	e336	f326
487	d116	e313	f374
489	d286	e342	f202
491	d157	e165	f207
493	d240	e100	f146
495	d206	e364	f268
497	d280	e361	f193
499	d195	e216	f305
501	d344	e299	f246
503	d203	e219	f374
505	d135	e249	f316
507	d121	e196	f239
509	d247	e374	f116
511	d142	e184	f201
513	d291	e252	f359
515	d308	e152	f297
517	d386	e103	f295
519	d186	e232	f233
521	d397	e209	f232
523	d334	e347	f217
525	d366	e379	f369
527	d367	e178	f142
529	d355	e112	f396
531	d259	e364	f102
533	d361	e177	f248
535	d128	e272	f195
537	d364	e339	f278
539	d190	e241	f227
541	d230	e159	f230
543	d188	e321	f357
545	d366	e173	f165
547	d355	e303	f342
549	d237	e387	f324
551	d280	e359	f232
553	d304	e105	f343
555	d357	e111	f216
557	d360	e390	f345
559	d211	e316	f358
561	d168	e275	f254
563	d287	e152	f399
565	d140	e109	f107
567	d127	e389	f235
569	d154	e277	f256
571	d212	e240	f190
573	d354	e261	f107
575	d304	e187	f119
577	d313	e244	f103
579	d104	e327	f118
581	d143	e165	f388
583	d240	e247	f300
585	d111	e294	f287
587	d219	e212	f225
589	d271	e382	f298
591	d193	e335	f397
593	d361	e358	f300
595	d226	e329	f239
597	d211	e396	f131
599	d268	e130	f114
601	d228	e375	f128
603	d174	e169	f209
605	d194	e149	f389
607	d221	e198	f138
609	d246	e305	f389
611	d251	e147	f390
613	d165	e279	f119
615	d181	e178	f268
617	d222	e283	f343
619	d119	e383	f232
621	d356	e169	f265
623	d363	e228	f226
625	d304	e307	f279
627	d103	e119	f223
629	d322	e189	f288
631	d315	e132	f379
633	d363	e242	f140
635	d394	e141	f133
637	d169	e215	f196
639	d151	e189	f181
641	d259	e291	f165
643	d175	e342	f125
645	d303	e327	f367
647	d227	e204	f142
649	d225	e212	f114
651	d351	e127	f109
653	d135	e392	f258
655	d152	e354	f303
657	d143	e285	f341
659	d372	e210	f161
661	d387	e365	f339
663	d399	e262	f116
665	d160	e235	f225
667	d196	e297	f343
669	d219	e316	f339
671	d275	e371	f111
673	d203	e382	f398
675	d308	e264	f358
677	d296	e247	f216
679	d218	e244	f132
681	d206	e161	f373
683	d226	e303	f336
685	d310	e118	f116
687	d286	e200	f346
689	d169	e322	f121
691	d230	e161	f209
693	d121	e164	f270
695	d346	e346	f311
697	d234	e248	f181
699	d239	e183	f163
701	d320	e131	f324
703	d248	e320	f350
705	d187	e316	f320
707	d257	e147	f208
709	d347	e128	f319
711	d360	e249	f144
713	d375	e222	f210
715	d352	e158	f261
717	d374	e366	f332
719	d119	e127	f257
721	d182	e271	f177
723	d100	e202	f224
725	d158	e347	f298
727	d284	e175	f115
729	d119	e279	f334
731	d116	e228	f152
733	d383	e315	f381
735	d303	e276	f379
737	d165	e173	f250
739	d193	e274	f217
741	d333	e241	f178
743	d351	e133	f100
745	d251	e319	f391
747	d286	e115	f264
749	d286	e278	f277
751	d335	e395	f126
753	d263	e385	f130
755	d128	e179	f259
757	d154	e275	f291
759	d343	e380	f117
761	d356	e352	f231
763	d231	e198	f257
765	d373	e367	f273
767	d273	e328	f370
769	d170	e362	f199
771	d363	e188	f300
773	d196	e140	f389
775	d188	e295	f296
777	d355	e385	f134
779	d366	e215	f112
781	d185	e241	f382
783	d331	e398	f372
785	d390	e170	f240
787	d211	e337	f161
789	d227	e174	f202
791	d187	e257	f129
793	d192	e204	f246
795	d329	e175	f183
797	d125	e331	f284
799	d177	e178	f242
1001	d296	e173	f504
1003	d233	e272	f504
1005	d219	e277	f504
1007	d355	e234	f504
1009	d195	e154	f504
1011	d332	e307	f504
1013	d351	e193	f504
1015	d271	e189	f504
1017	d174	e129	f504
1019	d330	e183	f504
1021	d306	e270	f504
1023	d334	e326	f504
1025	d329	e321	f504
1027	d110	e392	f504
1029	d398	e211	f504
1031	d225	e306	f504
1033	d188	e172	f504
1035	d209	e260	f504
1037	d348	e378	f504
1039	d202	e367	f504
1041	d258	e264	f504
1043	d351	e340	f504
1045	d183	e264	f504
1047	d247	e368	f504
1049	d222	e253	f504
1051	d247	e178	f504
1053	d345	e397	f504
1055	d366	e385	f504
1057	d333	e214	f504
1059	d178	e146	f504
1061	d379	e390	f504
1063	d357	e154	f504
1065	d210	e140	f504
1067	d258	e351	f504
1069	d147	e349	f504
1071	d380	e305	f504
1073	d263	e352	f504
1075	d390	e237	f504
1077	d280	e390	f504
1079	d145	e372	f504
1081	d319	e155	f504
1083	d208	e129	f504
1085	d174	e291	f504
1087	d355	e378	f504
1089	d394	e363	f504
1091	d185	e336	f504
1093	d114	e216	f504
1095	d206	e149	f504
1097	d107	e324	f504
1099	d108	e383	f504
1101	d200	e120	f504
1103	d271	e272	f504
1105	d253	e131	f504
1107	d275	e206	f504
1109	d346	e190	f504
1111	d338	e376	f504
1113	d314	e340	f504
1115	d389	e397	f504
1117	d218	e301	f504
1119	d169	e386	f504
1121	d398	e138	f504
1123	d364	e252	f504
1125	d378	e262	f504
1127	d331	e212	f504
1129	d346	e307	f504
1131	d364	e201	f504
1133	d174	e262	f504
1135	d121	e177	f504
1137	d115	e116	f504
1139	d396	e357	f504
1141	d265	e124	f504
1143	d362	e281	f504
1145	d262	e282	f504
1147	d257	e205	f504
1149	d340	e169	f504
1151	d240	e157	f504
1153	d107	e234	f504
1155	d245	e309	f504
1157	d358	e289	f504
1159	d258	e138	f504
1161	d217	e107	f504
1163	d159	e143	f504
1165	d120	e243	f504
1167	d142	e326	f504
1169	d235	e161	f504
1171	d296	e331	f504
1173	d349	e107	f504
1175	d288	e214	f504
1177	d280	e274	f504
1179	d288	e320	f504
1181	d162	e199	f504
1183	d115	e241	f504
1185	d374	e313	f504
1187	d380	e236	f504
1189	d272	e214	f504
1191	d312	e315	f504
1193	d117	e224	f504
1195	d372	e161	f504
1197	d301	e368	f504
1199	d258	e214	f504
2000	d326	e287	f138
2001	d135	e306	f132
2002	d385	e227	f118
2003	d323	e205	f101
2004	d182	e106	f231
2005	d251	e277	f301
2006	d272	e375	f121
2007	d151	e382	f119
2008	d232	e133	f196
2009	d110	e247	f288
2010	d374	e341	f302
2011	d231	e347	f133
2012	d394	e189	f219
2013	d368	e288	f236
2014	d372	e100	f232
2015	d156	e130	f192
2016	d349	e317	f284
2017	d286	e399	f160
2018	d148	e343	f135
2019	d304	e332	f286
2020	d197	e136	f363
2021	d325	e364	f193
2022	d318	e215	f108
2023	d303	e189	f201
2024	d295	e244	f380
2025	d323	e166	f255
2026	d287	e236	f255
2027	d281	e258	f194
2028	d377	e138	f198
2029	d282	e319	f213
2030	d380	e285	f331
2031	d251	e217	f235
2032	d297	e181	f128
2033	d285	e394	f373
2034	d158	e394	f326
2035	d390	e222	f103
2036	d325	e347	f201
2037	d189	e315	f174
2038	d227	e208	f155
2039	d135	e393	f328
2040	d274	e399	f195
2041	d334	e137	f136
2042	d217	e319	f108
2043	d157	e173	f161
2044	d142	e279	f293
2045	d303	e343	f124
2046	d396	e394	f252
2047	d227	e357	f235
2048	d356	e251	f279
2049	d261	e169	f223
2050	d119	e217	f293
2051	d347	e163	f398
2052	d306	e159	f153
2053	d394	e115	f258
2054	d189	e367	f173
2055	d395	e338	f308
2056	d258	e312	f182
2057	d283	e178	f209
2058	d290	e194	f293
2059	d312	e306	f232
2060	d152	e190	f100
2061	d218	e165	f293
2062	d395	e164	f303
2063	d351	e362	f159
2064	d381	e318	f170
2065	d358	e201	f335
2066	d154	e108	f368
2067	d348	e203	f342
2068	d237	e245	f199
2069	d181	e316	f309
2070	d392	e128	f190
2071	d319	e201	f336
2072	d350	e222	f184
2073	d134	e364	f178
2074	d399	e393	f307
2075	d168	e231	f352
2076	d262	e370	f103
2077	d263	e386	f343
2078	d234	e311	f109
2079	d133	e367	f379
2080	d365	e118	f110
2081	d137	e131	f394
2082	d306	e215	f346
2083	d278	e324	f226
2084	d337	e145	f398
2085	d151	e297	f148
2086	d356	e393	f237
2087	d270	e316	f259
2088	d182	e320	f337
2089	d348	e340	f290
2090	d289	e376	f309
2091	d330	e183	f305
2092	d241	e167	f231
2093	d218	e387	f245
2094	d298	e192	f222
2095	d161	e327	f190
2096	d304	e190	f281
2097	d343	e210	f346
2098	d365	e175	f307
2099	d250	e356	f399
2100	d153	e167	f206
2101	d201	e153	f380
2102	d114	e349	f355
2103	d222	e117	f349
2104	d158	e315	f232
2105	d169	e293	f104
2106	d117	e373	f205
2107	d228	e365	f321
2108	d389	e236	f261
2109	d342	e190	f183
2110	d171	e291	f379
2111	d366	e165	f346
2112	d348	e169	f159
2113	d333	e294	f292
2114	d111	e100	f142
2115	d341	e368	f324
2116	d191	e196	f106
2117	d351	e299	f390
2118	d222	e341	f383
2119	d209	e253	f133
2120	d189	e328	f285
2121	d263	e152	f120
2122	d360	e313	f130
2123	d186	e264	f333
2124	d211	e213	f190
2125	d151	e258	f331
2126	d397	e256	f180
2127	d357	e381	f236
2128	d193	e204	f108
2129	d300	e367	f161
2130	d185	e243	f189
2131	d385	e380	f366
2132	d103	e180	f209
2133	d121	e256	f117
2134	d193	e276	f389
2135	d381	e171	f237
2136	d272	e363	f171
2137	d161	e102	f149
2138	d240	e167	f322
2139	d143	e288	f181
2140	d137	e214	f246
2141	d386	e342	f259
2142	d320	e252	f275
2143	d283	e372	f126
2144	d179	e385	f316
2145	d357	e198	f272
2146	d219	e399	f233
2147	d118	e279	f205
2148	d308	e179	f212
2149	d336	e216	f262
2150	d215	e289	f347
2151	d224	e145	f345
2152	d345	e242	f358
2153	d276	e102	f219
2154	d358	e204	f116
2155	d179	e234	f293
2156	d379	e107	f128
2157	d257	e353	f313
2158	d184	e119	f151
2159	d339	e125	f207
2160	d387	e360	f201
2161	d389	e285	f375
2162	d336	e290	f317
2163	d103	e256	f335
2164	d175	e120	f359
2165	d110	e270	f253
2166	d346	e263	f242
2167	d283	e153	f130
2168	d162	e160	f363
2169	d117	e261	f243
2170	d372	e180	f172
2171	d136	e172	f358
2172	d332	e278	f248
2173	d201	e224	f155
2174	d269	e170	f150
2175	d381	e359	f147
2176	d262	e221	f286
2177	d218	e150	f303
2178	d366	e240	f191
2179	d292	e160	f154
2180	d292	e178	f210
2181	d211	e387	f160
2182	d304	e119	f132
2183	d395	e262	f306
2184	d385	e300	f349
2185	d184	e227	f192
2186	d124	e139	f200
2187	d146	e184	f395
2188	d134	e377	f281
2189	d324	e113	f341
2190	d173	e176	f166
2191	d120	e363	f126
2192	d196	e237	f204
2193	d250	e160	f243
2194	d359	e390	f184
2195	d164	e245	f180
2196	d383	e288	f231
2197	d153	e318	f283
2198	d202	e102	f208
2199	d333	e363	f361
2200	d351	e240	f128
2201	d375	e157	f184
2202	d155	e276	f346
2203	d220	e125	f323
2204	d241	e278	f225
2205	d240	e377	f110
2206	d384	e192	f196
2207	d196	e253	f168
2208	d206	e355	f386
2209	d287	e335	f390
2210	d281	e338	f220
2211	d285	e383	f292
2212	d173	e396	f232
2213	d374	e190	f249
2214	d331	e171	f213
2215	d337	e286	f335
2216	d258	e260	f378
2217	d386	e267	f215
2218	d151	e296	f303
2219	d293	e173	f199
2220	d225	e281	f253
2221	d292	e221	f266
2222	d193	e258	f199
2223	d125	e230	f187
2224	d130	e328	f132
2225	d146	e364	f344
2226	d315	e255	f104
2227	d331	e262	f365
2228	d216	e150	f353
2229	d100	e344	f148
2230	d155	e100	f391
2231	d252	e288	f149
2232	d189	e210	f369
2233	d246	e344	f373
2234	d157	e266	f278
2235	d193	e360	f144
2236	d195	e236	f261
2237	d127	e128	f229
2238	d171	e141	f250
2239	d211	e149	f103
2240	d146	e380	f246
2241	d365	e351	f131
2242	d344	e185	f243
2243	d276	e222	f315
2244	d239	e275	f343
2245	d217	e318	f268
2246	d153	e261	f311
2247	d397	e294	f326
2248	d104	e102	f120
2249	d186	e255	f362
2250	d325	e148	f104
2251	d326	e279	f278
2252	d138	e211	f200
2253	d243	e118	f257
2254	d110	e377	f194
2255	d164	e371	f104
2256	d143	e207	f359
2257	d334	e249	f183
2258	d363	e247	f290
2259	d276	e380	f318
2260	d304	e386	f238
2261	d282	e114	f232
2262	d303	e167	f374
2263	d255	e159	f194
2264	d230	e298	f127
2265	d295	e383	f376
2266	d213	e153	f310
2267	d182	e162	f165
2268	d141	e261	f181
2269	d158	e183	f387
2270	d186	e341	f288
2271	d189	e245	f204
2272	d170	e223	f350
2273	d149	e207	f129
2274	d382	e215	f257
2275	d323	e147	f300
2276	d248	e372	f175
2277	d394	e155	f229
2278	d166	e331	f359
2279	d247	e102	f189
2280	d227	e185	f185
2281	d115	e354	f365
2282	d227	e353	f339
2283	d190	e242	f154
2284	d130	e282	f186
2285	d172	e200	f334
2286	d109	e150	f315
2287	d148	e149	f170
2288	d311	e101	f160
2289	d105	e136	f261
2290	d217	e343	f156
2291	d158	e223	f253
2292	d217	e103	f313
2293	d258	e225	f169
2294	d388	e166	f153
2295	d224	e333	f237
2296	d223	e292	f299
2297	d349	e251	f316
2298	d128	e316	f252
2299	d229	e313	f149
2300	d177	e392	f214
2301	d242	e159	f287
2302	d121	e329	f270
2303	d203	e307	f274
2304	d299	e229	f366
2305	d368	e262	f162
2306	d175	e176	f293
2307	d206	e285	f292
2308	d355	e259	f225
2309	d158	e225	f396
2310	d123	e306	f237
2311	d106	e106	f206
2312	d228	e283	f147
2313	d346	e366	f299
2314	d227	e216	f365
2315	d243	e122	f332
2316	d378	e325	f200
2317	d274	e169	f397
2318	d134	e255	f197
2319	d208	e312	f285
2320	d161	e119	f379
2321	d187	e225	f276
2322	d159	e175	f313
2323	d192	e105	f127
2324	d224	e108	f179
2325	d337	e323	f255
2326	d293	e385	f288
2327	d264	e177	f244
2328	d317	e306	f100
2329	d337	e317	f161
2330	d138	e155	f144
2331	d156	e364	f187
2332	d184	e384	f188
2333	d348	e106	f101
2334	d361	e383	f198
2335	d262	e398	f165
2336	d311	e301	f259
2337	d376	e274	f122
2338	d207	e206	f187
2339	d266	e110	f366
2340	d390	e138	f112
2341	d222	e399	f116
2342	d162	e211	f284
2343	d115	e314	f206
2344	d332	e126	f276
2345	d210	e349	f221
2346	d363	e296	f222
2347	d101	e200	f108
2348	d150	e325	f290
2349	d249	e183	f132
2350	d134	e186	f394
2351	d368	e154	f135
2352	d236	e263	f220
2353	d101	e344	f262
2354	d151	e134	f305
2355	d317	e322	f370
2356	d399	e115	f181
2357	d215	e363	f162
2358	d272	e356	f354
2359	d186	e289	f262
2360	d310	e371	f354
2361	d311	e211	f129
2362	d288	e257	f330
2363	d273	e188	f358
2364	d194	e251	f135
2365	d183	e226	f385
2366	d190	e196	f169
2367	d326	e385	f217
2368	d199	e163	f220
2369	d135	e360	f326
2370	d129	e199	f316
2371	d266	e321	f338
2372	d313	e309	f162
2373	d315	e220	f205
2374	d384	e111	f128
2375	d296	e201	f396
2376	d141	e171	f180
2377	d206	e124	f155
2378	d262	e357	f163
2379	d213	e359	f124
2380	d102	e361	f178
2381	d373	e128	f265
2382	d202	e218	f190
2383	d381	e205	f120
2384	d360	e302	f139
2385	d305	e313	f262
2386	d237	e320	f227
2387	d118	e180	f339
2388	d391	e388	f296
2389	d307	e267	f386
2390	d136	e220	f267
2391	d104	e123	f327
2392	d248	e336	f124
2393	d252	e398	f307
2394	d176	e117	f357
2395	d344	e314	f152
2396	d291	e389	f236
2397	d105	e119	f344
2398	d233	e287	f316
2399	d172	e105	f104
