1	d228	e221	f161
3	d207	e246	f161
5	d362	e381	f267
7	d134	e181	f299
9	d113	e315	f158
11	d279	e154	f152
13	d298	e382	f116
15	d122	e348	f345
17	d230	e272	f194
19	d303	e163	f132
21	d124	e101	f223
23	d220	e374	f388
25	d111	e184	f211
27	d357	e333	f216
29	d296	e306	f315
31	d212	e374	f176
33	d277	e199	f194
35	d336	e190	f283
37	d124	e147	f197
39	d127	e179	f115
41	d212	e177	f378
43	d236	e254	f125
45	d299	e341	f306
47	d305	e343	f108
49	d156	e181	f373
51	d206	e147	f129
53	d364	e161	f217
55	d200	e160	f146
57	d170	e383	f385
59	d267	e125	f210
61	d115	e335	f164
63	d341	e142	f273
65	d141	e250	f175
67	d297	e144	f243
69	d257	e192	f180
71	d243	e203	f353
73	d162	e143	f112
75	d169	e312	f133
77	d257	e253	f367
79	d284	e283	f361
81	d307	e319	f167
83	d177	e163	f244
85	d145	e312	f248
87	d125	e182	f397
89	d344	e285	f150
91	d249	e281	f196
93	d139	e334	f184
95	d163	e218	f371
97	d208	e179	f280
99	d378	e331	f276
101	d108	e270	f303
103	d190	e137	f339
105	d160	e201	f236
107	d280	e321	f142
109	d378	e324	f295
111	d152	e171	f162
113	d240	e159	f126
115	d393	e142	f186
117	d149	e102	f287
119	d272	e124	f119
121	d286	e322	f101
123	d210	e207	f191
125	d382	e377	f234
127	d261	e142	f388
129	d202	e282	f231
131	d127	e193	f225
133	d185	e201	f166
135	d150	e294	f241
137	d360	e130	f377
139	d349	e349	f324
141	d370	e185	f145
143	d255	e114	f198
145	d330	e150	f177
147	d367	e243	f193
149	d352	e342	f326
151	d210	e184	f129
153	d317	e284	f229
155	d205	e395	f136
157	d120	e164	f193
159	d310	e377	f316
161	d204	e392	f387
163	d367	e214	f352
165	d115	e118	f117
167	d200	e105	f127
169	d345	e328	f179
171	d156	e257	f393
173	d381	e278	f377
175	d301	e158	f338
177	d373	e109	f203
179	d289	e392	f375
181	d385	e274	f239
183	d189	e105	f394
185	d200	e300	f199
187	d398	e225	f207
189	d339	e366	f269
191	d266	e340	f134
193	d324	e254	f386
195	d280	e287	f249
197	d234	e321	f281
199	d169	e209	f262
201	d113	e343	f318
203	d277	e134	f114
205	d341	e149	f195
207	d387	e331	f347
209	d333	e208	f173
211	d223	e273	f239
213	d177	e327	f206
215	d296	e106	f347
217	d373	e186	f399
219	d283	e140	f244
221	d379	e138	f365
223	d145	e379	f142
225	d178	e119	f383
227	d190	e135	f151
229	d150	e133	f370
231	d171	e182	f137
233	d264	e302	f103
235	d161	e194	f188
237	d189	e138	f354
239	d317	e308	f172
241	d337	e296	f312
243	d103	e323	f108
245	d327	e145	f292
247	d367	e310	f345
249	d170	e372	f213
251	d171	e136	f132
253	d216	e191	f297
255	d292	e175	f362
257	d209	e264	f151
259	d313	e102	f362
261	d194	e231	f176
263	d123	e147	f346
265	d280	e192	f254
267	d116	e122	f188
269	d226	e245	f211
271	d120	e204	f253
273	d356	e162	f102
275	d186	e304	f265
277	d131	e110	f220
279	d115	e203	f299
281	d230	e306	f234
283	d241	e277	f335
285	d154	e350	f320
287	d162	e153	f258
289	d370	e255	f273
291	d390	e362	f380
293	d355	e302	f101
295	d150	e190	f224
297	d140	e132	f375
299	d235	e259	f275
301	d330	e184	f260
303	d172	e269	f303
305	d143	e212	f196
307	d183	e284	f392
309	d339	e271	f175
311	d326	e284	f384
313	d112	e388	f375
315	d171	e249	f140
317	d163	e309	f194
319	d380	e249	f343
321	d376	e308	f129
323	d383	e356	f256
325	d380	e225	f369
327	d390	e175	f281
329	d340	e210	f310
331	d302	e130	f191
333	d371	e138	f146
335	d360	e168	f327
337	d195	e198	f143
339	d289	e164	f292
341	d390	e339	f121
343	d122	e254	f105
345	d253	e186	f356
347	d329	e234	f361
349	d177	e243	f280
351	d304	e342	f296
353	d319	e337	f229
355	d399	e138	f118
357	d278	e148	f253
359	d334	e106	f167
361	d103	e186	f213
363	d344	e274	f281
365	d373	e169	f128
367	d205	e341	f102
369	d381	e114	f352
371	d324	e204	f108
373	d250	e286	f395
375	d118	e128	f366
377	d324	e137	f302
379	d103	e127	f274
381	d339	e362	f195
383	d164	e136	f342
385	d169	e328	f140
387	d383	e322	f338
389	d124	e399	f335
391	d356	e128	f308
393	d302	e153	f208
395	d251	e185	f218
397	d190	e205	f156
399	d165	e241	f357
401	d175	e394	f127
403	d194	e288	f184
405	d119	e146	f395
407	d237	e288	f252
409	d383	e162	f150
411	d112	e305	f239
413	d128	e166	f395
415	d126	e148	f171
417	d162	e127	f111
419	d346	e269	f225
421	d130	e190	f223
423	d217	e163	f286
425	d369	e175	f321
427	d310	e316	f352
429	d332	e371	f219
431	d105	e328	f102
433	d130	e269	f254
435	d342	e233	f299
437	d301	e362	f239
439	d312	e383	f228
441	d319	e116	f145
443	d271	e361	f189
445	d226	e309	f383
447	d271	e364	f312
449	d117	e240	f208
451	d276	e264	f103
453	d287	e148	f361
455	d348	e173	f194
457	d216	e145	f215
459	d135	e289	f140
461	d387	e212	f106
463	d138	e328	f399
465	d110	e149	f116
467	d196	e399	f116
469	d384	e304	f328
471	d280	e368	f217
473	d393	e222	f132
475	d189	e273	f364
477	d212	e108	f380
479	d346	e279	f204
481	d173	e205	f331
483	d187	e284	f268
485	d133	e336	f326
487	d116	e313	f374
489	d286	e342	f202
491	d157	e165	f207
493	d240	e100	f146
495	d206	e364	f268
497	d280	e361	f193
499	d195	e216	f305
501	d344	e299	f246
503	d203	e219	f374
505	d135	e249	f316
507	d121	e196	f239
509	d247	e374	f116
511	d142	e184	f201
513	d291	e252	f359
515	d308	e152	f297
517	d386	e103	f295
519	d186	e232	f233
521	d397	e209	f232
523	d334	e347	f217
525	d366	e379	f369
527	d367	e178	f142
529	d355	e112	f396
531	d259	e364	f102
533	d361	e177	f248
535	d128	e272	f195
537	d364	e339	f278
539	d190	e241	f227
541	d230	e159	f230
543	d188	e321	f357
545	d366	e173	f165
547	d355	e303	f342
549	d237	e387	f324
551	d280	e359	f232
553	d304	e105	f343
555	d357	e111	f216
557	d360	e390	f345
559	d211	e316	f358
561	d168	e275	f254
563	d287	e152	f399
565	d140	e109	f107
567	d127	e389	f235
569	d154	e277	f256
571	d212	e240	f190
573	d354	e261	f107
575	d304	e187	f119
577	d313	e244	f103
579	d104	e327	f118
581	d143	e165	f388
583	d240	e247	f300
585	d111	e294	f287
587	d219	e212	f225
589	d271	e382	f298
591	d193	e335	f397
593	d361	e358	f300
595	d226	e329	f239
597	d211	e396	f131
599	d268	e130	f114
601	d228	e375	f128
603	d174	e169	f209
605	d194	e149	f389
607	d221	e198	f138
609	d246	e305	f389
611	d251	e147	f390
613	d165	e279	f119
615	d181	e178	f268
617	d222	e283	f343
619	d119	e383	f232
621	d356	e169	f265
623	d363	e228	f226
625	d304	e307	f279
627	d103	e119	f223
629	d322	e189	f288
631	d315	e132	f379
633	d363	e242	f140
635	d394	e141	f133
637	d169	e215	f196
639	d151	e189	f181
641	d259	e291	f165
643	d175	e342	f125
645	d303	e327	f367
647	d227	e204	f142
649	d225	e212	f114
651	d351	e127	f109
653	d135	e392	f258
655	d152	e354	f303
657	d143	e285	f341
659	d372	e210	f161
661	d387	e365	f339
663	d399	e262	f116
665	d160	e235	f225
667	d196	e297	f343
669	d219	e316	f339
671	d275	e371	f111
673	d203	e382	f398
675	d308	e264	f358
677	d296	e247	f216
679	d218	e244	f132
681	d206	e161	f373
683	d226	e303	f336
685	d310	e118	f116
687	d286	e200	f346
689	d169	e322	f121
691	d230	e161	f209
693	d121	e164	f270
695	d346	e346	f311
697	d234	e248	f181
699	d239	e183	f163
701	d320	e131	f324
703	d248	e320	f350
705	d187	e316	f320
707	d257	e147	f208
709	d347	e128	f319
711	d360	e249	f144
713	d375	e222	f210
715	d352	e158	f261
717	d374	e366	f332
719	d119	e127	f257
721	d182	e271	f177
723	d100	e202	f224
725	d158	e347	f298
727	d284	e175	f115
729	d119	e279	f334
731	d116	e228	f152
733	d383	e315	f381
735	d303	e276	f379
737	d165	e173	f250
739	d193	e274	f217
741	d333	e241	f178
743	d351	e133	f100
745	d251	e319	f391
747	d286	e115	f264
749	d286	e278	f277
751	d335	e395	f126
753	d263	e385	f130
755	d128	e179	f259
757	d154	e275	f291
759	d343	e380	f117
761	d356	e352	f231
763	d231	e198	f257
765	d373	e367	f273
767	d273	e328	f370
769	d170	e362	f199
771	d363	e188	f300
773	d196	e140	f389
775	d188	e295	f296
777	d355	e385	f134
779	d366	e215	f112
781	d185	e241	f382
783	d331	e398	f372
785	d390	e170	f240
787	d211	e337	f161
789	d227	e174	f202
791	d187	e257	f129
793	d192	e204	f246
795	d329	e175	f183
797	d125	e331	f284
799	d177	e178	f242
1001	d296	e173	f504
1003	d233	e272	f504
1005	d219	e277	f504
1007	d355	e234	f504
1009	d195	e154	f504
1011	d332	e307	f504
1013	d351	e193	f504
1015	d271	e189	f504
1017	d174	e129	f504
1019	d330	e183	f504
1021	d306	e270	f504
1023	d334	e326	f504
1025	d329	e321	f504
1027	d110	e392	f504
1029	d398	e211	f504
1031	d225	e306	f504
1033	d188	e172	f504
1035	d209	e260	f504
1037	d348	e378	f504
1039	d202	e367	f504
1041	d258	e264	f504
1043	d351	e340	f504
1045	d183	e264	f504
1047	d247	e368	f504
1049	d222	e253	f504
1051	d247	e178	f504
1053	d345	e397	f504
1055	d366	e385	f504
1057	d333	e214	f504
1059	d178	e146	f504
1061	d379	e390	f504
1063	d357	e154	f504
1065	d210	e140	f504
1067	d258	e351	f504
1069	d147	e349	f504
1071	d380	e305	f504
1073	d263	e352	f504
1075	d390	e237	f504
1077	d280	e390	f504
1079	d145	e372	f504
1081	d319	e155	f504
1083	d208	e129	f504
1085	d174	e291	f504
1087	d355	e378	f504
1089	d394	e363	f504
1091	d185	e336	f504
1093	d114	e216	f504
1095	d206	e149	f504
1097	d107	e324	f504
1099	d108	e383	f504
1101	d200	e120	f504
1103	d271	e272	f504
1105	d253	e131	f504
1107	d275	e206	f504
1109	d346	e190	f504
1111	d338	e376	f504
1113	d314	e340	f504
1115	d389	e397	f504
1117	d218	e301	f504
1119	d169	e386	f504
1121	d398	e138	f504
1123	d364	e252	f504
1125	d378	e262	f504
1127	d331	e212	f504
1129	d346	e307	f504
1131	d364	e201	f504
1133	d174	e262	f504
1135	d121	e177	f504
1137	d115	e116	f504
1139	d396	e357	f504
1141	d265	e124	f504
1143	d362	e281	f504
1145	d262	e282	f504
1147	d257	e205	f504
1149	d340	e169	f504
1151	d240	e157	f504
1153	d107	e234	f504
1155	d245	e309	f504
1157	d358	e289	f504
1159	d258	e138	f504
1161	d217	e107	f504
1163	d159	e143	f504
1165	d120	e243	f504
1167	d142	e326	f504
1169	d235	e161	f504
1171	d296	e331	f504
1173	d349	e107	f504
1175	d288	e214	f504
1177	d280	e274	f504
1179	d288	e320	f504
1181	d162	e199	f504
1183	d115	e241	f504
1185	d374	e313	f504
1187	d380	e236	f504
1189	d272	e214	f504
1191	d312	e315	f504
1193	d117	e224	f504
1195	d372	e161	f504
1197	d301	e368	f504
1199	d258	e214	f504
2000	d308	e234	f277
2001	d370	e172	f287
2002	d139	e327	f362
2003	d319	e358	f156
2004	d133	e153	f305
2005	d250	e262	f232
2006	d101	e324	f224
2007	d348	e194	f357
2008	d192	e125	f160
2009	d375	e182	f117
2010	d383	e100	f136
2011	d323	e268	f310
2012	d138	e168	f388
2013	d260	e136	f170
2014	d134	e223	f212
2015	d382	e187	f373
2016	d290	e161	f328
2017	d120	e112	f332
2018	d369	e163	f288
2019	d229	e217	f141
2020	d209	e327	f125
2021	d315	e146	f106
2022	d368	e151	f137
2023	d378	e115	f310
2024	d260	e290	f373
2025	d244	e191	f241
2026	d153	e335	f326
2027	d332	e270	f144
2028	d194	e178	f339
2029	d143	e118	f256
2030	d362	e267	f119
2031	d233	e385	f201
2032	d147	e335	f382
2033	d258	e332	f302
2034	d149	e221	f216
2035	d266	e325	f216
2036	d105	e124	f307
2037	d126	e347	f304
2038	d300	e128	f182
2039	d361	e230	f126
2040	d341	e273	f348
2041	d366	e223	f238
2042	d169	e382	f338
2043	d111	e297	f110
2044	d239	e192	f184
2045	d297	e229	f284
2046	d291	e204	f360
2047	d394	e101	f369
2048	d299	e222	f327
2049	d359	e379	f332
2050	d155	e309	f350
2051	d104	e162	f374
2052	d325	e170	f241
2053	d120	e289	f391
2054	d334	e188	f290
2055	d133	e150	f156
2056	d333	e271	f109
2057	d162	e283	f376
2058	d397	e317	f130
2059	d235	e396	f316
2060	d132	e159	f112
2061	d299	e139	f294
2062	d132	e336	f311
2063	d377	e230	f291
2064	d223	e179	f318
2065	d189	e143	f217
2066	d141	e321	f248
2067	d327	e109	f339
2068	d140	e354	f344
2069	d347	e384	f224
2070	d305	e145	f204
2071	d295	e399	f177
2072	d365	e379	f335
2073	d355	e344	f147
2074	d280	e300	f135
2075	d383	e220	f216
2076	d277	e344	f229
2077	d173	e113	f237
2078	d168	e379	f325
2079	d363	e373	f139
2080	d314	e115	f103
2081	d281	e287	f395
2082	d104	e285	f218
2083	d171	e239	f284
2084	d100	e284	f113
2085	d382	e102	f344
2086	d351	e189	f330
2087	d249	e110	f110
2088	d268	e274	f118
2089	d175	e105	f255
2090	d387	e391	f247
2091	d121	e131	f307
2092	d250	e386	f234
2093	d227	e246	f283
2094	d144	e212	f340
2095	d335	e163	f104
2096	d327	e219	f274
2097	d296	e154	f101
2098	d358	e124	f317
2099	d106	e154	f347
2100	d285	e249	f346
2101	d296	e350	f279
2102	d368	e116	f133
2103	d185	e343	f180
2104	d273	e102	f331
2105	d242	e147	f232
2106	d386	e238	f178
2107	d161	e131	f337
2108	d384	e284	f318
2109	d313	e341	f365
2110	d217	e358	f314
2111	d216	e356	f382
2112	d245	e110	f111
2113	d113	e210	f289
2114	d230	e301	f355
2115	d200	e365	f104
2116	d384	e268	f213
2117	d128	e224	f314
2118	d334	e385	f393
2119	d221	e357	f153
2120	d290	e310	f128
2121	d187	e220	f131
2122	d385	e221	f371
2123	d269	e299	f388
2124	d321	e376	f288
2125	d259	e383	f314
2126	d364	e118	f212
2127	d297	e257	f294
2128	d303	e258	f105
2129	d301	e330	f340
2130	d215	e191	f109
2131	d333	e395	f398
2132	d248	e125	f114
2133	d382	e394	f397
2134	d280	e113	f312
2135	d284	e236	f319
2136	d210	e189	f120
2137	d381	e388	f183
2138	d264	e178	f335
2139	d167	e245	f259
2140	d271	e369	f287
2141	d279	e365	f111
2142	d105	e346	f353
2143	d192	e337	f305
2144	d102	e173	f379
2145	d152	e366	f365
2146	d161	e373	f124
2147	d399	e309	f358
2148	d280	e114	f129
2149	d178	e332	f347
2150	d320	e157	f222
2151	d342	e355	f273
2152	d222	e147	f246
2153	d333	e201	f167
2154	d303	e327	f130
2155	d106	e210	f356
2156	d185	e148	f307
2157	d186	e201	f103
2158	d112	e166	f350
2159	d140	e367	f137
2160	d349	e244	f232
2161	d329	e388	f329
2162	d107	e161	f290
2163	d381	e150	f277
2164	d363	e146	f303
2165	d205	e351	f399
2166	d135	e191	f127
2167	d313	e111	f304
2168	d322	e313	f213
2169	d140	e335	f347
2170	d229	e364	f320
2171	d132	e112	f391
2172	d138	e208	f155
2173	d189	e358	f250
2174	d279	e287	f352
2175	d177	e151	f103
2176	d126	e325	f307
2177	d132	e112	f191
2178	d303	e174	f204
2179	d193	e204	f125
2180	d172	e104	f164
2181	d164	e374	f300
2182	d325	e221	f366
2183	d346	e162	f266
2184	d363	e186	f292
2185	d183	e383	f258
2186	d328	e354	f103
2187	d334	e269	f284
2188	d287	e231	f341
2189	d210	e396	f355
2190	d344	e226	f267
2191	d303	e205	f256
2192	d287	e183	f362
2193	d228	e168	f211
2194	d152	e300	f208
2195	d287	e266	f129
2196	d334	e284	f368
2197	d288	e275	f256
2198	d348	e230	f390
2199	d186	e365	f152
2200	d186	e186	f355
2201	d110	e325	f147
2202	d375	e289	f292
2203	d291	e277	f119
2204	d349	e357	f375
2205	d221	e100	f394
2206	d312	e354	f104
2207	d315	e116	f316
2208	d223	e365	f244
2209	d315	e284	f178
2210	d145	e317	f344
2211	d194	e203	f235
2212	d280	e221	f239
2213	d342	e101	f360
2214	d243	e145	f343
2215	d174	e164	f134
2216	d363	e138	f200
2217	d231	e359	f241
2218	d354	e209	f243
2219	d199	e223	f371
2220	d128	e220	f209
2221	d142	e154	f135
2222	d233	e347	f291
2223	d205	e249	f276
2224	d387	e221	f226
2225	d183	e353	f127
2226	d107	e198	f186
2227	d176	e279	f103
2228	d251	e183	f309
2229	d391	e104	f262
2230	d137	e143	f317
2231	d242	e110	f140
2232	d299	e278	f325
2233	d355	e242	f315
2234	d148	e310	f292
2235	d240	e155	f157
2236	d135	e293	f343
2237	d267	e221	f211
2238	d169	e239	f109
2239	d373	e271	f168
2240	d215	e150	f237
2241	d202	e224	f121
2242	d249	e340	f351
2243	d280	e171	f351
2244	d191	e159	f302
2245	d209	e398	f214
2246	d108	e289	f169
2247	d317	e197	f261
2248	d189	e121	f281
2249	d175	e320	f330
2250	d277	e349	f246
2251	d216	e277	f100
2252	d156	e132	f168
2253	d279	e107	f203
2254	d363	e304	f183
2255	d206	e356	f283
2256	d362	e318	f129
2257	d366	e244	f277
2258	d186	e272	f329
2259	d302	e378	f396
2260	d181	e245	f317
2261	d275	e210	f117
2262	d330	e305	f128
2263	d395	e364	f168
2264	d338	e141	f259
2265	d370	e283	f335
2266	d175	e334	f119
2267	d336	e306	f326
2268	d143	e286	f124
2269	d288	e364	f170
2270	d325	e136	f151
2271	d106	e342	f353
2272	d138	e105	f302
2273	d219	e125	f340
2274	d114	e171	f362
2275	d358	e378	f305
2276	d384	e392	f216
2277	d191	e229	f347
2278	d136	e295	f113
2279	d366	e124	f212
2280	d272	e188	f222
2281	d243	e109	f261
2282	d195	e137	f122
2283	d350	e293	f135
2284	d232	e219	f398
2285	d119	e326	f221
2286	d122	e183	f351
2287	d245	e116	f153
2288	d247	e175	f262
2289	d305	e289	f356
2290	d273	e167	f229
2291	d338	e293	f145
2292	d366	e224	f195
2293	d345	e146	f218
2294	d232	e214	f295
2295	d123	e315	f157
2296	d397	e124	f146
2297	d383	e279	f315
2298	d298	e392	f313
2299	d309	e306	f277
2300	d209	e261	f305
2301	d367	e157	f173
2302	d218	e239	f328
2303	d128	e236	f385
2304	d307	e317	f260
2305	d194	e149	f252
2306	d147	e270	f263
2307	d157	e343	f147
2308	d216	e331	f283
2309	d375	e119	f107
2310	d343	e158	f106
2311	d101	e367	f106
2312	d249	e269	f300
2313	d292	e287	f235
2314	d143	e246	f275
2315	d243	e299	f253
2316	d158	e258	f192
2317	d150	e283	f152
2318	d165	e355	f125
2319	d343	e101	f306
2320	d350	e187	f169
2321	d233	e261	f358
2322	d381	e319	f139
2323	d160	e124	f103
2324	d349	e143	f329
2325	d395	e197	f237
2326	d250	e237	f206
2327	d377	e393	f173
2328	d379	e371	f361
2329	d215	e200	f397
2330	d355	e201	f279
2331	d270	e342	f365
2332	d171	e362	f393
2333	d220	e168	f163
2334	d172	e241	f238
2335	d343	e205	f257
2336	d247	e133	f197
2337	d317	e330	f211
2338	d180	e268	f342
2339	d350	e225	f325
2340	d396	e192	f205
2341	d291	e352	f269
2342	d240	e125	f170
2343	d139	e397	f218
2344	d295	e130	f218
2345	d211	e249	f297
2346	d244	e336	f290
2347	d323	e367	f206
2348	d213	e367	f216
2349	d282	e251	f341
2350	d241	e212	f120
2351	d192	e201	f333
2352	d191	e132	f163
2353	d263	e306	f193
2354	d153	e332	f131
2355	d226	e253	f143
2356	d300	e286	f268
2357	d292	e265	f198
2358	d241	e329	f218
2359	d133	e178	f382
2360	d209	e172	f397
2361	d317	e130	f394
2362	d390	e117	f347
2363	d249	e291	f314
2364	d105	e387	f277
2365	d394	e172	f370
2366	d152	e160	f290
2367	d175	e319	f194
2368	d373	e118	f281
2369	d351	e198	f126
2370	d198	e323	f113
2371	d207	e227	f238
2372	d368	e325	f361
2373	d103	e373	f303
2374	d261	e116	f173
2375	d159	e100	f162
2376	d301	e254	f336
2377	d161	e240	f330
2378	d162	e388	f183
2379	d324	e180	f266
2380	d182	e134	f218
2381	d285	e315	f134
2382	d106	e274	f107
2383	d109	e378	f163
2384	d343	e353	f173
2385	d285	e156	f221
2386	d160	e207	f113
2387	d282	e164	f216
2388	d367	e121	f252
2389	d314	e376	f331
2390	d174	e326	f371
2391	d332	e191	f207
2392	d256	e239	f165
2393	d306	e345	f242
2394	d268	e239	f165
2395	d369	e394	f171
2396	d154	e145	f339
2397	d288	e282	f148
2398	d277	e176	f369
2399	d216	e378	f107
2400	d342	e175	f101
2401	d215	e300	f352
2402	d244	e127	f184
2403	d330	e121	f381
2404	d180	e325	f314
2405	d372	e357	f397
2406	d323	e148	f319
2407	d354	e163	f396
2408	d130	e300	f223
2409	d269	e287	f234
2410	d115	e236	f250
2411	d158	e361	f281
2412	d229	e200	f344
2413	d297	e284	f397
2414	d223	e248	f194
2415	d365	e350	f364
2416	d281	e225	f178
2417	d304	e289	f270
2418	d277	e295	f216
2419	d169	e154	f379
2420	d329	e173	f182
2421	d375	e144	f314
2422	d123	e348	f377
2423	d273	e105	f112
2424	d198	e395	f153
2425	d362	e356	f322
2426	d123	e364	f210
2427	d263	e210	f197
2428	d103	e194	f250
2429	d213	e323	f261
2430	d160	e376	f258
2431	d309	e312	f383
2432	d227	e335	f394
2433	d196	e164	f127
2434	d215	e353	f176
2435	d293	e154	f270
2436	d226	e172	f283
2437	d386	e272	f129
2438	d252	e118	f195
2439	d367	e237	f276
2440	d238	e209	f286
2441	d183	e300	f136
2442	d105	e274	f223
2443	d378	e188	f364
2444	d191	e339	f333
2445	d252	e306	f290
2446	d131	e276	f175
2447	d162	e183	f393
2448	d327	e275	f126
2449	d352	e296	f149
2450	d237	e157	f352
2451	d205	e129	f261
2452	d213	e305	f366
2453	d263	e343	f189
2454	d300	e195	f268
2455	d121	e298	f356
2456	d248	e361	f119
2457	d339	e249	f345
2458	d283	e138	f325
2459	d383	e339	f386
2460	d208	e353	f263
2461	d205	e394	f362
2462	d205	e385	f303
2463	d117	e232	f385
2464	d170	e380	f120
2465	d162	e136	f224
2466	d149	e168	f213
2467	d205	e243	f331
2468	d154	e229	f210
2469	d123	e182	f265
2470	d229	e105	f150
2471	d315	e206	f332
2472	d291	e237	f232
2473	d302	e255	f398
2474	d163	e206	f318
2475	d290	e162	f295
2476	d194	e177	f391
2477	d181	e399	f135
2478	d177	e164	f233
2479	d179	e312	f317
2480	d162	e145	f331
2481	d242	e321	f190
2482	d166	e349	f170
2483	d162	e151	f346
2484	d350	e368	f379
2485	d279	e318	f114
2486	d289	e354	f333
2487	d278	e250	f120
2488	d325	e297	f120
2489	d301	e391	f203
2490	d100	e351	f238
2491	d315	e150	f184
2492	d388	e303	f323
2493	d255	e399	f300
2494	d112	e383	f364
2495	d130	e193	f113
2496	d220	e328	f122
2497	d268	e350	f268
2498	d232	e179	f319
2499	d172	e119	f176
2500	d146	e264	f262
2501	d272	e286	f197
2502	d159	e319	f308
2503	d250	e300	f265
2504	d215	e385	f134
2505	d358	e140	f126
2506	d385	e343	f310
2507	d257	e369	f168
2508	d106	e272	f155
2509	d130	e203	f222
2510	d387	e206	f179
2511	d199	e164	f252
2512	d383	e215	f399
2513	d374	e234	f251
2514	d270	e383	f252
2515	d130	e375	f279
2516	d112	e251	f366
2517	d288	e301	f356
2518	d363	e198	f121
2519	d138	e235	f357
2520	d133	e397	f190
2521	d197	e277	f179
2522	d331	e204	f169
2523	d273	e226	f114
2524	d129	e123	f278
2525	d130	e342	f104
2526	d338	e307	f251
2527	d137	e364	f306
2528	d171	e331	f193
2529	d172	e322	f187
2530	d398	e139	f122
2531	d242	e347	f206
2532	d216	e318	f191
2533	d219	e291	f379
2534	d263	e350	f132
2535	d338	e155	f163
2536	d218	e334	f112
2537	d239	e117	f181
2538	d286	e291	f389
2539	d355	e208	f310
2540	d218	e160	f183
2541	d399	e139	f393
2542	d149	e287	f374
2543	d274	e205	f375
2544	d147	e211	f138
2545	d327	e247	f285
2546	d219	e263	f274
2547	d121	e174	f180
2548	d178	e363	f299
2549	d169	e217	f325
2550	d259	e351	f144
2551	d349	e268	f351
2552	d202	e398	f367
2553	d338	e256	f112
2554	d245	e214	f112
2555	d321	e125	f392
2556	d168	e249	f286
2557	d162	e367	f108
2558	d235	e380	f246
2559	d352	e377	f283
2560	d290	e146	f274
2561	d193	e153	f133
2562	d357	e257	f167
2563	d202	e169	f247
2564	d115	e146	f309
2565	d123	e306	f321
2566	d105	e185	f297
2567	d208	e340	f139
2568	d149	e153	f316
2569	d168	e292	f210
2570	d224	e266	f209
2571	d311	e235	f103
2572	d325	e240	f209
2573	d232	e143	f306
2574	d323	e107	f310
2575	d146	e247	f188
2576	d242	e184	f348
2577	d224	e233	f358
2578	d339	e230	f114
2579	d121	e302	f312
2580	d168	e263	f225
2581	d372	e178	f306
2582	d340	e372	f335
2583	d169	e318	f377
2584	d281	e155	f177
2585	d199	e338	f198
2586	d133	e282	f309
2587	d126	e278	f121
2588	d116	e132	f177
2589	d318	e113	f163
2590	d236	e344	f358
2591	d290	e126	f386
2592	d267	e242	f246
2593	d333	e261	f239
2594	d133	e371	f329
2595	d254	e396	f337
2596	d319	e212	f118
2597	d110	e265	f390
2598	d227	e363	f275
2599	d356	e192	f170
2600	d150	e353	f118
2601	d383	e114	f268
2602	d109	e370	f134
2603	d350	e315	f343
2604	d216	e247	f135
2605	d127	e374	f232
2606	d257	e348	f109
2607	d106	e271	f262
2608	d355	e298	f123
2609	d142	e258	f370
2610	d370	e157	f191
2611	d235	e143	f301
2612	d161	e285	f392
2613	d288	e389	f234
2614	d372	e303	f292
2615	d251	e308	f248
2616	d220	e249	f330
2617	d377	e389	f300
2618	d336	e215	f165
2619	d266	e171	f302
2620	d193	e216	f132
2621	d175	e232	f200
2622	d324	e133	f143
2623	d334	e256	f206
2624	d185	e171	f236
2625	d151	e356	f170
2626	d379	e113	f394
2627	d162	e382	f138
2628	d239	e199	f198
2629	d379	e276	f318
2630	d193	e234	f345
2631	d145	e376	f333
2632	d133	e212	f310
2633	d226	e300	f169
2634	d272	e250	f281
2635	d293	e139	f128
2636	d388	e375	f373
2637	d273	e217	f142
2638	d120	e130	f281
2639	d211	e139	f346
2640	d392	e186	f342
2641	d139	e126	f278
2642	d145	e121	f327
2643	d182	e298	f290
2644	d336	e291	f381
2645	d310	e235	f344
2646	d287	e218	f332
2647	d154	e352	f166
2648	d382	e223	f325
2649	d352	e307	f118
2650	d385	e247	f139
2651	d151	e223	f137
2652	d153	e304	f172
2653	d372	e177	f209
2654	d351	e353	f199
2655	d341	e198	f269
2656	d361	e232	f128
2657	d115	e288	f297
2658	d382	e130	f184
2659	d104	e112	f217
2660	d100	e183	f291
2661	d203	e111	f230
2662	d189	e131	f295
2663	d150	e185	f174
2664	d299	e223	f397
2665	d382	e151	f163
2666	d102	e232	f395
2667	d213	e118	f263
2668	d177	e365	f306
2669	d180	e334	f264
2670	d266	e129	f230
2671	d191	e272	f217
2672	d122	e231	f129
2673	d183	e271	f155
2674	d369	e203	f184
2675	d180	e206	f200
2676	d287	e337	f146
2677	d386	e146	f263
2678	d323	e271	f172
2679	d125	e174	f328
2680	d248	e349	f372
2681	d233	e142	f155
2682	d357	e314	f348
2683	d169	e188	f360
2684	d266	e281	f332
2685	d344	e102	f303
2686	d189	e209	f169
2687	d237	e106	f216
2688	d379	e177	f215
2689	d252	e360	f350
2690	d236	e328	f178
2691	d394	e100	f384
2692	d322	e230	f254
2693	d398	e146	f165
2694	d169	e161	f341
2695	d332	e392	f165
2696	d315	e279	f297
2697	d300	e249	f123
2698	d312	e329	f277
2699	d222	e172	f391
2700	d106	e142	f376
2701	d297	e328	f334
2702	d224	e336	f241
2703	d102	e272	f194
2704	d211	e223	f166
2705	d221	e368	f329
2706	d278	e157	f334
2707	d253	e141	f195
2708	d260	e199	f300
2709	d254	e274	f366
2710	d234	e137	f394
2711	d361	e194	f399
2712	d151	e139	f210
2713	d289	e323	f342
2714	d397	e126	f150
2715	d368	e279	f318
2716	d229	e309	f375
2717	d327	e253	f289
2718	d289	e134	f173
2719	d146	e288	f359
2720	d104	e394	f388
2721	d285	e302	f337
2722	d106	e100	f214
2723	d189	e164	f200
2724	d363	e352	f187
2725	d176	e211	f151
2726	d173	e189	f189
2727	d208	e209	f238
2728	d346	e324	f398
2729	d143	e383	f111
2730	d284	e141	f154
2731	d335	e267	f354
2732	d236	e201	f264
2733	d394	e199	f305
2734	d355	e149	f298
2735	d136	e178	f327
2736	d118	e317	f387
2737	d144	e301	f132
2738	d176	e255	f221
2739	d202	e302	f376
2740	d152	e339	f251
2741	d245	e397	f216
2742	d397	e278	f169
2743	d175	e175	f309
2744	d131	e398	f376
2745	d369	e328	f381
2746	d240	e276	f153
2747	d192	e241	f104
2748	d352	e163	f329
2749	d154	e212	f185
2750	d184	e328	f168
2751	d309	e315	f309
2752	d102	e263	f147
2753	d367	e360	f188
2754	d279	e231	f361
2755	d183	e332	f328
2756	d273	e104	f314
2757	d399	e237	f339
2758	d323	e392	f195
2759	d336	e388	f162
2760	d148	e307	f281
2761	d217	e390	f243
2762	d259	e384	f342
2763	d173	e329	f150
2764	d188	e299	f332
2765	d242	e303	f238
2766	d325	e169	f180
2767	d204	e190	f299
2768	d100	e254	f297
2769	d323	e271	f331
2770	d248	e272	f156
2771	d234	e398	f118
2772	d263	e310	f256
2773	d127	e300	f225
2774	d159	e397	f140
2775	d182	e265	f137
2776	d257	e374	f343
2777	d211	e296	f242
2778	d182	e137	f302
2779	d329	e116	f114
2780	d125	e258	f375
2781	d162	e102	f166
2782	d312	e180	f296
2783	d146	e312	f360
2784	d145	e360	f359
2785	d158	e319	f209
2786	d258	e378	f277
2787	d108	e350	f373
2788	d102	e227	f128
2789	d390	e193	f325
2790	d303	e392	f268
2791	d242	e274	f209
2792	d157	e377	f366
2793	d231	e397	f248
2794	d290	e110	f179
2795	d116	e272	f147
2796	d305	e215	f285
2797	d209	e368	f145
2798	d373	e246	f167
2799	d210	e103	f246
