1	d228	e221	f161
3	d207	e246	f161
5	d362	e381	f267
7	d134	e181	f299
9	d113	e315	f158
11	d279	e154	f152
13	d298	e382	f116
15	d122	e348	f345
17	d230	e272	f194
19	d303	e163	f132
21	d124	e101	f223
23	d220	e374	f388
25	d111	e184	f211
27	d357	e333	f216
29	d296	e306	f315
31	d212	e374	f176
33	d277	e199	f194
35	d336	e190	f283
37	d124	e147	f197
39	d127	e179	f115
41	d212	e177	f378
43	d236	e254	f125
45	d299	e341	f306
47	d305	e343	f108
49	d156	e181	f373
51	d206	e147	f129
53	d364	e161	f217
55	d200	e160	f146
57	d170	e383	f385
59	d267	e125	f210
61	d115	e335	f164
63	d341	e142	f273
65	d141	e250	f175
67	d297	e144	f243
69	d257	e192	f180
71	d243	e203	f353
73	d162	e143	f112
75	d169	e312	f133
77	d257	e253	f367
79	d284	e283	f361
81	d307	e319	f167
83	d177	e163	f244
85	d145	e312	f248
87	d125	e182	f397
89	d344	e285	f150
91	d249	e281	f196
93	d139	e334	f184
95	d163	e218	f371
97	d208	e179	f280
99	d378	e331	f276
101	d108	e270	f303
103	d190	e137	f339
105	d160	e201	f236
107	d280	e321	f142
109	d378	e324	f295
111	d152	e171	f162
113	d240	e159	f126
115	d393	e142	f186
117	d149	e102	f287
119	d272	e124	f119
121	d286	e322	f101
123	d210	e207	f191
125	d382	e377	f234
127	d261	e142	f388
129	d202	e282	f231
131	d127	e193	f225
133	d185	e201	f166
135	d150	e294	f241
137	d360	e130	f377
139	d349	e349	f324
141	d370	e185	f145
143	d255	e114	f198
145	d330	e150	f177
147	d367	e243	f193
149	d352	e342	f326
151	d210	e184	f129
153	d317	e284	f229
155	d205	e395	f136
157	d120	e164	f193
159	d310	e377	f316
161	d204	e392	f387
163	d367	e214	f352
165	d115	e118	f117
167	d200	e105	f127
169	d345	e328	f179
171	d156	e257	f393
173	d381	e278	f377
175	d301	e158	f338
177	d373	e109	f203
179	d289	e392	f375
181	d385	e274	f239
183	d189	e105	f394
185	d200	e300	f199
187	d398	e225	f207
189	d339	e366	f269
191	d266	e340	f134
193	d324	e254	f386
195	d280	e287	f249
197	d234	e321	f281
199	d169	e209	f262
201	d113	e343	f318
203	d277	e134	f114
205	d341	e149	f195
207	d387	e331	f347
209	d333	e208	f173
211	d223	e273	f239
213	d177	e327	f206
215	d296	e106	f347
217	d373	e186	f399
219	d283	e140	f244
221	d379	e138	f365
223	d145	e379	f142
225	d178	e119	f383
227	d190	e135	f151
229	d150	e133	f370
231	d171	e182	f137
233	d264	e302	f103
235	d161	e194	f188
237	d189	e138	f354
239	d317	e308	f172
241	d337	e296	f312
243	d103	e323	f108
245	d327	e145	f292
247	d367	e310	f345
249	d170	e372	f213
251	d171	e136	f132
253	d216	e191	f297
255	d292	e175	f362
257	d209	e264	f151
259	d313	e102	f362
261	d194	e231	f176
263	d123	e147	f346
265	d280	e192	f254
267	d116	e122	f188
269	d226	e245	f211
271	d120	e204	f253
273	d356	e162	f102
275	d186	e304	f265
277	d131	e110	f220
279	d115	e203	f299
281	d230	e306	f234
283	d241	e277	f335
285	d154	e350	f320
287	d162	e153	f258
289	d370	e255	f273
291	d390	e362	f380
293	d355	e302	f101
295	d150	e190	f224
297	d140	e132	f375
299	d235	e259	f275
301	d330	e184	f260
303	d172	e269	f303
305	d143	e212	f196
307	d183	e284	f392
309	d339	e271	f175
311	d326	e284	f384
313	d112	e388	f375
315	d171	e249	f140
317	d163	e309	f194
319	d380	e249	f343
321	d376	e308	f129
323	d383	e356	f256
325	d380	e225	f369
327	d390	e175	f281
329	d340	e210	f310
331	d302	e130	f191
333	d371	e138	f146
335	d360	e168	f327
337	d195	e198	f143
339	d289	e164	f292
341	d390	e339	f121
343	d122	e254	f105
345	d253	e186	f356
347	d329	e234	f361
349	d177	e243	f280
351	d304	e342	f296
353	d319	e337	f229
355	d399	e138	f118
357	d278	e148	f253
359	d334	e106	f167
361	d103	e186	f213
363	d344	e274	f281
365	d373	e169	f128
367	d205	e341	f102
369	d381	e114	f352
371	d324	e204	f108
373	d250	e286	f395
375	d118	e128	f366
377	d324	e137	f302
379	d103	e127	f274
381	d339	e362	f195
383	d164	e136	f342
385	d169	e328	f140
387	d383	e322	f338
389	d124	e399	f335
391	d356	e128	f308
393	d302	e153	f208
395	d251	e185	f218
397	d190	e205	f156
399	d165	e241	f357
401	d175	e394	f127
403	d194	e288	f184
405	d119	e146	f395
407	d237	e288	f252
409	d383	e162	f150
411	d112	e305	f239
413	d128	e166	f395
415	d126	e148	f171
417	d162	e127	f111
419	d346	e269	f225
421	d130	e190	f223
423	d217	e163	f286
425	d369	e175	f321
427	d310	e316	f352
429	d332	e371	f219
431	d105	e328	f102
433	d130	e269	f254
435	d342	e233	f299
437	d301	e362	f239
439	d312	e383	f228
441	d319	e116	f145
443	d271	e361	f189
445	d226	e309	f383
447	d271	e364	f312
449	d117	e240	f208
451	d276	e264	f103
453	d287	e148	f361
455	d348	e173	f194
457	d216	e145	f215
459	d135	e289	f140
461	d387	e212	f106
463	d138	e328	f399
465	d110	e149	f116
467	d196	e399	f116
469	d384	e304	f328
471	d280	e368	f217
473	d393	e222	f132
475	d189	e273	f364
477	d212	e108	f380
479	d346	e279	f204
481	d173	e205	f331
483	d187	e284	f268
485	d133	e336	f326
487	d116	e313	f374
489	d286	e342	f202
491	d157	e165	f207
493	d240	e100	f146
495	d206	e364	f268
497	d280	e361	f193
499	d195	e216	f305
501	d344	e299	f246
503	d203	e219	f374
505	d135	e249	f316
507	d121	e196	f239
509	d247	e374	f116
511	d142	e184	f201
513	d291	e252	f359
515	d308	e152	f297
517	d386	e103	f295
519	d186	e232	f233
521	d397	e209	f232
523	d334	e347	f217
525	d366	e379	f369
527	d367	e178	f142
529	d355	e112	f396
531	d259	e364	f102
533	d361	e177	f248
535	d128	e272	f195
537	d364	e339	f278
539	d190	e241	f227
541	d230	e159	f230
543	d188	e321	f357
545	d366	e173	f165
547	d355	e303	f342
549	d237	e387	f324
551	d280	e359	f232
553	d304	e105	f343
555	d357	e111	f216
557	d360	e390	f345
559	d211	e316	f358
561	d168	e275	f254
563	d287	e152	f399
565	d140	e109	f107
567	d127	e389	f235
569	d154	e277	f256
571	d212	e240	f190
573	d354	e261	f107
575	d304	e187	f119
577	d313	e244	f103
579	d104	e327	f118
581	d143	e165	f388
583	d240	e247	f300
585	d111	e294	f287
587	d219	e212	f225
589	d271	e382	f298
591	d193	e335	f397
593	d361	e358	f300
595	d226	e329	f239
597	d211	e396	f131
599	d268	e130	f114
601	d228	e375	f128
603	d174	e169	f209
605	d194	e149	f389
607	d221	e198	f138
609	d246	e305	f389
611	d251	e147	f390
613	d165	e279	f119
615	d181	e178	f268
617	d222	e283	f343
619	d119	e383	f232
621	d356	e169	f265
623	d363	e228	f226
625	d304	e307	f279
627	d103	e119	f223
629	d322	e189	f288
631	d315	e132	f379
633	d363	e242	f140
635	d394	e141	f133
637	d169	e215	f196
639	d151	e189	f181
641	d259	e291	f165
643	d175	e342	f125
645	d303	e327	f367
647	d227	e204	f142
649	d225	e212	f114
651	d351	e127	f109
653	d135	e392	f258
655	d152	e354	f303
657	d143	e285	f341
659	d372	e210	f161
661	d387	e365	f339
663	d399	e262	f116
665	d160	e235	f225
667	d196	e297	f343
669	d219	e316	f339
671	d275	e371	f111
673	d203	e382	f398
675	d308	e264	f358
677	d296	e247	f216
679	d218	e244	f132
681	d206	e161	f373
683	d226	e303	f336
685	d310	e118	f116
687	d286	e200	f346
689	d169	e322	f121
691	d230	e161	f209
693	d121	e164	f270
695	d346	e346	f311
697	d234	e248	f181
699	d239	e183	f163
701	d320	e131	f324
703	d248	e320	f350
705	d187	e316	f320
707	d257	e147	f208
709	d347	e128	f319
711	d360	e249	f144
713	d375	e222	f210
715	d352	e158	f261
717	d374	e366	f332
719	d119	e127	f257
721	d182	e271	f177
723	d100	e202	f224
725	d158	e347	f298
727	d284	e175	f115
729	d119	e279	f334
731	d116	e228	f152
733	d383	e315	f381
735	d303	e276	f379
737	d165	e173	f250
739	d193	e274	f217
741	d333	e241	f178
743	d351	e133	f100
745	d251	e319	f391
747	d286	e115	f264
749	d286	e278	f277
751	d335	e395	f126
753	d263	e385	f130
755	d128	e179	f259
757	d154	e275	f291
759	d343	e380	f117
761	d356	e352	f231
763	d231	e198	f257
765	d373	e367	f273
767	d273	e328	f370
769	d170	e362	f199
771	d363	e188	f300
773	d196	e140	f389
775	d188	e295	f296
777	d355	e385	f134
779	d366	e215	f112
781	d185	e241	f382
783	d331	e398	f372
785	d390	e170	f240
787	d211	e337	f161
789	d227	e174	f202
791	d187	e257	f129
793	d192	e204	f246
795	d329	e175	f183
797	d125	e331	f284
799	d177	e178	f242
1001	d296	e173	f504
1003	d233	e272	f504
1005	d219	e277	f504
1007	d355	e234	f504
1009	d195	e154	f504
1011	d332	e307	f504
1013	d351	e193	f504
1015	d271	e189	f504
1017	d174	e129	f504
1019	d330	e183	f504
1021	d306	e270	f504
1023	d334	e326	f504
1025	d329	e321	f504
1027	d110	e392	f504
1029	d398	e211	f504
1031	d225	e306	f504
1033	d188	e172	f504
1035	d209	e260	f504
1037	d348	e378	f504
1039	d202	e367	f504
1041	d258	e264	f504
1043	d351	e340	f504
1045	d183	e264	f504
1047	d247	e368	f504
1049	d222	e253	f504
1051	d247	e178	f504
1053	d345	e397	f504
1055	d366	e385	f504
1057	d333	e214	f504
1059	d178	e146	f504
1061	d379	e390	f504
1063	d357	e154	f504
1065	d210	e140	f504
1067	d258	e351	f504
1069	d147	e349	f504
1071	d380	e305	f504
1073	d263	e352	f504
1075	d390	e237	f504
1077	d280	e390	f504
1079	d145	e372	f504
1081	d319	e155	f504
1083	d208	e129	f504
1085	d174	e291	f504
1087	d355	e378	f504
1089	d394	e363	f504
1091	d185	e336	f504
1093	d114	e216	f504
1095	d206	e149	f504
1097	d107	e324	f504
1099	d108	e383	f504
1101	d200	e120	f504
1103	d271	e272	f504
1105	d253	e131	f504
1107	d275	e206	f504
1109	d346	e190	f504
1111	d338	e376	f504
1113	d314	e340	f504
1115	d389	e397	f504
1117	d218	e301	f504
1119	d169	e386	f504
1121	d398	e138	f504
1123	d364	e252	f504
1125	d378	e262	f504
1127	d331	e212	f504
1129	d346	e307	f504
1131	d364	e201	f504
1133	d174	e262	f504
1135	d121	e177	f504
1137	d115	e116	f504
1139	d396	e357	f504
1141	d265	e124	f504
1143	d362	e281	f504
1145	d262	e282	f504
1147	d257	e205	f504
1149	d340	e169	f504
1151	d240	e157	f504
1153	d107	e234	f504
1155	d245	e309	f504
1157	d358	e289	f504
1159	d258	e138	f504
1161	d217	e107	f504
1163	d159	e143	f504
1165	d120	e243	f504
1167	d142	e326	f504
1169	d235	e161	f504
1171	d296	e331	f504
1173	d349	e107	f504
1175	d288	e214	f504
1177	d280	e274	f504
1179	d288	e320	f504
1181	d162	e199	f504
1183	d115	e241	f504
1185	d374	e313	f504
1187	d380	e236	f504
1189	d272	e214	f504
1191	d312	e315	f504
1193	d117	e224	f504
1195	d372	e161	f504
1197	d301	e368	f504
1199	d258	e214	f504
2000	d366	e282	f238
2001	d307	e214	f296
2002	d203	e116	f201
2003	d231	e344	f379
2004	d268	e312	f232
2005	d253	e332	f275
2006	d361	e301	f245
2007	d308	e231	f330
2008	d169	e313	f211
2009	d176	e337	f246
2010	d365	e178	f140
2011	d372	e201	f117
2012	d142	e100	f148
2013	d208	e258	f243
2014	d214	e338	f306
2015	d260	e212	f349
2016	d310	e243	f237
2017	d214	e352	f126
2018	d134	e217	f305
2019	d162	e188	f373
2020	d397	e168	f234
2021	d168	e346	f348
2022	d100	e188	f371
2023	d337	e265	f233
2024	d152	e158	f109
2025	d150	e249	f382
2026	d164	e167	f249
2027	d274	e330	f161
2028	d135	e287	f213
2029	d358	e170	f186
2030	d151	e324	f345
2031	d169	e104	f308
2032	d335	e144	f366
2033	d242	e362	f366
2034	d178	e338	f394
2035	d244	e230	f301
2036	d337	e205	f184
2037	d275	e107	f189
2038	d269	e247	f270
2039	d209	e350	f278
2040	d291	e333	f207
2041	d360	e382	f284
2042	d389	e330	f392
2043	d243	e117	f273
2044	d271	e387	f252
2045	d126	e311	f241
2046	d187	e196	f114
2047	d375	e251	f346
2048	d257	e340	f389
2049	d300	e258	f160
2050	d274	e145	f281
2051	d372	e251	f382
2052	d272	e308	f377
2053	d238	e361	f385
2054	d128	e316	f275
2055	d145	e372	f312
2056	d204	e219	f179
2057	d102	e182	f221
2058	d158	e287	f129
2059	d365	e365	f232
2060	d139	e255	f142
2061	d388	e330	f336
2062	d172	e360	f321
2063	d117	e243	f359
2064	d197	e137	f298
2065	d209	e351	f118
2066	d360	e179	f129
2067	d277	e154	f143
2068	d302	e295	f102
2069	d120	e210	f227
2070	d210	e274	f326
2071	d376	e129	f332
2072	d284	e314	f270
2073	d372	e367	f285
2074	d115	e122	f331
2075	d361	e362	f279
2076	d219	e370	f296
2077	d355	e152	f140
2078	d184	e340	f370
2079	d277	e150	f254
2080	d208	e209	f330
2081	d358	e267	f266
2082	d264	e197	f179
2083	d130	e371	f236
2084	d236	e319	f368
2085	d266	e376	f164
2086	d185	e228	f248
2087	d378	e308	f259
2088	d173	e228	f381
2089	d243	e350	f222
2090	d117	e368	f383
2091	d190	e314	f164
2092	d172	e303	f244
2093	d158	e351	f280
2094	d134	e361	f332
2095	d145	e354	f328
2096	d197	e134	f357
2097	d107	e280	f270
2098	d399	e152	f310
2099	d316	e113	f229
2100	d134	e316	f180
2101	d158	e351	f288
2102	d349	e161	f270
2103	d294	e348	f198
2104	d287	e337	f140
2105	d123	e124	f245
2106	d137	e394	f357
2107	d103	e365	f344
2108	d349	e275	f109
2109	d167	e196	f213
2110	d390	e366	f334
2111	d372	e144	f173
2112	d105	e357	f347
2113	d269	e148	f227
2114	d377	e256	f390
2115	d141	e299	f324
2116	d351	e312	f278
2117	d163	e241	f343
2118	d350	e345	f220
2119	d140	e205	f395
2120	d285	e120	f150
2121	d361	e286	f295
2122	d341	e346	f196
2123	d303	e353	f221
2124	d334	e343	f280
2125	d204	e229	f311
2126	d165	e377	f286
2127	d309	e294	f120
2128	d337	e150	f112
2129	d187	e325	f387
2130	d312	e273	f263
2131	d279	e383	f289
2132	d285	e149	f217
2133	d374	e224	f307
2134	d113	e384	f152
2135	d299	e149	f295
2136	d315	e240	f100
2137	d254	e288	f307
2138	d183	e152	f297
2139	d323	e264	f267
2140	d357	e118	f308
2141	d183	e205	f206
2142	d245	e315	f108
2143	d190	e260	f193
2144	d217	e144	f117
2145	d132	e230	f312
2146	d374	e139	f299
2147	d260	e317	f363
2148	d274	e103	f145
2149	d181	e330	f222
2150	d276	e365	f342
2151	d395	e264	f300
2152	d176	e171	f199
2153	d333	e218	f287
2154	d257	e365	f109
2155	d237	e144	f124
2156	d332	e256	f272
2157	d130	e252	f106
2158	d248	e104	f125
2159	d382	e396	f186
2160	d208	e265	f273
2161	d264	e192	f246
2162	d367	e372	f399
2163	d230	e215	f323
2164	d352	e284	f341
2165	d361	e318	f241
2166	d158	e109	f135
2167	d264	e226	f285
2168	d368	e260	f316
2169	d381	e267	f397
2170	d378	e378	f172
2171	d312	e319	f109
2172	d368	e241	f321
2173	d212	e193	f218
2174	d308	e350	f157
2175	d303	e386	f280
2176	d396	e274	f350
2177	d267	e337	f383
2178	d384	e183	f135
2179	d139	e303	f342
2180	d270	e170	f202
2181	d319	e297	f397
2182	d342	e196	f357
2183	d328	e203	f355
2184	d300	e140	f196
2185	d226	e381	f221
2186	d186	e141	f388
2187	d371	e146	f184
2188	d274	e330	f132
2189	d172	e210	f256
2190	d257	e154	f294
2191	d109	e220	f175
2192	d159	e104	f143
2193	d200	e305	f180
2194	d221	e169	f370
2195	d399	e352	f357
2196	d138	e382	f315
2197	d334	e334	f102
2198	d390	e171	f279
2199	d361	e260	f250
2200	d143	e198	f359
2201	d143	e215	f307
2202	d105	e224	f263
2203	d284	e120	f353
2204	d203	e245	f181
2205	d392	e137	f389
2206	d365	e381	f133
2207	d305	e106	f342
2208	d219	e249	f344
2209	d192	e342	f320
2210	d217	e360	f266
2211	d362	e263	f106
2212	d312	e380	f330
2213	d105	e320	f366
2214	d377	e310	f268
2215	d338	e397	f196
2216	d378	e359	f368
2217	d232	e348	f226
2218	d290	e120	f395
2219	d176	e329	f259
2220	d361	e328	f138
2221	d301	e106	f286
2222	d120	e123	f182
2223	d309	e307	f298
2224	d341	e144	f274
2225	d283	e184	f237
2226	d202	e263	f213
2227	d127	e142	f343
2228	d344	e318	f162
2229	d257	e297	f329
2230	d338	e259	f197
2231	d226	e191	f252
2232	d137	e352	f242
2233	d294	e101	f286
2234	d301	e189	f368
2235	d374	e198	f370
2236	d179	e367	f254
2237	d226	e330	f294
2238	d305	e154	f190
2239	d266	e149	f220
2240	d313	e337	f313
2241	d362	e365	f204
2242	d197	e306	f220
2243	d138	e374	f121
2244	d243	e397	f314
2245	d240	e112	f179
2246	d164	e398	f194
2247	d176	e103	f378
2248	d113	e256	f390
2249	d156	e217	f354
2250	d213	e261	f376
2251	d340	e385	f217
2252	d100	e218	f207
2253	d327	e325	f305
2254	d185	e350	f200
2255	d148	e238	f386
2256	d119	e117	f255
2257	d260	e393	f242
2258	d288	e345	f237
2259	d315	e275	f240
2260	d120	e337	f322
2261	d329	e362	f168
2262	d112	e364	f177
2263	d304	e315	f108
2264	d366	e151	f159
2265	d138	e389	f257
2266	d123	e208	f336
2267	d276	e363	f111
2268	d228	e122	f124
2269	d317	e327	f399
2270	d146	e173	f269
2271	d107	e188	f236
2272	d108	e345	f366
2273	d365	e165	f279
2274	d169	e318	f275
2275	d349	e205	f319
2276	d157	e165	f397
2277	d161	e324	f289
2278	d339	e286	f114
2279	d136	e284	f372
2280	d324	e227	f282
2281	d219	e346	f153
2282	d171	e271	f139
2283	d278	e136	f387
2284	d361	e192	f316
2285	d148	e264	f166
2286	d262	e179	f174
2287	d344	e325	f143
2288	d324	e126	f153
2289	d144	e380	f363
2290	d350	e274	f133
2291	d393	e309	f103
2292	d384	e374	f286
2293	d227	e178	f157
2294	d143	e317	f242
2295	d391	e346	f331
2296	d284	e337	f179
2297	d108	e234	f125
2298	d280	e375	f186
2299	d250	e122	f226
2300	d305	e353	f154
2301	d291	e168	f176
2302	d134	e324	f237
2303	d298	e257	f184
2304	d146	e322	f320
2305	d177	e348	f157
2306	d115	e319	f236
2307	d131	e235	f306
2308	d115	e282	f286
2309	d337	e300	f211
2310	d147	e397	f280
2311	d304	e179	f310
2312	d175	e126	f179
2313	d268	e346	f166
2314	d351	e366	f399
2315	d240	e180	f341
2316	d144	e243	f255
2317	d158	e125	f166
2318	d208	e136	f135
2319	d229	e374	f120
2320	d163	e173	f311
2321	d222	e321	f308
2322	d318	e131	f258
2323	d246	e199	f382
2324	d335	e187	f330
2325	d129	e315	f388
2326	d247	e149	f306
2327	d221	e218	f381
2328	d227	e165	f273
2329	d235	e352	f256
2330	d220	e111	f175
2331	d365	e173	f388
2332	d391	e396	f285
2333	d118	e329	f288
2334	d300	e159	f272
2335	d228	e182	f122
2336	d153	e263	f335
2337	d390	e173	f310
2338	d324	e265	f292
2339	d223	e340	f200
2340	d194	e282	f172
2341	d259	e171	f294
2342	d372	e381	f309
2343	d230	e116	f124
2344	d323	e369	f218
2345	d258	e337	f356
2346	d238	e324	f170
2347	d306	e361	f359
2348	d256	e170	f262
2349	d224	e216	f213
2350	d122	e356	f122
2351	d324	e203	f275
2352	d398	e250	f298
2353	d330	e338	f184
2354	d305	e156	f249
2355	d178	e351	f161
2356	d204	e146	f176
2357	d259	e182	f356
2358	d187	e120	f308
2359	d360	e318	f139
2360	d119	e174	f140
2361	d245	e284	f278
2362	d394	e189	f308
2363	d258	e172	f129
2364	d158	e278	f204
2365	d267	e114	f230
2366	d165	e346	f314
2367	d106	e337	f227
2368	d125	e188	f361
2369	d296	e254	f203
2370	d261	e156	f274
2371	d215	e388	f396
2372	d267	e314	f227
2373	d354	e191	f302
2374	d301	e182	f369
2375	d216	e221	f227
2376	d200	e164	f383
2377	d229	e152	f155
2378	d378	e333	f181
2379	d293	e246	f171
2380	d297	e283	f288
2381	d382	e180	f365
2382	d355	e261	f379
2383	d214	e321	f390
2384	d160	e188	f159
2385	d175	e168	f149
2386	d286	e317	f110
2387	d201	e215	f330
2388	d145	e119	f304
2389	d191	e131	f158
2390	d133	e175	f296
2391	d259	e235	f248
2392	d307	e282	f397
2393	d300	e263	f280
2394	d309	e108	f384
2395	d142	e179	f268
2396	d164	e280	f185
2397	d139	e145	f376
2398	d263	e174	f267
2399	d170	e222	f396
2400	d315	e127	f146
2401	d311	e222	f387
2402	d315	e158	f380
2403	d248	e249	f388
2404	d238	e378	f306
2405	d223	e365	f186
2406	d301	e120	f187
2407	d321	e395	f368
2408	d228	e169	f199
2409	d165	e284	f240
2410	d162	e213	f213
2411	d150	e277	f303
2412	d128	e366	f349
2413	d223	e313	f340
2414	d169	e352	f231
2415	d314	e224	f115
2416	d213	e338	f380
2417	d214	e190	f335
2418	d213	e275	f182
2419	d213	e133	f239
2420	d241	e298	f108
2421	d142	e353	f263
2422	d262	e254	f162
2423	d266	e338	f240
2424	d130	e161	f241
2425	d107	e281	f275
2426	d322	e185	f207
2427	d358	e109	f294
2428	d267	e310	f371
2429	d346	e160	f357
2430	d375	e354	f103
2431	d109	e148	f215
2432	d194	e153	f139
2433	d363	e273	f123
2434	d168	e241	f284
2435	d189	e280	f265
2436	d174	e307	f176
2437	d160	e101	f263
2438	d328	e361	f127
2439	d163	e347	f394
2440	d330	e185	f399
2441	d200	e243	f251
2442	d237	e296	f302
2443	d372	e359	f277
2444	d101	e306	f369
2445	d371	e191	f229
2446	d136	e218	f283
2447	d216	e253	f280
2448	d173	e114	f383
2449	d163	e379	f187
2450	d398	e260	f160
2451	d129	e245	f177
2452	d107	e255	f280
2453	d139	e287	f189
2454	d300	e135	f308
2455	d250	e396	f110
2456	d290	e362	f285
2457	d375	e216	f329
2458	d206	e212	f307
2459	d182	e384	f375
2460	d362	e367	f298
2461	d104	e307	f135
2462	d143	e283	f377
2463	d281	e284	f398
2464	d213	e221	f242
2465	d159	e351	f173
2466	d328	e188	f265
2467	d161	e289	f247
2468	d223	e352	f262
2469	d201	e169	f223
2470	d199	e181	f102
2471	d391	e248	f295
2472	d156	e317	f291
2473	d163	e196	f359
2474	d289	e347	f250
2475	d377	e370	f187
2476	d343	e302	f101
2477	d237	e295	f236
2478	d265	e327	f126
2479	d254	e333	f321
2480	d292	e182	f382
2481	d394	e324	f197
2482	d333	e135	f147
2483	d281	e181	f108
2484	d243	e105	f383
2485	d196	e108	f263
2486	d305	e357	f123
2487	d378	e191	f254
2488	d274	e380	f382
2489	d203	e354	f399
2490	d103	e208	f305
2491	d142	e143	f137
2492	d306	e161	f250
2493	d338	e207	f118
2494	d300	e327	f320
2495	d192	e372	f314
2496	d312	e171	f125
2497	d111	e110	f152
2498	d331	e321	f106
2499	d303	e337	f204
