1	d228	e221	f161
3	d207	e246	f161
5	d362	e381	f267
7	d134	e181	f299
9	d113	e315	f158
11	d279	e154	f152
13	d298	e382	f116
15	d122	e348	f345
17	d230	e272	f194
19	d303	e163	f132
21	d124	e101	f223
23	d220	e374	f388
25	d111	e184	f211
27	d357	e333	f216
29	d296	e306	f315
31	d212	e374	f176
33	d277	e199	f194
35	d336	e190	f283
37	d124	e147	f197
39	d127	e179	f115
41	d212	e177	f378
43	d236	e254	f125
45	d299	e341	f306
47	d305	e343	f108
49	d156	e181	f373
51	d206	e147	f129
53	d364	e161	f217
55	d200	e160	f146
57	d170	e383	f385
59	d267	e125	f210
61	d115	e335	f164
63	d341	e142	f273
65	d141	e250	f175
67	d297	e144	f243
69	d257	e192	f180
71	d243	e203	f353
73	d162	e143	f112
75	d169	e312	f133
77	d257	e253	f367
79	d284	e283	f361
81	d307	e319	f167
83	d177	e163	f244
85	d145	e312	f248
87	d125	e182	f397
89	d344	e285	f150
91	d249	e281	f196
93	d139	e334	f184
95	d163	e218	f371
97	d208	e179	f280
99	d378	e331	f276
101	d108	e270	f303
103	d190	e137	f339
105	d160	e201	f236
107	d280	e321	f142
109	d378	e324	f295
111	d152	e171	f162
113	d240	e159	f126
115	d393	e142	f186
117	d149	e102	f287
119	d272	e124	f119
121	d286	e322	f101
123	d210	e207	f191
125	d382	e377	f234
127	d261	e142	f388
129	d202	e282	f231
131	d127	e193	f225
133	d185	e201	f166
135	d150	e294	f241
137	d360	e130	f377
139	d349	e349	f324
141	d370	e185	f145
143	d255	e114	f198
145	d330	e150	f177
147	d367	e243	f193
149	d352	e342	f326
151	d210	e184	f129
153	d317	e284	f229
155	d205	e395	f136
157	d120	e164	f193
159	d310	e377	f316
161	d204	e392	f387
163	d367	e214	f352
165	d115	e118	f117
167	d200	e105	f127
169	d345	e328	f179
171	d156	e257	f393
173	d381	e278	f377
175	d301	e158	f338
177	d373	e109	f203
179	d289	e392	f375
181	d385	e274	f239
183	d189	e105	f394
185	d200	e300	f199
187	d398	e225	f207
189	d339	e366	f269
191	d266	e340	f134
193	d324	e254	f386
195	d280	e287	f249
197	d234	e321	f281
199	d169	e209	f262
201	d113	e343	f318
203	d277	e134	f114
205	d341	e149	f195
207	d387	e331	f347
209	d333	e208	f173
211	d223	e273	f239
213	d177	e327	f206
215	d296	e106	f347
217	d373	e186	f399
219	d283	e140	f244
221	d379	e138	f365
223	d145	e379	f142
225	d178	e119	f383
227	d190	e135	f151
229	d150	e133	f370
231	d171	e182	f137
233	d264	e302	f103
235	d161	e194	f188
237	d189	e138	f354
239	d317	e308	f172
241	d337	e296	f312
243	d103	e323	f108
245	d327	e145	f292
247	d367	e310	f345
249	d170	e372	f213
251	d171	e136	f132
253	d216	e191	f297
255	d292	e175	f362
257	d209	e264	f151
259	d313	e102	f362
261	d194	e231	f176
263	d123	e147	f346
265	d280	e192	f254
267	d116	e122	f188
269	d226	e245	f211
271	d120	e204	f253
273	d356	e162	f102
275	d186	e304	f265
277	d131	e110	f220
279	d115	e203	f299
281	d230	e306	f234
283	d241	e277	f335
285	d154	e350	f320
287	d162	e153	f258
289	d370	e255	f273
291	d390	e362	f380
293	d355	e302	f101
295	d150	e190	f224
297	d140	e132	f375
299	d235	e259	f275
301	d330	e184	f260
303	d172	e269	f303
305	d143	e212	f196
307	d183	e284	f392
309	d339	e271	f175
311	d326	e284	f384
313	d112	e388	f375
315	d171	e249	f140
317	d163	e309	f194
319	d380	e249	f343
321	d376	e308	f129
323	d383	e356	f256
325	d380	e225	f369
327	d390	e175	f281
329	d340	e210	f310
331	d302	e130	f191
333	d371	e138	f146
335	d360	e168	f327
337	d195	e198	f143
339	d289	e164	f292
341	d390	e339	f121
343	d122	e254	f105
345	d253	e186	f356
347	d329	e234	f361
349	d177	e243	f280
351	d304	e342	f296
353	d319	e337	f229
355	d399	e138	f118
357	d278	e148	f253
359	d334	e106	f167
361	d103	e186	f213
363	d344	e274	f281
365	d373	e169	f128
367	d205	e341	f102
369	d381	e114	f352
371	d324	e204	f108
373	d250	e286	f395
375	d118	e128	f366
377	d324	e137	f302
379	d103	e127	f274
381	d339	e362	f195
383	d164	e136	f342
385	d169	e328	f140
387	d383	e322	f338
389	d124	e399	f335
391	d356	e128	f308
393	d302	e153	f208
395	d251	e185	f218
397	d190	e205	f156
399	d165	e241	f357
401	d175	e394	f127
403	d194	e288	f184
405	d119	e146	f395
407	d237	e288	f252
409	d383	e162	f150
411	d112	e305	f239
413	d128	e166	f395
415	d126	e148	f171
417	d162	e127	f111
419	d346	e269	f225
421	d130	e190	f223
423	d217	e163	f286
425	d369	e175	f321
427	d310	e316	f352
429	d332	e371	f219
431	d105	e328	f102
433	d130	e269	f254
435	d342	e233	f299
437	d301	e362	f239
439	d312	e383	f228
441	d319	e116	f145
443	d271	e361	f189
445	d226	e309	f383
447	d271	e364	f312
449	d117	e240	f208
451	d276	e264	f103
453	d287	e148	f361
455	d348	e173	f194
457	d216	e145	f215
459	d135	e289	f140
461	d387	e212	f106
463	d138	e328	f399
465	d110	e149	f116
467	d196	e399	f116
469	d384	e304	f328
471	d280	e368	f217
473	d393	e222	f132
475	d189	e273	f364
477	d212	e108	f380
479	d346	e279	f204
481	d173	e205	f331
483	d187	e284	f268
485	d133	e336	f326
487	d116	e313	f374
489	d286	e342	f202
491	d157	e165	f207
493	d240	e100	f146
495	d206	e364	f268
497	d280	e361	f193
499	d195	e216	f305
501	d344	e299	f246
503	d203	e219	f374
505	d135	e249	f316
507	d121	e196	f239
509	d247	e374	f116
511	d142	e184	f201
513	d291	e252	f359
515	d308	e152	f297
517	d386	e103	f295
519	d186	e232	f233
521	d397	e209	f232
523	d334	e347	f217
525	d366	e379	f369
527	d367	e178	f142
529	d355	e112	f396
531	d259	e364	f102
533	d361	e177	f248
535	d128	e272	f195
537	d364	e339	f278
539	d190	e241	f227
541	d230	e159	f230
543	d188	e321	f357
545	d366	e173	f165
547	d355	e303	f342
549	d237	e387	f324
551	d280	e359	f232
553	d304	e105	f343
555	d357	e111	f216
557	d360	e390	f345
559	d211	e316	f358
561	d168	e275	f254
563	d287	e152	f399
565	d140	e109	f107
567	d127	e389	f235
569	d154	e277	f256
571	d212	e240	f190
573	d354	e261	f107
575	d304	e187	f119
577	d313	e244	f103
579	d104	e327	f118
581	d143	e165	f388
583	d240	e247	f300
585	d111	e294	f287
587	d219	e212	f225
589	d271	e382	f298
591	d193	e335	f397
593	d361	e358	f300
595	d226	e329	f239
597	d211	e396	f131
599	d268	e130	f114
601	d228	e375	f128
603	d174	e169	f209
605	d194	e149	f389
607	d221	e198	f138
609	d246	e305	f389
611	d251	e147	f390
613	d165	e279	f119
615	d181	e178	f268
617	d222	e283	f343
619	d119	e383	f232
621	d356	e169	f265
623	d363	e228	f226
625	d304	e307	f279
627	d103	e119	f223
629	d322	e189	f288
631	d315	e132	f379
633	d363	e242	f140
635	d394	e141	f133
637	d169	e215	f196
639	d151	e189	f181
641	d259	e291	f165
643	d175	e342	f125
645	d303	e327	f367
647	d227	e204	f142
649	d225	e212	f114
651	d351	e127	f109
653	d135	e392	f258
655	d152	e354	f303
657	d143	e285	f341
659	d372	e210	f161
661	d387	e365	f339
663	d399	e262	f116
665	d160	e235	f225
667	d196	e297	f343
669	d219	e316	f339
671	d275	e371	f111
673	d203	e382	f398
675	d308	e264	f358
677	d296	e247	f216
679	d218	e244	f132
681	d206	e161	f373
683	d226	e303	f336
685	d310	e118	f116
687	d286	e200	f346
689	d169	e322	f121
691	d230	e161	f209
693	d121	e164	f270
695	d346	e346	f311
697	d234	e248	f181
699	d239	e183	f163
701	d320	e131	f324
703	d248	e320	f350
705	d187	e316	f320
707	d257	e147	f208
709	d347	e128	f319
711	d360	e249	f144
713	d375	e222	f210
715	d352	e158	f261
717	d374	e366	f332
719	d119	e127	f257
721	d182	e271	f177
723	d100	e202	f224
725	d158	e347	f298
727	d284	e175	f115
729	d119	e279	f334
731	d116	e228	f152
733	d383	e315	f381
735	d303	e276	f379
737	d165	e173	f250
739	d193	e274	f217
741	d333	e241	f178
743	d351	e133	f100
745	d251	e319	f391
747	d286	e115	f264
749	d286	e278	f277
751	d335	e395	f126
753	d263	e385	f130
755	d128	e179	f259
757	d154	e275	f291
759	d343	e380	f117
761	d356	e352	f231
763	d231	e198	f257
765	d373	e367	f273
767	d273	e328	f370
769	d170	e362	f199
771	d363	e188	f300
773	d196	e140	f389
775	d188	e295	f296
777	d355	e385	f134
779	d366	e215	f112
781	d185	e241	f382
783	d331	e398	f372
785	d390	e170	f240
787	d211	e337	f161
789	d227	e174	f202
791	d187	e257	f129
793	d192	e204	f246
795	d329	e175	f183
797	d125	e331	f284
799	d177	e178	f242
1001	d296	e173	f504
1003	d233	e272	f504
1005	d219	e277	f504
1007	d355	e234	f504
1009	d195	e154	f504
1011	d332	e307	f504
1013	d351	e193	f504
1015	d271	e189	f504
1017	d174	e129	f504
1019	d330	e183	f504
1021	d306	e270	f504
1023	d334	e326	f504
1025	d329	e321	f504
1027	d110	e392	f504
1029	d398	e211	f504
1031	d225	e306	f504
1033	d188	e172	f504
1035	d209	e260	f504
1037	d348	e378	f504
1039	d202	e367	f504
1041	d258	e264	f504
1043	d351	e340	f504
1045	d183	e264	f504
1047	d247	e368	f504
1049	d222	e253	f504
1051	d247	e178	f504
1053	d345	e397	f504
1055	d366	e385	f504
1057	d333	e214	f504
1059	d178	e146	f504
1061	d379	e390	f504
1063	d357	e154	f504
1065	d210	e140	f504
1067	d258	e351	f504
1069	d147	e349	f504
1071	d380	e305	f504
1073	d263	e352	f504
1075	d390	e237	f504
1077	d280	e390	f504
1079	d145	e372	f504
1081	d319	e155	f504
1083	d208	e129	f504
1085	d174	e291	f504
1087	d355	e378	f504
1089	d394	e363	f504
1091	d185	e336	f504
1093	d114	e216	f504
1095	d206	e149	f504
1097	d107	e324	f504
1099	d108	e383	f504
1101	d200	e120	f504
1103	d271	e272	f504
1105	d253	e131	f504
1107	d275	e206	f504
1109	d346	e190	f504
1111	d338	e376	f504
1113	d314	e340	f504
1115	d389	e397	f504
1117	d218	e301	f504
1119	d169	e386	f504
1121	d398	e138	f504
1123	d364	e252	f504
1125	d378	e262	f504
1127	d331	e212	f504
1129	d346	e307	f504
1131	d364	e201	f504
1133	d174	e262	f504
1135	d121	e177	f504
1137	d115	e116	f504
1139	d396	e357	f504
1141	d265	e124	f504
1143	d362	e281	f504
1145	d262	e282	f504
1147	d257	e205	f504
1149	d340	e169	f504
1151	d240	e157	f504
1153	d107	e234	f504
1155	d245	e309	f504
1157	d358	e289	f504
1159	d258	e138	f504
1161	d217	e107	f504
1163	d159	e143	f504
1165	d120	e243	f504
1167	d142	e326	f504
1169	d235	e161	f504
1171	d296	e331	f504
1173	d349	e107	f504
1175	d288	e214	f504
1177	d280	e274	f504
1179	d288	e320	f504
1181	d162	e199	f504
1183	d115	e241	f504
1185	d374	e313	f504
1187	d380	e236	f504
1189	d272	e214	f504
1191	d312	e315	f504
1193	d117	e224	f504
1195	d372	e161	f504
1197	d301	e368	f504
1199	d258	e214	f504
2000	d135	e222	f312
2001	d331	e362	f162
2002	d261	e151	f375
2003	d140	e288	f222
2004	d200	e372	f179
2005	d303	e233	f188
2006	d371	e366	f282
2007	d102	e347	f244
2008	d226	e345	f375
2009	d189	e138	f238
2010	d373	e318	f387
2011	d340	e103	f165
2012	d164	e110	f281
2013	d340	e264	f129
2014	d358	e344	f136
2015	d388	e261	f177
2016	d154	e126	f122
2017	d245	e284	f177
2018	d360	e378	f138
2019	d303	e217	f199
2020	d394	e204	f292
2021	d371	e336	f268
2022	d226	e384	f295
2023	d364	e130	f319
2024	d248	e291	f131
2025	d155	e316	f308
2026	d291	e281	f146
2027	d212	e363	f106
2028	d233	e326	f203
2029	d150	e135	f136
2030	d213	e139	f246
2031	d269	e382	f227
2032	d295	e196	f201
2033	d323	e216	f231
2034	d391	e370	f398
2035	d170	e298	f226
2036	d248	e357	f107
2037	d317	e114	f109
2038	d299	e168	f114
2039	d166	e122	f169
2040	d220	e361	f328
2041	d162	e226	f159
2042	d256	e260	f224
2043	d265	e126	f239
2044	d296	e240	f227
2045	d214	e388	f154
2046	d272	e230	f246
2047	d107	e151	f218
2048	d202	e229	f135
2049	d296	e389	f156
2050	d209	e188	f211
2051	d273	e187	f107
2052	d183	e308	f378
2053	d325	e223	f248
2054	d140	e311	f334
2055	d283	e193	f139
2056	d373	e101	f161
2057	d289	e314	f229
2058	d157	e343	f346
2059	d318	e309	f262
2060	d180	e255	f185
2061	d287	e166	f141
2062	d317	e138	f239
2063	d298	e170	f364
2064	d145	e195	f202
2065	d253	e228	f357
2066	d148	e135	f387
2067	d121	e158	f376
2068	d240	e302	f139
2069	d124	e138	f224
2070	d331	e192	f399
2071	d396	e394	f173
2072	d148	e267	f218
2073	d314	e230	f101
2074	d232	e107	f282
2075	d350	e299	f132
2076	d291	e324	f253
2077	d342	e163	f289
2078	d316	e185	f224
2079	d272	e366	f338
2080	d104	e275	f137
2081	d152	e105	f274
2082	d261	e319	f261
2083	d295	e343	f187
2084	d237	e137	f167
2085	d344	e254	f261
2086	d322	e166	f325
2087	d339	e310	f390
2088	d330	e393	f368
2089	d248	e266	f144
2090	d117	e178	f177
2091	d350	e256	f250
2092	d313	e215	f311
2093	d343	e344	f132
2094	d147	e306	f253
2095	d115	e187	f348
2096	d282	e384	f261
2097	d137	e204	f166
2098	d124	e338	f262
2099	d133	e174	f258
2100	d358	e302	f245
2101	d110	e281	f277
2102	d219	e263	f150
2103	d180	e263	f168
2104	d290	e249	f304
2105	d183	e100	f321
2106	d250	e270	f174
2107	d199	e171	f317
2108	d165	e300	f357
2109	d340	e284	f318
2110	d293	e110	f176
2111	d221	e351	f256
2112	d277	e313	f194
2113	d364	e300	f369
2114	d222	e306	f139
2115	d332	e333	f134
2116	d261	e296	f128
2117	d237	e123	f391
2118	d227	e363	f262
2119	d237	e224	f154
2120	d237	e354	f323
2121	d101	e336	f288
2122	d204	e163	f167
2123	d243	e197	f242
2124	d142	e146	f111
2125	d326	e166	f389
2126	d113	e326	f347
2127	d399	e141	f270
2128	d374	e277	f183
2129	d216	e240	f103
2130	d136	e284	f368
2131	d391	e364	f217
2132	d321	e398	f179
2133	d340	e311	f358
2134	d325	e189	f390
2135	d389	e346	f281
2136	d276	e277	f191
2137	d135	e115	f298
2138	d151	e257	f370
2139	d342	e308	f313
2140	d238	e290	f170
2141	d171	e242	f214
2142	d237	e165	f218
2143	d293	e265	f366
2144	d270	e318	f104
2145	d367	e143	f162
2146	d131	e345	f225
2147	d206	e332	f372
2148	d170	e156	f181
2149	d153	e281	f246
2150	d235	e387	f315
2151	d323	e168	f399
2152	d220	e316	f123
2153	d346	e118	f165
2154	d363	e239	f135
2155	d358	e236	f204
2156	d358	e219	f250
2157	d239	e101	f303
2158	d346	e186	f242
2159	d155	e262	f233
2160	d288	e155	f263
2161	d332	e190	f248
2162	d304	e184	f370
2163	d312	e284	f165
2164	d155	e286	f138
2165	d375	e384	f161
2166	d344	e239	f166
2167	d141	e307	f377
2168	d338	e373	f314
2169	d250	e148	f121
2170	d126	e172	f344
2171	d204	e184	f392
2172	d337	e268	f292
2173	d253	e100	f242
2174	d306	e299	f277
2175	d392	e285	f278
2176	d300	e106	f265
2177	d333	e374	f364
2178	d105	e371	f196
2179	d316	e161	f195
2180	d224	e253	f309
2181	d208	e168	f113
2182	d347	e338	f387
2183	d151	e213	f270
2184	d218	e178	f228
2185	d251	e294	f107
2186	d145	e294	f180
2187	d186	e161	f379
2188	d117	e294	f386
2189	d304	e388	f203
2190	d211	e240	f385
2191	d356	e146	f337
2192	d171	e245	f351
2193	d386	e174	f160
2194	d220	e131	f240
2195	d149	e331	f369
2196	d246	e328	f109
2197	d368	e180	f336
2198	d310	e112	f123
2199	d123	e264	f270
2200	d246	e119	f117
2201	d210	e348	f175
2202	d227	e335	f282
2203	d235	e275	f177
2204	d172	e203	f374
2205	d309	e361	f324
2206	d145	e108	f210
2207	d124	e333	f214
2208	d314	e372	f137
2209	d307	e351	f265
2210	d261	e236	f366
2211	d128	e220	f272
2212	d284	e341	f151
2213	d138	e381	f324
2214	d312	e220	f118
2215	d265	e298	f295
2216	d153	e126	f304
2217	d149	e109	f109
2218	d111	e206	f357
2219	d201	e160	f264
2220	d297	e216	f107
2221	d258	e215	f264
2222	d293	e127	f249
2223	d389	e214	f193
2224	d227	e254	f171
2225	d335	e331	f380
2226	d241	e125	f268
2227	d321	e285	f219
2228	d190	e285	f102
2229	d147	e197	f242
2230	d282	e241	f384
2231	d339	e246	f278
2232	d306	e118	f364
2233	d331	e244	f237
2234	d115	e201	f362
2235	d382	e193	f334
2236	d217	e201	f157
2237	d214	e109	f253
2238	d263	e139	f328
2239	d299	e216	f247
2240	d265	e294	f302
2241	d146	e331	f356
2242	d390	e380	f294
2243	d399	e103	f277
2244	d383	e239	f189
2245	d311	e314	f247
2246	d393	e269	f365
2247	d314	e270	f226
2248	d115	e121	f263
2249	d231	e215	f350
2250	d199	e228	f357
2251	d125	e122	f385
2252	d339	e153	f356
2253	d111	e255	f275
2254	d323	e344	f379
2255	d275	e104	f259
2256	d109	e292	f154
2257	d237	e194	f381
2258	d303	e282	f111
2259	d264	e191	f134
2260	d331	e116	f176
2261	d221	e314	f332
2262	d270	e283	f293
2263	d250	e100	f161
2264	d274	e312	f154
2265	d241	e212	f214
2266	d123	e152	f168
2267	d358	e395	f117
2268	d292	e195	f181
2269	d221	e381	f373
2270	d197	e331	f217
2271	d273	e376	f117
2272	d378	e282	f228
2273	d155	e111	f336
2274	d126	e255	f286
2275	d214	e317	f392
2276	d295	e362	f102
2277	d128	e109	f232
2278	d103	e186	f339
2279	d300	e278	f397
2280	d397	e309	f148
2281	d271	e226	f153
2282	d107	e143	f213
2283	d137	e260	f327
2284	d186	e372	f397
2285	d199	e156	f263
2286	d115	e210	f233
2287	d365	e177	f226
2288	d223	e280	f340
2289	d377	e273	f333
2290	d217	e305	f210
2291	d387	e295	f101
2292	d241	e179	f266
2293	d181	e157	f116
2294	d240	e287	f291
2295	d292	e195	f285
2296	d301	e339	f197
2297	d109	e158	f323
2298	d312	e287	f279
2299	d230	e353	f218
2300	d381	e330	f274
2301	d343	e177	f129
2302	d335	e120	f129
2303	d391	e175	f137
2304	d377	e259	f296
2305	d201	e291	f139
2306	d390	e208	f258
2307	d136	e355	f223
2308	d258	e389	f185
2309	d371	e305	f390
2310	d361	e310	f396
2311	d304	e348	f267
2312	d352	e370	f252
2313	d385	e301	f167
2314	d137	e364	f363
2315	d389	e302	f341
2316	d235	e322	f231
2317	d249	e199	f140
2318	d362	e188	f344
2319	d267	e335	f315
2320	d380	e192	f397
2321	d374	e101	f369
2322	d341	e215	f316
2323	d174	e208	f187
2324	d183	e356	f276
2325	d366	e261	f240
2326	d253	e193	f333
2327	d237	e225	f312
2328	d377	e238	f221
2329	d262	e392	f333
2330	d348	e370	f396
2331	d248	e290	f332
2332	d123	e319	f181
2333	d161	e236	f296
2334	d175	e333	f203
2335	d139	e305	f239
2336	d276	e272	f342
2337	d326	e213	f317
2338	d116	e241	f223
2339	d206	e337	f264
2340	d365	e356	f195
2341	d324	e281	f162
2342	d258	e388	f238
2343	d141	e195	f124
2344	d334	e299	f102
2345	d284	e375	f183
2346	d141	e273	f320
2347	d393	e333	f226
2348	d118	e314	f262
2349	d101	e229	f361
2350	d306	e269	f368
2351	d388	e258	f310
2352	d321	e182	f310
2353	d302	e174	f294
2354	d109	e258	f398
2355	d280	e384	f284
2356	d153	e143	f340
2357	d157	e320	f378
2358	d341	e227	f289
2359	d253	e256	f346
2360	d101	e285	f350
2361	d348	e342	f343
2362	d319	e334	f347
2363	d267	e369	f185
2364	d136	e186	f389
2365	d158	e101	f261
2366	d331	e246	f268
2367	d325	e154	f195
2368	d155	e287	f148
2369	d229	e230	f153
2370	d342	e293	f201
2371	d355	e294	f293
2372	d187	e289	f294
2373	d142	e393	f215
2374	d170	e254	f233
2375	d122	e344	f270
2376	d147	e290	f307
2377	d307	e274	f222
2378	d386	e295	f297
2379	d389	e101	f299
2380	d373	e343	f111
2381	d305	e277	f331
2382	d364	e119	f239
2383	d343	e244	f382
2384	d218	e365	f163
2385	d207	e165	f327
2386	d232	e293	f159
2387	d215	e184	f244
2388	d398	e225	f232
2389	d360	e274	f315
2390	d207	e282	f295
2391	d117	e242	f293
2392	d110	e100	f237
2393	d243	e257	f362
2394	d116	e184	f165
2395	d258	e336	f164
2396	d392	e106	f228
2397	d270	e132	f364
2398	d365	e148	f360
2399	d189	e318	f162
2400	d373	e192	f181
2401	d257	e344	f333
2402	d350	e222	f103
2403	d326	e193	f263
2404	d246	e362	f318
2405	d335	e362	f224
2406	d336	e329	f338
2407	d180	e143	f150
2408	d129	e326	f140
2409	d218	e191	f254
2410	d188	e300	f134
2411	d319	e176	f106
2412	d148	e170	f376
2413	d238	e200	f260
2414	d122	e364	f398
2415	d154	e147	f326
2416	d137	e327	f155
2417	d311	e210	f302
2418	d132	e363	f302
2419	d345	e139	f383
2420	d309	e156	f320
2421	d252	e278	f196
2422	d153	e264	f347
2423	d106	e345	f373
2424	d167	e171	f207
2425	d346	e179	f194
2426	d231	e103	f181
2427	d301	e330	f161
2428	d156	e333	f210
2429	d381	e244	f283
2430	d147	e138	f160
2431	d206	e354	f197
2432	d350	e366	f308
2433	d101	e335	f185
2434	d272	e358	f316
2435	d229	e150	f348
2436	d383	e167	f159
2437	d105	e140	f274
2438	d315	e200	f313
2439	d273	e197	f111
2440	d236	e164	f300
2441	d185	e182	f252
2442	d353	e180	f113
2443	d243	e324	f396
2444	d307	e374	f353
2445	d115	e300	f352
2446	d172	e335	f192
2447	d373	e147	f235
2448	d390	e229	f277
2449	d342	e223	f130
2450	d302	e132	f123
2451	d229	e117	f187
2452	d144	e187	f191
2453	d341	e152	f194
2454	d289	e174	f125
2455	d354	e246	f238
2456	d240	e353	f399
2457	d205	e336	f276
2458	d220	e276	f313
2459	d226	e314	f250
2460	d288	e208	f334
2461	d205	e289	f179
2462	d258	e376	f279
2463	d115	e248	f344
2464	d159	e374	f111
2465	d322	e317	f212
2466	d398	e219	f343
2467	d276	e391	f140
2468	d188	e394	f386
2469	d269	e205	f162
2470	d336	e119	f296
2471	d248	e327	f196
2472	d387	e111	f280
2473	d337	e260	f196
2474	d372	e213	f142
2475	d334	e237	f290
2476	d176	e396	f236
2477	d255	e366	f153
2478	d299	e327	f159
2479	d171	e140	f167
2480	d380	e344	f228
2481	d252	e217	f276
2482	d121	e103	f299
2483	d168	e180	f218
2484	d125	e278	f215
2485	d229	e149	f171
2486	d391	e199	f193
2487	d116	e188	f342
2488	d150	e284	f242
2489	d203	e393	f132
2490	d128	e371	f378
2491	d136	e251	f199
2492	d269	e353	f163
2493	d129	e180	f348
2494	d345	e120	f244
2495	d309	e395	f206
2496	d178	e281	f128
2497	d107	e181	f136
2498	d133	e199	f347
2499	d269	e275	f134
2500	d308	e232	f252
2501	d176	e213	f283
2502	d307	e398	f124
2503	d385	e154	f217
2504	d323	e132	f120
2505	d274	e315	f361
2506	d195	e214	f325
2507	d126	e158	f249
2508	d373	e222	f352
2509	d191	e335	f262
2510	d341	e288	f383
2511	d120	e175	f198
2512	d119	e223	f175
2513	d213	e140	f222
2514	d312	e144	f144
2515	d133	e120	f244
2516	d240	e213	f198
2517	d206	e109	f101
2518	d249	e111	f143
2519	d354	e384	f293
2520	d128	e309	f169
2521	d247	e183	f316
2522	d259	e364	f215
2523	d210	e262	f110
2524	d217	e300	f221
2525	d322	e192	f177
2526	d213	e399	f371
2527	d182	e251	f157
2528	d229	e321	f103
2529	d342	e140	f139
2530	d215	e320	f390
2531	d311	e171	f186
2532	d283	e302	f166
2533	d394	e365	f347
2534	d150	e370	f304
2535	d241	e202	f127
2536	d284	e116	f211
2537	d389	e262	f129
2538	d191	e339	f376
2539	d145	e334	f378
2540	d200	e322	f299
2541	d126	e118	f268
2542	d182	e170	f390
2543	d359	e326	f159
2544	d178	e282	f342
2545	d132	e122	f120
2546	d121	e167	f151
2547	d356	e375	f379
2548	d149	e256	f279
2549	d256	e223	f384
2550	d336	e272	f260
2551	d163	e117	f312
2552	d385	e274	f172
2553	d270	e324	f264
2554	d212	e127	f284
2555	d173	e310	f362
2556	d222	e369	f262
2557	d196	e396	f251
2558	d248	e349	f137
2559	d320	e163	f233
2560	d196	e366	f158
2561	d109	e288	f396
2562	d327	e349	f332
2563	d369	e191	f193
2564	d261	e168	f314
2565	d179	e135	f383
2566	d268	e248	f354
2567	d270	e134	f336
2568	d277	e383	f216
2569	d219	e130	f132
2570	d310	e113	f338
2571	d123	e233	f126
2572	d100	e251	f305
2573	d101	e107	f348
2574	d398	e164	f387
2575	d250	e369	f210
2576	d360	e210	f228
2577	d230	e320	f382
2578	d182	e236	f367
2579	d329	e399	f349
2580	d385	e120	f202
2581	d141	e366	f157
2582	d324	e357	f354
2583	d167	e172	f227
2584	d135	e254	f171
2585	d208	e244	f246
2586	d223	e150	f377
2587	d391	e145	f381
2588	d210	e364	f125
2589	d152	e207	f294
2590	d226	e155	f288
2591	d194	e342	f167
2592	d148	e290	f326
2593	d255	e111	f163
2594	d251	e132	f230
2595	d376	e323	f275
2596	d148	e314	f138
2597	d277	e388	f243
2598	d255	e172	f250
2599	d115	e245	f357
2600	d104	e282	f117
2601	d308	e168	f373
2602	d120	e109	f278
2603	d188	e181	f158
2604	d284	e194	f180
2605	d319	e397	f269
2606	d350	e340	f150
2607	d322	e246	f394
2608	d297	e139	f235
2609	d152	e222	f208
2610	d343	e321	f390
2611	d202	e129	f272
2612	d382	e353	f106
2613	d132	e264	f289
2614	d246	e216	f271
2615	d304	e196	f229
2616	d380	e262	f282
2617	d238	e278	f324
2618	d357	e140	f109
2619	d196	e191	f143
2620	d341	e171	f239
2621	d140	e100	f399
2622	d294	e257	f350
2623	d103	e130	f285
2624	d302	e386	f258
2625	d395	e325	f152
2626	d327	e170	f346
2627	d113	e197	f323
2628	d385	e242	f219
2629	d369	e390	f375
2630	d281	e350	f144
2631	d276	e366	f137
2632	d156	e334	f363
2633	d394	e146	f114
2634	d121	e397	f343
2635	d329	e201	f379
2636	d322	e132	f228
2637	d278	e146	f239
2638	d369	e128	f369
2639	d173	e131	f135
2640	d299	e164	f341
2641	d226	e208	f397
2642	d254	e158	f102
2643	d175	e232	f258
2644	d342	e187	f293
2645	d109	e117	f272
2646	d276	e157	f379
2647	d275	e380	f223
2648	d223	e333	f174
2649	d246	e322	f175
2650	d155	e216	f129
2651	d144	e234	f350
2652	d164	e316	f202
2653	d156	e314	f233
2654	d356	e280	f321
2655	d303	e107	f135
2656	d371	e369	f164
2657	d284	e179	f183
2658	d147	e198	f246
2659	d151	e140	f277
2660	d344	e263	f213
2661	d275	e327	f103
2662	d365	e390	f304
2663	d342	e386	f360
2664	d201	e200	f289
2665	d391	e219	f245
2666	d241	e266	f299
2667	d381	e355	f248
2668	d285	e231	f387
2669	d120	e297	f236
2670	d396	e191	f202
2671	d331	e204	f389
2672	d269	e280	f329
2673	d131	e181	f165
2674	d335	e183	f280
2675	d288	e278	f251
2676	d121	e325	f294
2677	d317	e125	f384
2678	d129	e143	f221
2679	d184	e265	f309
2680	d319	e264	f152
2681	d204	e169	f282
2682	d129	e199	f141
2683	d356	e375	f302
2684	d127	e373	f336
2685	d247	e258	f310
2686	d202	e392	f200
2687	d337	e172	f345
2688	d378	e372	f276
2689	d112	e360	f266
2690	d328	e126	f262
2691	d263	e237	f299
2692	d340	e347	f379
2693	d205	e384	f357
2694	d354	e247	f348
2695	d141	e378	f311
2696	d315	e176	f158
2697	d187	e347	f225
2698	d263	e351	f336
2699	d229	e159	f181
2700	d103	e270	f143
2701	d386	e295	f130
2702	d189	e138	f224
2703	d114	e255	f291
2704	d204	e390	f158
2705	d281	e152	f192
2706	d113	e164	f154
2707	d228	e210	f236
2708	d369	e242	f289
2709	d144	e394	f316
2710	d178	e249	f140
2711	d175	e218	f378
2712	d296	e174	f379
2713	d163	e278	f146
2714	d271	e149	f244
2715	d336	e255	f303
2716	d239	e272	f382
2717	d158	e116	f107
2718	d258	e125	f249
2719	d122	e306	f137
2720	d156	e311	f224
2721	d304	e337	f267
2722	d385	e365	f241
2723	d310	e367	f123
2724	d382	e130	f392
2725	d263	e230	f224
2726	d383	e291	f221
2727	d305	e331	f391
2728	d102	e267	f121
2729	d359	e374	f188
2730	d263	e166	f278
2731	d330	e303	f381
2732	d379	e314	f344
2733	d381	e264	f338
2734	d325	e397	f179
2735	d127	e384	f117
2736	d161	e358	f292
2737	d193	e118	f195
2738	d179	e256	f131
2739	d336	e354	f399
2740	d342	e189	f103
2741	d176	e129	f389
2742	d338	e273	f241
2743	d351	e322	f211
2744	d169	e362	f176
2745	d370	e139	f339
2746	d326	e253	f391
2747	d182	e342	f161
2748	d176	e192	f118
2749	d229	e362	f391
2750	d360	e330	f180
2751	d317	e195	f322
2752	d253	e195	f168
2753	d267	e302	f365
2754	d355	e147	f136
2755	d247	e376	f267
2756	d225	e344	f345
2757	d179	e343	f376
2758	d330	e146	f149
2759	d232	e197	f181
2760	d179	e253	f304
2761	d304	e127	f223
2762	d369	e300	f364
2763	d164	e385	f376
2764	d138	e351	f149
2765	d389	e393	f339
2766	d143	e118	f233
2767	d382	e268	f281
2768	d279	e180	f352
2769	d320	e134	f231
2770	d145	e151	f338
2771	d256	e226	f236
2772	d182	e178	f136
2773	d114	e210	f230
2774	d200	e309	f353
2775	d111	e260	f285
2776	d249	e201	f347
2777	d249	e220	f303
2778	d234	e346	f352
2779	d143	e197	f258
2780	d220	e396	f170
2781	d157	e296	f392
2782	d193	e156	f204
2783	d242	e226	f277
2784	d207	e298	f331
2785	d318	e309	f270
2786	d113	e314	f149
2787	d364	e296	f126
2788	d390	e191	f382
2789	d301	e138	f195
2790	d277	e194	f133
2791	d167	e245	f213
2792	d172	e278	f286
2793	d397	e138	f360
2794	d316	e280	f314
2795	d370	e230	f176
2796	d326	e298	f163
2797	d226	e277	f216
2798	d155	e367	f230
2799	d208	e289	f184
2800	d391	e379	f145
2801	d319	e376	f259
2802	d322	e100	f378
2803	d311	e227	f324
2804	d294	e259	f383
2805	d184	e386	f276
2806	d368	e164	f226
2807	d120	e100	f221
2808	d170	e296	f106
2809	d227	e240	f354
2810	d168	e224	f153
2811	d108	e324	f255
2812	d277	e362	f223
2813	d213	e247	f357
2814	d325	e289	f252
2815	d387	e294	f129
2816	d248	e245	f294
2817	d116	e231	f367
2818	d164	e149	f221
2819	d266	e272	f239
2820	d317	e226	f242
2821	d190	e313	f162
2822	d376	e283	f385
2823	d325	e208	f380
2824	d392	e136	f346
2825	d277	e155	f322
2826	d202	e335	f377
2827	d390	e169	f319
2828	d298	e242	f322
2829	d364	e385	f256
2830	d196	e180	f273
2831	d233	e123	f120
2832	d179	e274	f183
2833	d202	e179	f124
2834	d387	e303	f381
2835	d348	e222	f134
2836	d378	e215	f125
2837	d285	e151	f104
2838	d266	e291	f230
2839	d294	e213	f245
2840	d243	e307	f220
2841	d314	e137	f159
2842	d230	e258	f260
2843	d168	e359	f244
2844	d294	e188	f136
2845	d161	e285	f166
2846	d273	e135	f154
2847	d341	e302	f159
2848	d352	e232	f141
2849	d239	e328	f200
2850	d246	e321	f126
2851	d199	e298	f106
2852	d219	e382	f207
2853	d147	e128	f131
2854	d257	e123	f168
2855	d323	e387	f135
2856	d354	e371	f188
2857	d357	e123	f364
2858	d241	e342	f235
2859	d323	e280	f236
2860	d225	e159	f155
2861	d122	e248	f297
2862	d206	e355	f227
2863	d285	e377	f337
2864	d173	e339	f188
2865	d160	e386	f280
2866	d389	e139	f222
2867	d139	e288	f320
2868	d178	e136	f144
2869	d258	e112	f155
2870	d135	e148	f332
2871	d148	e185	f182
2872	d269	e113	f142
2873	d257	e123	f272
2874	d371	e269	f288
2875	d254	e334	f245
2876	d376	e221	f252
2877	d249	e255	f364
2878	d177	e141	f158
2879	d151	e206	f376
2880	d133	e291	f100
2881	d143	e287	f355
2882	d110	e338	f209
2883	d252	e209	f170
2884	d364	e149	f359
2885	d391	e213	f173
2886	d391	e202	f251
2887	d325	e280	f347
2888	d138	e116	f348
2889	d339	e307	f171
2890	d109	e390	f187
2891	d159	e371	f275
2892	d103	e176	f177
2893	d354	e188	f391
2894	d152	e156	f116
2895	d192	e126	f209
2896	d130	e225	f190
2897	d349	e360	f151
2898	d354	e100	f148
2899	d293	e376	f212
